Archive member included because of file (symbol)

D:\Users\Stoodio 2nd\AppData\Local\Temp\VMBuilds\GateXtal\Arduino_STM32-master_genericSTM32F103C\Release/core.a(exc.S.o)
                              (__exc_hardfault)
D:\Users\Stoodio 2nd\AppData\Local\Temp\VMBuilds\GateXtal\Arduino_STM32-master_genericSTM32F103C\Release/core.a(isrs.S.o)
                              (__stm32reservedexception7)
D:\Users\Stoodio 2nd\AppData\Local\Temp\VMBuilds\GateXtal\Arduino_STM32-master_genericSTM32F103C\Release/core.a(vector_table.S.o)
                              (__stm32_vector_table)
D:\Users\Stoodio 2nd\AppData\Local\Temp\VMBuilds\GateXtal\Arduino_STM32-master_genericSTM32F103C\Release/core.a(adc.c.o)
                              D:\Users\Stoodio 2nd\AppData\Local\Temp\VMBuilds\GateXtal\Arduino_STM32-master_genericSTM32F103C\Release\STM32ADC\STM32ADC.cpp.o (adc_set_extsel)
D:\Users\Stoodio 2nd\AppData\Local\Temp\VMBuilds\GateXtal\Arduino_STM32-master_genericSTM32F103C\Release/core.a(adc_f1.c.o)
                              D:\Users\Stoodio 2nd\AppData\Local\Temp\VMBuilds\GateXtal\Arduino_STM32-master_genericSTM32F103C\Release\STM32ADC\STM32ADC.cpp.o (adc_attach_interrupt)
D:\Users\Stoodio 2nd\AppData\Local\Temp\VMBuilds\GateXtal\Arduino_STM32-master_genericSTM32F103C\Release/core.a(dma.c.o)
                              D:\Users\Stoodio 2nd\AppData\Local\Temp\VMBuilds\GateXtal\Arduino_STM32-master_genericSTM32F103C\Release\STM32ADC\STM32ADC.cpp.o (dma_init)
D:\Users\Stoodio 2nd\AppData\Local\Temp\VMBuilds\GateXtal\Arduino_STM32-master_genericSTM32F103C\Release/core.a(dma_f1.c.o)
                              D:\Users\Stoodio 2nd\AppData\Local\Temp\VMBuilds\GateXtal\Arduino_STM32-master_genericSTM32F103C\Release\STM32ADC\STM32ADC.cpp.o (dma_set_num_transfers)
D:\Users\Stoodio 2nd\AppData\Local\Temp\VMBuilds\GateXtal\Arduino_STM32-master_genericSTM32F103C\Release/core.a(flash.c.o)
                              D:\Users\Stoodio 2nd\AppData\Local\Temp\VMBuilds\GateXtal\Arduino_STM32-master_genericSTM32F103C\Release\variant\boards.cpp.o (flash_set_latency)
D:\Users\Stoodio 2nd\AppData\Local\Temp\VMBuilds\GateXtal\Arduino_STM32-master_genericSTM32F103C\Release/core.a(gpio_f1.c.o)
                              D:\Users\Stoodio 2nd\AppData\Local\Temp\VMBuilds\GateXtal\Arduino_STM32-master_genericSTM32F103C\Release\variant\boards_setup.cpp.o (gpio_init_all)
D:\Users\Stoodio 2nd\AppData\Local\Temp\VMBuilds\GateXtal\Arduino_STM32-master_genericSTM32F103C\Release/core.a(nvic.c.o)
                              D:\Users\Stoodio 2nd\AppData\Local\Temp\VMBuilds\GateXtal\Arduino_STM32-master_genericSTM32F103C\Release\variant\boards.cpp.o (nvic_init)
D:\Users\Stoodio 2nd\AppData\Local\Temp\VMBuilds\GateXtal\Arduino_STM32-master_genericSTM32F103C\Release/core.a(rcc.c.o)
                              D:\Users\Stoodio 2nd\AppData\Local\Temp\VMBuilds\GateXtal\Arduino_STM32-master_genericSTM32F103C\Release\variant\boards.cpp.o (rcc_switch_sysclk)
D:\Users\Stoodio 2nd\AppData\Local\Temp\VMBuilds\GateXtal\Arduino_STM32-master_genericSTM32F103C\Release/core.a(rcc_f1.c.o)
                              D:\Users\Stoodio 2nd\AppData\Local\Temp\VMBuilds\GateXtal\Arduino_STM32-master_genericSTM32F103C\Release\variant\boards.cpp.o (rcc_configure_pll)
D:\Users\Stoodio 2nd\AppData\Local\Temp\VMBuilds\GateXtal\Arduino_STM32-master_genericSTM32F103C\Release/core.a(systick.c.o)
                              D:\Users\Stoodio 2nd\AppData\Local\Temp\VMBuilds\GateXtal\Arduino_STM32-master_genericSTM32F103C\Release\variant\boards.cpp.o (systick_init)
D:\Users\Stoodio 2nd\AppData\Local\Temp\VMBuilds\GateXtal\Arduino_STM32-master_genericSTM32F103C\Release/core.a(timer.c.o)
                              D:\Users\Stoodio 2nd\AppData\Local\Temp\VMBuilds\GateXtal\Arduino_STM32-master_genericSTM32F103C\Release\variant\boards.cpp.o (timer_foreach)
D:\Users\Stoodio 2nd\AppData\Local\Temp\VMBuilds\GateXtal\Arduino_STM32-master_genericSTM32F103C\Release/core.a(usart_f1.c.o)
                              D:\Users\Stoodio 2nd\AppData\Local\Temp\VMBuilds\GateXtal\Arduino_STM32-master_genericSTM32F103C\Release\variant\board.cpp.o (USART3)
D:\Users\Stoodio 2nd\AppData\Local\Temp\VMBuilds\GateXtal\Arduino_STM32-master_genericSTM32F103C\Release/core.a(usart_private.c.o)
                              D:\Users\Stoodio 2nd\AppData\Local\Temp\VMBuilds\GateXtal\Arduino_STM32-master_genericSTM32F103C\Release/core.a(usart_f1.c.o) (_usart_clock_freq)
D:\Users\Stoodio 2nd\AppData\Local\Temp\VMBuilds\GateXtal\Arduino_STM32-master_genericSTM32F103C\Release/core.a(util.c.o)
                              D:\Users\Stoodio 2nd\AppData\Local\Temp\VMBuilds\GateXtal\Arduino_STM32-master_genericSTM32F103C\Release/core.a(exc.S.o) (__error)
D:\Users\Stoodio 2nd\AppData\Local\Temp\VMBuilds\GateXtal\Arduino_STM32-master_genericSTM32F103C\Release/core.a(HardwareSerial.cpp.o)
[...]
Memory Configuration

Name             Origin             Length             Attributes
ram              0x20000000         0x00005000         xrw
rom              0x08002000         0x0001e000         xr
*default*        0x00000000         0xffffffff

Linker script and memory map

LOAD d:/users/stoodio 2nd/appdata/local/arduino15/packages/arduino/tools/arm-none-eabi-gcc/4.8.3-2014q1/bin/../lib/gcc/arm-none-eabi/4.8.3/armv7-m/crti.o
LOAD d:/users/stoodio 2nd/appdata/local/arduino15/packages/arduino/tools/arm-none-eabi-gcc/4.8.3-2014q1/bin/../lib/gcc/arm-none-eabi/4.8.3/armv7-m/crtbegin.o
LOAD d:/users/stoodio 2nd/appdata/local/arduino15/packages/arduino/tools/arm-none-eabi-gcc/4.8.3-2014q1/bin/../lib/gcc/arm-none-eabi/4.8.3/../../../../arm-none-eabi/lib/armv7-m/crt0.o
LOAD d:/users/stoodio 2nd/appdata/local/arduino15/packages/arduino/tools/arm-none-eabi-gcc/4.8.3-2014q1/bin/../lib/gcc/arm-none-eabi/4.8.3/armv7-m\libgcc.a
START GROUP
LOAD D:\Users\Stoodio 2nd\AppData\Local\Temp\VMBuilds\GateXtal\Arduino_STM32-master_genericSTM32F103C\Release\GateXtal.cpp.o
LOAD D:\Users\Stoodio 2nd\AppData\Local\Temp\VMBuilds\GateXtal\Arduino_STM32-master_genericSTM32F103C\Release\STM32ADC\STM32ADC.cpp.o
LOAD D:\Users\Stoodio 2nd\AppData\Local\Temp\VMBuilds\GateXtal\Arduino_STM32-master_genericSTM32F103C\Release\STM32ADC\utility\util_adc.c.o
LOAD D:\Users\Stoodio 2nd\AppData\Local\Temp\VMBuilds\GateXtal\Arduino_STM32-master_genericSTM32F103C\Release\EEPROM\flash_stm32.c.o
LOAD D:\Users\Stoodio 2nd\AppData\Local\Temp\VMBuilds\GateXtal\Arduino_STM32-master_genericSTM32F103C\Release\EEPROM\EEPROM.cpp.o
LOAD D:\Users\Stoodio 2nd\AppData\Local\Temp\VMBuilds\GateXtal\Arduino_STM32-master_genericSTM32F103C\Release\MIDI\MIDI.cpp.o
LOAD D:\Users\Stoodio 2nd\AppData\Local\Temp\VMBuilds\GateXtal\Arduino_STM32-master_genericSTM32F103C\Release\Mozzi-master\MozziGuts.cpp.o
LOAD D:\Users\Stoodio 2nd\AppData\Local\Temp\VMBuilds\GateXtal\Arduino_STM32-master_genericSTM32F103C\Release\Mozzi-master\mozzi_analog.cpp.o
LOAD D:\Users\Stoodio 2nd\AppData\Local\Temp\VMBuilds\GateXtal\Arduino_STM32-master_genericSTM32F103C\Release\Mozzi-master\mozzi_fixmath.cpp.o
LOAD D:\Users\Stoodio 2nd\AppData\Local\Temp\VMBuilds\GateXtal\Arduino_STM32-master_genericSTM32F103C\Release\Mozzi-master\mozzi_midi.cpp.o
LOAD D:\Users\Stoodio 2nd\AppData\Local\Temp\VMBuilds\GateXtal\Arduino_STM32-master_genericSTM32F103C\Release\Mozzi-master\mozzi_rand.cpp.o
LOAD D:\Users\Stoodio 2nd\AppData\Local\Temp\VMBuilds\GateXtal\Arduino_STM32-master_genericSTM32F103C\Release\Mozzi-master\mozzi_utils.cpp.o
LOAD D:\Users\Stoodio 2nd\AppData\Local\Temp\VMBuilds\GateXtal\Arduino_STM32-master_genericSTM32F103C\Release\Mozzi-master\twi_nonblock.cpp.o
LOAD D:\Users\Stoodio 2nd\AppData\Local\Temp\VMBuilds\GateXtal\Arduino_STM32-master_genericSTM32F103C\Release\Mozzi-master\utility\FrequencyTimer2.cpp.o
LOAD D:\Users\Stoodio 2nd\AppData\Local\Temp\VMBuilds\GateXtal\Arduino_STM32-master_genericSTM32F103C\Release\Mozzi-master\utility\TimerOne.cpp.o
LOAD D:\Users\Stoodio 2nd\AppData\Local\Temp\VMBuilds\GateXtal\Arduino_STM32-master_genericSTM32F103C\Release\Mozzi-master\utility\TimerZero.cpp.o
LOAD D:\Users\Stoodio 2nd\AppData\Local\Temp\VMBuilds\GateXtal\Arduino_STM32-master_genericSTM32F103C\Release\variant\board.cpp.o
LOAD D:\Users\Stoodio 2nd\AppData\Local\Temp\VMBuilds\GateXtal\Arduino_STM32-master_genericSTM32F103C\Release\variant\boards.cpp.o
LOAD D:\Users\Stoodio 2nd\AppData\Local\Temp\VMBuilds\GateXtal\Arduino_STM32-master_genericSTM32F103C\Release\variant\boards_setup.cpp.o
LOAD D:\Users\Stoodio 2nd\AppData\Local\Temp\VMBuilds\GateXtal\Arduino_STM32-master_genericSTM32F103C\Release\variant\start.S.o
LOAD D:\Users\Stoodio 2nd\AppData\Local\Temp\VMBuilds\GateXtal\Arduino_STM32-master_genericSTM32F103C\Release\variant\start_c.c.o
LOAD D:\Users\Stoodio 2nd\AppData\Local\Temp\VMBuilds\GateXtal\Arduino_STM32-master_genericSTM32F103C\Release\variant\syscalls.c.o
LOAD D:\Users\Stoodio 2nd\AppData\Local\Temp\VMBuilds\GateXtal\Arduino_STM32-master_genericSTM32F103C\Release/core.a
END GROUP
LOAD d:/users/stoodio 2nd/appdata/local/arduino15/packages/arduino/tools/arm-none-eabi-gcc/4.8.3-2014q1/bin/../lib/gcc/arm-none-eabi/4.8.3/../../../../arm-none-eabi/lib/armv7-m\libstdc++.a
LOAD d:/users/stoodio 2nd/appdata/local/arduino15/packages/arduino/tools/arm-none-eabi-gcc/4.8.3-2014q1/bin/../lib/gcc/arm-none-eabi/4.8.3/../../../../arm-none-eabi/lib/armv7-m\libm.a
START GROUP
LOAD d:/users/stoodio 2nd/appdata/local/arduino15/packages/arduino/tools/arm-none-eabi-gcc/4.8.3-2014q1/bin/../lib/gcc/arm-none-eabi/4.8.3/armv7-m\libgcc.a
LOAD d:/users/stoodio 2nd/appdata/local/arduino15/packages/arduino/tools/arm-none-eabi-gcc/4.8.3-2014q1/bin/../lib/gcc/arm-none-eabi/4.8.3/../../../../arm-none-eabi/lib/armv7-m\libc.a
END GROUP
LOAD d:/users/stoodio 2nd/appdata/local/arduino15/packages/arduino/tools/arm-none-eabi-gcc/4.8.3-2014q1/bin/../lib/gcc/arm-none-eabi/4.8.3/armv7-m/crtend.o
LOAD d:/users/stoodio 2nd/appdata/local/arduino15/packages/arduino/tools/arm-none-eabi-gcc/4.8.3-2014q1/bin/../lib/gcc/arm-none-eabi/4.8.3/armv7-m/crtn.o
START GROUP
LOAD d:/users/stoodio 2nd/appdata/local/arduino15/packages/arduino/tools/arm-none-eabi-gcc/4.8.3-2014q1/bin/../lib/gcc/arm-none-eabi/4.8.3/armv7-m\libgcc.a
LOAD d:/users/stoodio 2nd/appdata/local/arduino15/packages/arduino/tools/arm-none-eabi-gcc/4.8.3-2014q1/bin/../lib/gcc/arm-none-eabi/4.8.3/../../../../arm-none-eabi/lib/armv7-m\libc.a
LOAD d:/users/stoodio 2nd/appdata/local/arduino15/packages/arduino/tools/arm-none-eabi-gcc/4.8.3-2014q1/bin/../lib/gcc/arm-none-eabi/4.8.3/../../../../arm-none-eabi/lib/armv7-m\libm.a
END GROUP
START GROUP
LOAD d:/users/stoodio 2nd/appdata/local/arduino15/packages/arduino/tools/arm-none-eabi-gcc/4.8.3-2014q1/bin/../lib/gcc/arm-none-eabi/4.8.3/../../../../arm-none-eabi/lib/armv7-m\libnosys.a
END GROUP
                0x20005000                PROVIDE (__msp_init, (ORIGIN (ram) + 0x5000))
                0x080048ac                PROVIDE (__exc_reset, __start__)

.text           0x08002000     0x7f08
                0x08002000                __text_start__ = .
 *(.stm32.interrupt_vector)
 .stm32.interrupt_vector
                0x08002000       0xec D:\Users\Stoodio 2nd\AppData\Local\Temp\VMBuilds\GateXtal\Arduino_STM32-master_genericSTM32F103C\Release/core.a(vector_table.S.o)
                0x08002000                __stm32_vector_table
 *(.text .text.* .gnu.linkonce.t.*)
 .text          0x080020ec       0x54 d:/users/stoodio 2nd/appdata/local/arduino15/packages/arduino/tools/arm-none-eabi-gcc/4.8.3-2014q1/bin/../lib/gcc/arm-none-eabi/4.8.3/armv7-m/crtbegin.o
 .text._ZN4midi13MidiInterfaceI14HardwareSerialNS_15DefaultSettingsEED2Ev
                0x08002140        0x4 D:\Users\Stoodio 2nd\AppData\Local\Temp\VMBuilds\GateXtal\Arduino_STM32-master_genericSTM32F103C\Release\GateXtal.cpp.o
                0x08002140                midi::MidiInterface<HardwareSerial, midi::DefaultSettings>::~MidiInterface()
                0x08002140                midi::MidiInterface<HardwareSerial, midi::DefaultSettings>::~MidiInterface()
 .text._Z20handleMIDIClockStartv
                0x08002144       0x28 D:\Users\Stoodio 2nd\AppData\Local\Temp\VMBuilds\GateXtal\Arduino_STM32-master_genericSTM32F103C\Release\GateXtal.cpp.o
                0x08002144                handleMIDIClockStart()
 .text._Z13HandleNoteOffhh.part.18
                0x0800216c       0x44 D:\Users\Stoodio 2nd\AppData\Local\Temp\VMBuilds\GateXtal\Arduino_STM32-master_genericSTM32F103C\Release\GateXtal.cpp.o
 .text._Z16HandleDINNoteOffhhh
                0x080021b0       0x1c D:\Users\Stoodio 2nd\AppData\Local\Temp\VMBuilds\GateXtal\Arduino_STM32-master_genericSTM32F103C\Release\GateXtal.cpp.o
                0x080021b0                HandleDINNoteOff(unsigned char, unsigned char, unsigned char)
 .text._Z19handleMIDIClockStopv
                0x080021cc       0x44 D:\Users\Stoodio 2nd\AppData\Local\Temp\VMBuilds\GateXtal\Arduino_STM32-master_genericSTM32F103C\Release\GateXtal.cpp.o
                0x080021cc                handleMIDIClockStop()
 .text._Z12HandleNoteOnhh.part.16
                0x08002210       0xe0 D:\Users\Stoodio 2nd\AppData\Local\Temp\VMBuilds\GateXtal\Arduino_STM32-master_genericSTM32F103C\Release\GateXtal.cpp.o
 .text._Z15HandleDINNoteOnhhh
                0x080022f0       0x54 D:\Users\Stoodio 2nd\AppData\Local\Temp\VMBuilds\GateXtal\Arduino_STM32-master_genericSTM32F103C\Release\GateXtal.cpp.o
                0x080022f0                HandleDINNoteOn(unsigned char, unsigned char, unsigned char)
 .text._Z9setUpMidiv
                0x08002344       0x6c D:\Users\Stoodio 2nd\AppData\Local\Temp\VMBuilds\GateXtal\Arduino_STM32-master_genericSTM32F103C\Release\GateXtal.cpp.o
                0x08002344                setUpMidi()
 .text._Z5setupv
                0x080023b0      0x178 D:\Users\Stoodio 2nd\AppData\Local\Temp\VMBuilds\GateXtal\Arduino_STM32-master_genericSTM32F103C\Release\GateXtal.cpp.o
                0x080023b0                setup()
 .text._Z11updateAudiov
                0x08002528       0xc4 D:\Users\Stoodio 2nd\AppData\Local\Temp\VMBuilds\GateXtal\Arduino_STM32-master_genericSTM32F103C\Release\GateXtal.cpp.o
                0x08002528                updateAudio()
 .text._Z4loopv
                0x080025ec        0x4 D:\Users\Stoodio 2nd\AppData\Local\Temp\VMBuilds\GateXtal\Arduino_STM32-master_genericSTM32F103C\Release\GateXtal.cpp.o
                0x080025ec                loop()
 .text._Z13getKnobStatesv
                0x080025f0       0x68 D:\Users\Stoodio 2nd\AppData\Local\Temp\VMBuilds\GateXtal\Arduino_STM32-master_genericSTM32F103C\Release\GateXtal.cpp.o
                0x080025f0                getKnobStates()
 .text._Z13getButtStatesv
                0x08002658       0x44 D:\Users\Stoodio 2nd\AppData\Local\Temp\VMBuilds\GateXtal\Arduino_STM32-master_genericSTM32F103C\Release\GateXtal.cpp.o
                0x08002658                getButtStates()
 .text._Z15handlePageButtsv
                0x0800269c       0xdc D:\Users\Stoodio 2nd\AppData\Local\Temp\VMBuilds\GateXtal\Arduino_STM32-master_genericSTM32F103C\Release\GateXtal.cpp.o
                0x0800269c                handlePageButts()
 .text._Z11handleKnob1v
                0x08002778      0x12c D:\Users\Stoodio 2nd\AppData\Local\Temp\VMBuilds\GateXtal\Arduino_STM32-master_genericSTM32F103C\Release\GateXtal.cpp.o
                0x08002778                handleKnob1()
 .text._Z11handleKnob2v
                0x080028a4       0xf8 D:\Users\Stoodio 2nd\AppData\Local\Temp\VMBuilds\GateXtal\Arduino_STM32-master_genericSTM32F103C\Release\GateXtal.cpp.o
                0x080028a4                handleKnob2()
 .text._Z16handleInternalCVv
                0x0800299c      0x398 D:\Users\Stoodio 2nd\AppData\Local\Temp\VMBuilds\GateXtal\Arduino_STM32-master_genericSTM32F103C\Release\GateXtal.cpp.o
                0x0800299c                handleInternalCV()
 .text._Z6legatoh
                0x08002d34       0x70 D:\Users\Stoodio 2nd\AppData\Local\Temp\VMBuilds\GateXtal\Arduino_STM32-master_genericSTM32F103C\Release\GateXtal.cpp.o
                0x08002d34                legato(unsigned char)
 .text._Z11seqPlaySteph
                0x08002da4       0x60 D:\Users\Stoodio 2nd\AppData\Local\Temp\VMBuilds\GateXtal\Arduino_STM32-master_genericSTM32F103C\Release\GateXtal.cpp.o
                0x08002da4                seqPlayStep(unsigned char)
 .text._Z12playNextStepv
                0x08002e04       0x28 D:\Users\Stoodio 2nd\AppData\Local\Temp\VMBuilds\GateXtal\Arduino_STM32-master_genericSTM32F103C\Release\GateXtal.cpp.o
                0x08002e04                playNextStep()
 .text._Z16handleArcadeButtv
                0x08002e2c       0xe8 D:\Users\Stoodio 2nd\AppData\Local\Temp\VMBuilds\GateXtal\Arduino_STM32-master_genericSTM32F103C\Release\GateXtal.cpp.o
                0x08002e2c                handleArcadeButt()
 .text._Z20handleMidiClockTicksv
                0x08002f14       0x70 D:\Users\Stoodio 2nd\AppData\Local\Temp\VMBuilds\GateXtal\Arduino_STM32-master_genericSTM32F103C\Release\GateXtal.cpp.o
                0x08002f14                handleMidiClockTicks()
 .text._Z15handleMIDIClockv
                0x08002f84       0x10 D:\Users\Stoodio 2nd\AppData\Local\Temp\VMBuilds\GateXtal\Arduino_STM32-master_genericSTM32F103C\Release\GateXtal.cpp.o
                0x08002f84                handleMIDIClock()
 .text._Z12setWriteNoteh
                0x08002f94       0x90 D:\Users\Stoodio 2nd\AppData\Local\Temp\VMBuilds\GateXtal\Arduino_STM32-master_genericSTM32F103C\Release\GateXtal.cpp.o
                0x08002f94                setWriteNote(unsigned char)
 .text._Z11handleKnob3v
                0x08003024       0xcc D:\Users\Stoodio 2nd\AppData\Local\Temp\VMBuilds\GateXtal\Arduino_STM32-master_genericSTM32F103C\Release\GateXtal.cpp.o
                0x08003024                handleKnob3()
 .text._Z5debugv
                0x080030f0       0x80 D:\Users\Stoodio 2nd\AppData\Local\Temp\VMBuilds\GateXtal\Arduino_STM32-master_genericSTM32F103C\Release\GateXtal.cpp.o
                0x080030f0                debug()
 .text._Z11setWaveFormh
                0x08003170       0x84 D:\Users\Stoodio 2nd\AppData\Local\Temp\VMBuilds\GateXtal\Arduino_STM32-master_genericSTM32F103C\Release\GateXtal.cpp.o
                0x08003170                setWaveForm(unsigned char)
 .text._Z11handleKnob4v
                0x080031f4      0x104 D:\Users\Stoodio 2nd\AppData\Local\Temp\VMBuilds\GateXtal\Arduino_STM32-master_genericSTM32F103C\Release\GateXtal.cpp.o
                0x080031f4                handleKnob4()
 .text._ZN4midi13MidiInterfaceI14HardwareSerialNS_15DefaultSettingsEE5parseEv
                0x080032f8      0x4b8 D:\Users\Stoodio 2nd\AppData\Local\Temp\VMBuilds\GateXtal\Arduino_STM32-master_genericSTM32F103C\Release\GateXtal.cpp.o
                0x080032f8                midi::MidiInterface<HardwareSerial, midi::DefaultSettings>::parse()
 .text._ZN4midi13MidiInterfaceI14HardwareSerialNS_15DefaultSettingsEE14launchCallbackEv
                0x080037b0      0x18c D:\Users\Stoodio 2nd\AppData\Local\Temp\VMBuilds\GateXtal\Arduino_STM32-master_genericSTM32F103C\Release\GateXtal.cpp.o
                0x080037b0                midi::MidiInterface<HardwareSerial, midi::DefaultSettings>::launchCallback()
 .text._ZN4midi13MidiInterfaceI14HardwareSerialNS_15DefaultSettingsEE4sendENS_8MidiTypeEhhh
                0x0800393c       0x9c D:\Users\Stoodio 2nd\AppData\Local\Temp\VMBuilds\GateXtal\Arduino_STM32-master_genericSTM32F103C\Release\GateXtal.cpp.o
                0x0800393c                midi::MidiInterface<HardwareSerial, midi::DefaultSettings>::send(midi::MidiType, unsigned char, unsigned char, unsigned char)
 .text._ZN4midi13MidiInterfaceI14HardwareSerialNS_15DefaultSettingsEE10thruFilterEh
                0x080039d8      0x190 D:\Users\Stoodio 2nd\AppData\Local\Temp\VMBuilds\GateXtal\Arduino_STM32-master_genericSTM32F103C\Release\GateXtal.cpp.o
                0x080039d8                midi::MidiInterface<HardwareSerial, midi::DefaultSettings>::thruFilter(unsigned char)
 .text._Z13updateControlv
                0x08003b68       0xa8 D:\Users\Stoodio 2nd\AppData\Local\Temp\VMBuilds\GateXtal\Arduino_STM32-master_genericSTM32F103C\Release\GateXtal.cpp.o
                0x08003b68                updateControl()
 .text.startup._GLOBAL__sub_I_debugToggle
                0x08003c10       0xa8 D:\Users\Stoodio 2nd\AppData\Local\Temp\VMBuilds\GateXtal\Arduino_STM32-master_genericSTM32F103C\Release\GateXtal.cpp.o
 .text._ZN8STM32ADCC2EP7adc_dev
                0x08003cb8        0x4 D:\Users\Stoodio 2nd\AppData\Local\Temp\VMBuilds\GateXtal\Arduino_STM32-master_genericSTM32F103C\Release\STM32ADC\STM32ADC.cpp.o
                0x08003cb8                STM32ADC::STM32ADC(adc_dev*)
                0x08003cb8                STM32ADC::STM32ADC(adc_dev*)
 .text._ZN8STM32ADC7getDataEv
                0x08003cbc        0x8 D:\Users\Stoodio 2nd\AppData\Local\Temp\VMBuilds\GateXtal\Arduino_STM32-master_genericSTM32F103C\Release\STM32ADC\STM32ADC.cpp.o
                0x08003cbc                STM32ADC::getData()
 .text._ZN8STM32ADC13setSampleRateE12adc_smp_rate
                0x08003cc4        0x8 D:\Users\Stoodio 2nd\AppData\Local\Temp\VMBuilds\GateXtal\Arduino_STM32-master_genericSTM32F103C\Release\STM32ADC\STM32ADC.cpp.o
                0x08003cc4                STM32ADC::setSampleRate(adc_smp_rate)
 .text._ZN8STM32ADC15attachInterruptEPFvvEh
                0x08003ccc        0xc D:\Users\Stoodio 2nd\AppData\Local\Temp\VMBuilds\GateXtal\Arduino_STM32-master_genericSTM32F103C\Release\STM32ADC\STM32ADC.cpp.o
                0x08003ccc                STM32ADC::attachInterrupt(void (*)(), unsigned char)
 .text._ZN8STM32ADC7setPinsEPhh
                0x08003cd8       0xe0 D:\Users\Stoodio 2nd\AppData\Local\Temp\VMBuilds\GateXtal\Arduino_STM32-master_genericSTM32F103C\Release\STM32ADC\STM32ADC.cpp.o
                0x08003cd8                STM32ADC::setPins(unsigned char*, unsigned char)
 .text._ZN8STM32ADC15startConversionEv
                0x08003db8       0x10 D:\Users\Stoodio 2nd\AppData\Local\Temp\VMBuilds\GateXtal\Arduino_STM32-master_genericSTM32F103C\Release\STM32ADC\STM32ADC.cpp.o
                0x08003db8                STM32ADC::startConversion()
 .text._ZN8STM32ADC9calibrateEv
                0x08003dc8        0x8 D:\Users\Stoodio 2nd\AppData\Local\Temp\VMBuilds\GateXtal\Arduino_STM32-master_genericSTM32F103C\Release\STM32ADC\STM32ADC.cpp.o
                0x08003dc8                STM32ADC::calibrate()
 .text.FLASH_GetStatus
                0x08003dd0       0x34 D:\Users\Stoodio 2nd\AppData\Local\Temp\VMBuilds\GateXtal\Arduino_STM32-master_genericSTM32F103C\Release\EEPROM\flash_stm32.c.o
                0x08003dd0                FLASH_GetStatus
 .text.FLASH_WaitForLastOperation
                0x08003e04       0x48 D:\Users\Stoodio 2nd\AppData\Local\Temp\VMBuilds\GateXtal\Arduino_STM32-master_genericSTM32F103C\Release\EEPROM\flash_stm32.c.o
                0x08003e04                FLASH_WaitForLastOperation
 .text.FLASH_ErasePage
                0x08003e4c       0x48 D:\Users\Stoodio 2nd\AppData\Local\Temp\VMBuilds\GateXtal\Arduino_STM32-master_genericSTM32F103C\Release\EEPROM\flash_stm32.c.o
                0x08003e4c                FLASH_ErasePage
 .text.FLASH_ProgramHalfWord
                0x08003e94       0x54 D:\Users\Stoodio 2nd\AppData\Local\Temp\VMBuilds\GateXtal\Arduino_STM32-master_genericSTM32F103C\Release\EEPROM\flash_stm32.c.o
                0x08003e94                FLASH_ProgramHalfWord
 .text.FLASH_Unlock
                0x08003ee8       0x18 D:\Users\Stoodio 2nd\AppData\Local\Temp\VMBuilds\GateXtal\Arduino_STM32-master_genericSTM32F103C\Release\EEPROM\flash_stm32.c.o
                0x08003ee8                FLASH_Unlock
 .text._ZN11EEPROMClass12EE_CheckPageEmt
                0x08003f00       0x44 D:\Users\Stoodio 2nd\AppData\Local\Temp\VMBuilds\GateXtal\Arduino_STM32-master_genericSTM32F103C\Release\EEPROM\EEPROM.cpp.o
                0x08003f00                EEPROMClass::EE_CheckPage(unsigned long, unsigned short)
 .text._ZN11EEPROMClass12EE_ErasePageEm
                0x08003f44       0x48 D:\Users\Stoodio 2nd\AppData\Local\Temp\VMBuilds\GateXtal\Arduino_STM32-master_genericSTM32F103C\Release\EEPROM\EEPROM.cpp.o
                0x08003f44                EEPROMClass::EE_ErasePage(unsigned long)
 .text._ZN11EEPROMClass17EE_CheckErasePageEmt
                0x08003f8c       0x2c D:\Users\Stoodio 2nd\AppData\Local\Temp\VMBuilds\GateXtal\Arduino_STM32-master_genericSTM32F103C\Release\EEPROM\EEPROM.cpp.o
                0x08003f8c                EEPROMClass::EE_CheckErasePage(unsigned long, unsigned short)
 .text._ZN11EEPROMClass15EE_PageTransferEmmt
                0x08003fb8       0xc8 D:\Users\Stoodio 2nd\AppData\Local\Temp\VMBuilds\GateXtal\Arduino_STM32-master_genericSTM32F103C\Release\EEPROM\EEPROM.cpp.o
                0x08003fb8                EEPROMClass::EE_PageTransfer(unsigned long, unsigned long, unsigned short)
 .text._ZN11EEPROMClass6formatEv
                0x08004080       0x40 D:\Users\Stoodio 2nd\AppData\Local\Temp\VMBuilds\GateXtal\Arduino_STM32-master_genericSTM32F103C\Release\EEPROM\EEPROM.cpp.o
                0x08004080                EEPROMClass::format()
 .text._ZN11EEPROMClass4initEv
                0x080040c0       0xf8 D:\Users\Stoodio 2nd\AppData\Local\Temp\VMBuilds\GateXtal\Arduino_STM32-master_genericSTM32F103C\Release\EEPROM\EEPROM.cpp.o
                0x080040c0                EEPROMClass::init()
 .text._ZN11EEPROMClass4readEtPt
                0x080041b8       0x8c D:\Users\Stoodio 2nd\AppData\Local\Temp\VMBuilds\GateXtal\Arduino_STM32-master_genericSTM32F103C\Release\EEPROM\EEPROM.cpp.o
                0x080041b8                EEPROMClass::read(unsigned short, unsigned short*)
 .text._ZN11EEPROMClass4readEt
                0x08004244       0x18 D:\Users\Stoodio 2nd\AppData\Local\Temp\VMBuilds\GateXtal\Arduino_STM32-master_genericSTM32F103C\Release\EEPROM\EEPROM.cpp.o
                0x08004244                EEPROMClass::read(unsigned short)
 .text.startup._GLOBAL__sub_I__ZN11EEPROMClass12EE_CheckPageEmt
                0x0800425c       0x28 D:\Users\Stoodio 2nd\AppData\Local\Temp\VMBuilds\GateXtal\Arduino_STM32-master_genericSTM32F103C\Release\EEPROM\EEPROM.cpp.o
 .text._ZL24updateControlWithAutoADCv
                0x08004284       0x10 D:\Users\Stoodio 2nd\AppData\Local\Temp\VMBuilds\GateXtal\Arduino_STM32-master_genericSTM32F103C\Release\Mozzi-master\MozziGuts.cpp.o
 .text._ZL14pwmAudioOutputv
                0x08004294       0x38 D:\Users\Stoodio 2nd\AppData\Local\Temp\VMBuilds\GateXtal\Arduino_STM32-master_genericSTM32F103C\Release\Mozzi-master\MozziGuts.cpp.o
 .text._Z9audioHookv
                0x080042cc       0x4c D:\Users\Stoodio 2nd\AppData\Local\Temp\VMBuilds\GateXtal\Arduino_STM32-master_genericSTM32F103C\Release\Mozzi-master\MozziGuts.cpp.o
                0x080042cc                audioHook()
 .text._Z10startMozzii
                0x08004318       0xbc D:\Users\Stoodio 2nd\AppData\Local\Temp\VMBuilds\GateXtal\Arduino_STM32-master_genericSTM32F103C\Release\Mozzi-master\MozziGuts.cpp.o
                0x08004318                startMozzi(int)
 .text._Z11mozziMicrosv
                0x080043d4       0x18 D:\Users\Stoodio 2nd\AppData\Local\Temp\VMBuilds\GateXtal\Arduino_STM32-master_genericSTM32F103C\Release\Mozzi-master\MozziGuts.cpp.o
                0x080043d4                mozziMicros()
 .text.startup._GLOBAL__sub_I_adc
                0x080043ec       0x54 D:\Users\Stoodio 2nd\AppData\Local\Temp\VMBuilds\GateXtal\Arduino_STM32-master_genericSTM32F103C\Release\Mozzi-master\MozziGuts.cpp.o
 .text._Z19setupFastAnalogReada
                0x08004440       0x24 D:\Users\Stoodio 2nd\AppData\Local\Temp\VMBuilds\GateXtal\Arduino_STM32-master_genericSTM32F103C\Release\Mozzi-master\mozzi_analog.cpp.o
                0x08004440                setupFastAnalogRead(signed char)
 .text._Z13setupMozziADCa
                0x08004464       0x28 D:\Users\Stoodio 2nd\AppData\Local\Temp\VMBuilds\GateXtal\Arduino_STM32-master_genericSTM32F103C\Release\Mozzi-master\mozzi_analog.cpp.o
                0x08004464                setupMozziADC(signed char)
 .text._Z18adcStartConversionh
                0x0800448c       0x24 D:\Users\Stoodio 2nd\AppData\Local\Temp\VMBuilds\GateXtal\Arduino_STM32-master_genericSTM32F103C\Release\Mozzi-master\mozzi_analog.cpp.o
                0x0800448c                adcStartConversion(unsigned char)
 .text._Z23adcReadSelectedChannelsv
                0x080044b0       0x44 D:\Users\Stoodio 2nd\AppData\Local\Temp\VMBuilds\GateXtal\Arduino_STM32-master_genericSTM32F103C\Release\Mozzi-master\mozzi_analog.cpp.o
                0x080044b0                adcReadSelectedChannels()
 .text._Z17adcStartReadCyclev
                0x080044f4       0x24 D:\Users\Stoodio 2nd\AppData\Local\Temp\VMBuilds\GateXtal\Arduino_STM32-master_genericSTM32F103C\Release\Mozzi-master\mozzi_analog.cpp.o
                0x080044f4                adcStartReadCycle()
 .text._Z15mozziAnalogReadh
                0x08004518       0x20 D:\Users\Stoodio 2nd\AppData\Local\Temp\VMBuilds\GateXtal\Arduino_STM32-master_genericSTM32F103C\Release\Mozzi-master\mozzi_analog.cpp.o
                0x08004518                mozziAnalogRead(unsigned char)
 .text._Z21startSecondControlADCv
                0x08004538       0x20 D:\Users\Stoodio 2nd\AppData\Local\Temp\VMBuilds\GateXtal\Arduino_STM32-master_genericSTM32F103C\Release\Mozzi-master\mozzi_analog.cpp.o
                0x08004538                startSecondControlADC()
 .text._Z21stm32_adc_eoc_handlerv
                0x08004558       0x40 D:\Users\Stoodio 2nd\AppData\Local\Temp\VMBuilds\GateXtal\Arduino_STM32-master_genericSTM32F103C\Release\Mozzi-master\mozzi_analog.cpp.o
                0x08004558                stm32_adc_eoc_handler()
 .text.startup._GLOBAL__sub_I__Z19setupFastAnalogReada
                0x08004598       0x10 D:\Users\Stoodio 2nd\AppData\Local\Temp\VMBuilds\GateXtal\Arduino_STM32-master_genericSTM32F103C\Release\Mozzi-master\mozzi_analog.cpp.o
 .text._Z4mtoff
                0x080045a8       0x50 D:\Users\Stoodio 2nd\AppData\Local\Temp\VMBuilds\GateXtal\Arduino_STM32-master_genericSTM32F103C\Release\Mozzi-master\mozzi_midi.cpp.o
                0x080045a8                mtof(float)
 .text._Z10xorshift96v
                0x080045f8       0x38 D:\Users\Stoodio 2nd\AppData\Local\Temp\VMBuilds\GateXtal\Arduino_STM32-master_genericSTM32F103C\Release\Mozzi-master\mozzi_rand.cpp.o
                0x080045f8                xorshift96()
 .text._Z4randii
                0x08004630       0x18 D:\Users\Stoodio 2nd\AppData\Local\Temp\VMBuilds\GateXtal\Arduino_STM32-master_genericSTM32F103C\Release\Mozzi-master\mozzi_rand.cpp.o
                0x08004630                rand(int, int)
 .text._Z9boardInitv
                0x08004648        0x4 D:\Users\Stoodio 2nd\AppData\Local\Temp\VMBuilds\GateXtal\Arduino_STM32-master_genericSTM32F103C\Release\variant\board.cpp.o
                0x08004648                boardInit()
 .text.startup._GLOBAL__sub_I__Z9boardInitv
                0x0800464c       0x48 D:\Users\Stoodio 2nd\AppData\Local\Temp\VMBuilds\GateXtal\Arduino_STM32-master_genericSTM32F103C\Release\variant\board.cpp.o
 .text._ZL18adc_default_configP7adc_dev
                0x08004694       0x1c D:\Users\Stoodio 2nd\AppData\Local\Temp\VMBuilds\GateXtal\Arduino_STM32-master_genericSTM32F103C\Release\variant\boards.cpp.o
 .text._ZL20timer_default_configP9timer_dev
                0x080046b0       0xa8 D:\Users\Stoodio 2nd\AppData\Local\Temp\VMBuilds\GateXtal\Arduino_STM32-master_genericSTM32F103C\Release\variant\boards.cpp.o
 .text._Z4initv
                0x08004758       0xbc D:\Users\Stoodio 2nd\AppData\Local\Temp\VMBuilds\GateXtal\Arduino_STM32-master_genericSTM32F103C\Release\variant\boards.cpp.o
                0x08004758                init()
 .text._ZN6wirish4priv15board_reset_pllEv
                0x08004814        0x4 D:\Users\Stoodio 2nd\AppData\Local\Temp\VMBuilds\GateXtal\Arduino_STM32-master_genericSTM32F103C\Release\variant\boards_setup.cpp.o
                0x08004814                wirish::priv::board_reset_pll()
 .text._ZN6wirish4priv28board_setup_clock_prescalersEv
                0x08004818       0x30 D:\Users\Stoodio 2nd\AppData\Local\Temp\VMBuilds\GateXtal\Arduino_STM32-master_genericSTM32F103C\Release\variant\boards_setup.cpp.o
                0x08004818                wirish::priv::board_setup_clock_prescalers()
 .text._ZN6wirish4priv16board_setup_gpioEv
                0x08004848        0x4 D:\Users\Stoodio 2nd\AppData\Local\Temp\VMBuilds\GateXtal\Arduino_STM32-master_genericSTM32F103C\Release\variant\boards_setup.cpp.o
                0x08004848                wirish::priv::board_setup_gpio()
 .text._ZN6wirish4priv15board_setup_usbEv
                0x0800484c       0x5c D:\Users\Stoodio 2nd\AppData\Local\Temp\VMBuilds\GateXtal\Arduino_STM32-master_genericSTM32F103C\Release\variant\boards_setup.cpp.o
                0x0800484c                wirish::priv::board_setup_usb()
 .text._ZN6wirish4priv11series_initEv
                0x080048a8        0x4 D:\Users\Stoodio 2nd\AppData\Local\Temp\VMBuilds\GateXtal\Arduino_STM32-master_genericSTM32F103C\Release\variant\boards_setup.cpp.o
                0x080048a8                wirish::priv::series_init()
 .text          0x080048ac       0x10 D:\Users\Stoodio 2nd\AppData\Local\Temp\VMBuilds\GateXtal\Arduino_STM32-master_genericSTM32F103C\Release\variant\start.S.o
                0x080048ac                __start__
 .text.start_c  0x080048bc       0x78 D:\Users\Stoodio 2nd\AppData\Local\Temp\VMBuilds\GateXtal\Arduino_STM32-master_genericSTM32F103C\Release\variant\start_c.c.o
                0x080048bc                start_c
 .text._exit    0x08004934        0x4 D:\Users\Stoodio 2nd\AppData\Local\Temp\VMBuilds\GateXtal\Arduino_STM32-master_genericSTM32F103C\Release\variant\syscalls.c.o
                0x08004934                _exit
 *fill*         0x08004938        0x8 
 .text          0x08004940       0x60 D:\Users\Stoodio 2nd\AppData\Local\Temp\VMBuilds\GateXtal\Arduino_STM32-master_genericSTM32F103C\Release/core.a(exc.S.o)
                0x08004940                __exc_nmi
                0x08004944                __exc_hardfault
                0x08004948                __exc_memmanage
                0x0800494c                __exc_busfault
                0x08004950                __exc_usagefault
 .text          0x080049a0        0x2 D:\Users\Stoodio 2nd\AppData\Local\Temp\VMBuilds\GateXtal\Arduino_STM32-master_genericSTM32F103C\Release/core.a(isrs.S.o)
                0x080049a0                __stm32reservedexception9
                0x080049a0                __irq_i2c2_er
                0x080049a0                __irq_i2c1_er
                0x080049a0                __exc_debug_monitor
                0x080049a0                __exc_svc
                0x080049a0                __irq_exti0
                0x080049a0                __irq_can_rx1
                0x080049a0                __irq_spi2
                0x080049a0                __irq_can_sce
                0x080049a0                __irq_exti2
                0x080049a0                __irq_exti3
                0x080049a0                __irq_exti9_5
                0x080049a0                __irq_pvd
                0x080049a0                __irq_tamper
                0x080049a0                __default_handler
                0x080049a0                __irq_wwdg
                0x080049a0                __stm32reservedexception10
                0x080049a0                __irq_flash
                0x080049a0                __irq_i2c2_ev
                0x080049a0                __stm32reservedexception13
                0x080049a0                __irq_rtc
                0x080049a0                __irq_spi1
                0x080049a0                __stm32reservedexception7
                0x080049a0                __irq_usb_hp_can_tx
                0x080049a0                __irq_exti15_10
                0x080049a0                __irq_exti4
                0x080049a0                __irq_rtcalarm
                0x080049a0                __stm32reservedexception8
                0x080049a0                __exc_pendsv
                0x080049a0                __irq_i2c1_ev
                0x080049a0                __irq_usbwakeup
                0x080049a0                __irq_exti1
                0x080049a0                __irq_rcc
 *fill*         0x080049a2        0x2 
 .text.adc_init
                0x080049a4       0x14 D:\Users\Stoodio 2nd\AppData\Local\Temp\VMBuilds\GateXtal\Arduino_STM32-master_genericSTM32F103C\Release/core.a(adc.c.o)
                0x080049a4                adc_init
 .text.adc_set_extsel
                0x080049b8       0x14 D:\Users\Stoodio 2nd\AppData\Local\Temp\VMBuilds\GateXtal\Arduino_STM32-master_genericSTM32F103C\Release/core.a(adc.c.o)
                0x080049b8                adc_set_extsel
 .text.adc_set_sample_rate
                0x080049cc       0x30 D:\Users\Stoodio 2nd\AppData\Local\Temp\VMBuilds\GateXtal\Arduino_STM32-master_genericSTM32F103C\Release/core.a(adc.c.o)
                0x080049cc                adc_set_sample_rate
 .text.__irq_adc
                0x080049fc       0x50 D:\Users\Stoodio 2nd\AppData\Local\Temp\VMBuilds\GateXtal\Arduino_STM32-master_genericSTM32F103C\Release/core.a(adc_f1.c.o)
                0x080049fc                __irq_adc
 .text.adc_attach_interrupt
                0x08004a4c       0x38 D:\Users\Stoodio 2nd\AppData\Local\Temp\VMBuilds\GateXtal\Arduino_STM32-master_genericSTM32F103C\Release/core.a(adc_f1.c.o)
                0x08004a4c                adc_attach_interrupt
 .text.adc_calibrate
                0x08004a84       0x28 D:\Users\Stoodio 2nd\AppData\Local\Temp\VMBuilds\GateXtal\Arduino_STM32-master_genericSTM32F103C\Release/core.a(adc_f1.c.o)
                0x08004a84                adc_calibrate
 .text.adc_set_prescaler
                0x08004aac        0x8 D:\Users\Stoodio 2nd\AppData\Local\Temp\VMBuilds\GateXtal\Arduino_STM32-master_genericSTM32F103C\Release/core.a(adc_f1.c.o)
                0x08004aac                adc_set_prescaler
 .text.adc_foreach
                0x08004ab4       0x1c D:\Users\Stoodio 2nd\AppData\Local\Temp\VMBuilds\GateXtal\Arduino_STM32-master_genericSTM32F103C\Release/core.a(adc_f1.c.o)
                0x08004ab4                adc_foreach
 .text.adc_enable_single_swstart
                0x08004ad0       0x34 D:\Users\Stoodio 2nd\AppData\Local\Temp\VMBuilds\GateXtal\Arduino_STM32-master_genericSTM32F103C\Release/core.a(adc_f1.c.o)
                0x08004ad0                adc_enable_single_swstart
 .text.__irq_dma1_channel1
                0x08004b04       0x18 D:\Users\Stoodio 2nd\AppData\Local\Temp\VMBuilds\GateXtal\Arduino_STM32-master_genericSTM32F103C\Release/core.a(dma_f1.c.o)
                0x08004b04                __irq_dma1_channel1
 .text.__irq_dma1_channel2
                0x08004b1c       0x18 D:\Users\Stoodio 2nd\AppData\Local\Temp\VMBuilds\GateXtal\Arduino_STM32-master_genericSTM32F103C\Release/core.a(dma_f1.c.o)
                0x08004b1c                __irq_dma1_channel2
 .text.__irq_dma1_channel3
                0x08004b34       0x1c D:\Users\Stoodio 2nd\AppData\Local\Temp\VMBuilds\GateXtal\Arduino_STM32-master_genericSTM32F103C\Release/core.a(dma_f1.c.o)
                0x08004b34                __irq_dma1_channel3
 .text.__irq_dma1_channel4
                0x08004b50       0x1c D:\Users\Stoodio 2nd\AppData\Local\Temp\VMBuilds\GateXtal\Arduino_STM32-master_genericSTM32F103C\Release/core.a(dma_f1.c.o)
                0x08004b50                __irq_dma1_channel4
 .text.__irq_dma1_channel5
                0x08004b6c       0x1c D:\Users\Stoodio 2nd\AppData\Local\Temp\VMBuilds\GateXtal\Arduino_STM32-master_genericSTM32F103C\Release/core.a(dma_f1.c.o)
                0x08004b6c                __irq_dma1_channel5
 .text.__irq_dma1_channel6
                0x08004b88       0x1c D:\Users\Stoodio 2nd\AppData\Local\Temp\VMBuilds\GateXtal\Arduino_STM32-master_genericSTM32F103C\Release/core.a(dma_f1.c.o)
                0x08004b88                __irq_dma1_channel6
 .text.__irq_dma1_channel7
                0x08004ba4       0x1c D:\Users\Stoodio 2nd\AppData\Local\Temp\VMBuilds\GateXtal\Arduino_STM32-master_genericSTM32F103C\Release/core.a(dma_f1.c.o)
                0x08004ba4                __irq_dma1_channel7
 .text.flash_set_latency
                0x08004bc0       0x14 D:\Users\Stoodio 2nd\AppData\Local\Temp\VMBuilds\GateXtal\Arduino_STM32-master_genericSTM32F103C\Release/core.a(flash.c.o)
                0x08004bc0                flash_set_latency
 .text.gpio_init_all
                0x08004bd4       0x30 D:\Users\Stoodio 2nd\AppData\Local\Temp\VMBuilds\GateXtal\Arduino_STM32-master_genericSTM32F103C\Release/core.a(gpio_f1.c.o)
                0x08004bd4                gpio_init_all
 .text.gpio_set_mode
                0x08004c04       0x60 D:\Users\Stoodio 2nd\AppData\Local\Temp\VMBuilds\GateXtal\Arduino_STM32-master_genericSTM32F103C\Release/core.a(gpio_f1.c.o)
                0x08004c04                gpio_set_mode
 .text.afio_init
                0x08004c64       0x14 D:\Users\Stoodio 2nd\AppData\Local\Temp\VMBuilds\GateXtal\Arduino_STM32-master_genericSTM32F103C\Release/core.a(gpio_f1.c.o)
                0x08004c64                afio_init
 .text.nvic_init
                0x08004c78       0x34 D:\Users\Stoodio 2nd\AppData\Local\Temp\VMBuilds\GateXtal\Arduino_STM32-master_genericSTM32F103C\Release/core.a(nvic.c.o)
                0x08004c78                nvic_init
 .text.nvic_sys_reset
                0x08004cac       0x1c D:\Users\Stoodio 2nd\AppData\Local\Temp\VMBuilds\GateXtal\Arduino_STM32-master_genericSTM32F103C\Release/core.a(nvic.c.o)
                0x08004cac                nvic_sys_reset
 .text.rcc_dev_clk
                0x08004cc8        0xc D:\Users\Stoodio 2nd\AppData\Local\Temp\VMBuilds\GateXtal\Arduino_STM32-master_genericSTM32F103C\Release/core.a(rcc.c.o)
                0x08004cc8                rcc_dev_clk
 .text.rcc_switch_sysclk
                0x08004cd4       0x20 D:\Users\Stoodio 2nd\AppData\Local\Temp\VMBuilds\GateXtal\Arduino_STM32-master_genericSTM32F103C\Release/core.a(rcc.c.o)
                0x08004cd4                rcc_switch_sysclk
 .text.rcc_turn_on_clk
                0x08004cf4       0x1c D:\Users\Stoodio 2nd\AppData\Local\Temp\VMBuilds\GateXtal\Arduino_STM32-master_genericSTM32F103C\Release/core.a(rcc.c.o)
                0x08004cf4                rcc_turn_on_clk
 .text.rcc_turn_off_clk
                0x08004d10       0x1c D:\Users\Stoodio 2nd\AppData\Local\Temp\VMBuilds\GateXtal\Arduino_STM32-master_genericSTM32F103C\Release/core.a(rcc.c.o)
                0x08004d10                rcc_turn_off_clk
 .text.rcc_is_clk_ready
                0x08004d2c       0x18 D:\Users\Stoodio 2nd\AppData\Local\Temp\VMBuilds\GateXtal\Arduino_STM32-master_genericSTM32F103C\Release/core.a(rcc.c.o)
                0x08004d2c                rcc_is_clk_ready
 .text.rcc_configure_pll
                0x08004d44       0x1c D:\Users\Stoodio 2nd\AppData\Local\Temp\VMBuilds\GateXtal\Arduino_STM32-master_genericSTM32F103C\Release/core.a(rcc_f1.c.o)
                0x08004d44                rcc_configure_pll
 .text.rcc_clk_enable
                0x08004d60       0x30 D:\Users\Stoodio 2nd\AppData\Local\Temp\VMBuilds\GateXtal\Arduino_STM32-master_genericSTM32F103C\Release/core.a(rcc_f1.c.o)
                0x08004d60                rcc_clk_enable
 .text.rcc_reset_dev
                0x08004d90       0x34 D:\Users\Stoodio 2nd\AppData\Local\Temp\VMBuilds\GateXtal\Arduino_STM32-master_genericSTM32F103C\Release/core.a(rcc_f1.c.o)
                0x08004d90                rcc_reset_dev
 .text.rcc_set_prescaler
                0x08004dc4       0x24 D:\Users\Stoodio 2nd\AppData\Local\Temp\VMBuilds\GateXtal\Arduino_STM32-master_genericSTM32F103C\Release/core.a(rcc_f1.c.o)
                0x08004dc4                rcc_set_prescaler
 .text.rcc_clk_disable
                0x08004de8       0x30 D:\Users\Stoodio 2nd\AppData\Local\Temp\VMBuilds\GateXtal\Arduino_STM32-master_genericSTM32F103C\Release/core.a(rcc_f1.c.o)
                0x08004de8                rcc_clk_disable
 .text.systick_init
                0x08004e18       0x10 D:\Users\Stoodio 2nd\AppData\Local\Temp\VMBuilds\GateXtal\Arduino_STM32-master_genericSTM32F103C\Release/core.a(systick.c.o)
                0x08004e18                systick_init
 .text.__exc_systick
                0x08004e28       0x1c D:\Users\Stoodio 2nd\AppData\Local\Temp\VMBuilds\GateXtal\Arduino_STM32-master_genericSTM32F103C\Release/core.a(systick.c.o)
                0x08004e28                __exc_systick
 .text.timer_foreach
                0x08004e44       0x28 D:\Users\Stoodio 2nd\AppData\Local\Temp\VMBuilds\GateXtal\Arduino_STM32-master_genericSTM32F103C\Release/core.a(timer.c.o)
                0x08004e44                timer_foreach
 .text.timer_init
                0x08004e6c       0x14 D:\Users\Stoodio 2nd\AppData\Local\Temp\VMBuilds\GateXtal\Arduino_STM32-master_genericSTM32F103C\Release/core.a(timer.c.o)
                0x08004e6c                timer_init
 .text.timer_has_cc_channel
                0x08004e80       0x30 D:\Users\Stoodio 2nd\AppData\Local\Temp\VMBuilds\GateXtal\Arduino_STM32-master_genericSTM32F103C\Release/core.a(timer.c.o)
                0x08004e80                timer_has_cc_channel
 .text.timer_attach_interrupt
                0x08004eb0      0x140 D:\Users\Stoodio 2nd\AppData\Local\Temp\VMBuilds\GateXtal\Arduino_STM32-master_genericSTM32F103C\Release/core.a(timer.c.o)
                0x08004eb0                timer_attach_interrupt
 .text.input_capture_mode
                0x08004ff0       0x54 D:\Users\Stoodio 2nd\AppData\Local\Temp\VMBuilds\GateXtal\Arduino_STM32-master_genericSTM32F103C\Release/core.a(timer.c.o)
                0x08004ff0                input_capture_mode
 .text.timer_set_mode
                0x08005044      0x10c D:\Users\Stoodio 2nd\AppData\Local\Temp\VMBuilds\GateXtal\Arduino_STM32-master_genericSTM32F103C\Release/core.a(timer.c.o)
                0x08005044                timer_set_mode
 .text.__irq_tim1_brk
                0x08005150       0x24 D:\Users\Stoodio 2nd\AppData\Local\Temp\VMBuilds\GateXtal\Arduino_STM32-master_genericSTM32F103C\Release/core.a(timer.c.o)
                0x08005150                __irq_tim1_brk
 .text.__irq_tim1_up
                0x08005174       0x24 D:\Users\Stoodio 2nd\AppData\Local\Temp\VMBuilds\GateXtal\Arduino_STM32-master_genericSTM32F103C\Release/core.a(timer.c.o)
                0x08005174                __irq_tim1_up
 .text.__irq_tim1_trg_com
                0x08005198       0x38 D:\Users\Stoodio 2nd\AppData\Local\Temp\VMBuilds\GateXtal\Arduino_STM32-master_genericSTM32F103C\Release/core.a(timer.c.o)
                0x08005198                __irq_tim1_trg_com
 .text.__irq_tim1_cc
                0x080051d0       0x54 D:\Users\Stoodio 2nd\AppData\Local\Temp\VMBuilds\GateXtal\Arduino_STM32-master_genericSTM32F103C\Release/core.a(timer.c.o)
                0x080051d0                __irq_tim1_cc
 .text.__irq_tim2
                0x08005224       0x70 D:\Users\Stoodio 2nd\AppData\Local\Temp\VMBuilds\GateXtal\Arduino_STM32-master_genericSTM32F103C\Release/core.a(timer.c.o)
                0x08005224                __irq_tim2
 .text.__irq_tim3
                0x08005294       0x70 D:\Users\Stoodio 2nd\AppData\Local\Temp\VMBuilds\GateXtal\Arduino_STM32-master_genericSTM32F103C\Release/core.a(timer.c.o)
                0x08005294                __irq_tim3
 .text.__irq_tim4
                0x08005304       0x70 D:\Users\Stoodio 2nd\AppData\Local\Temp\VMBuilds\GateXtal\Arduino_STM32-master_genericSTM32F103C\Release/core.a(timer.c.o)
                0x08005304                __irq_tim4
 .text.usart_config_gpios_async
                0x08005374       0x48 D:\Users\Stoodio 2nd\AppData\Local\Temp\VMBuilds\GateXtal\Arduino_STM32-master_genericSTM32F103C\Release/core.a(usart_f1.c.o)
                0x08005374                usart_config_gpios_async
 .text.usart_set_baud_rate
                0x080053bc       0x48 D:\Users\Stoodio 2nd\AppData\Local\Temp\VMBuilds\GateXtal\Arduino_STM32-master_genericSTM32F103C\Release/core.a(usart_f1.c.o)
                0x080053bc                usart_set_baud_rate
 .text.__irq_usart1
                0x08005404       0xe0 D:\Users\Stoodio 2nd\AppData\Local\Temp\VMBuilds\GateXtal\Arduino_STM32-master_genericSTM32F103C\Release/core.a(usart_f1.c.o)
                0x08005404                __irq_usart1
 .text.__irq_usart2
                0x080054e4       0xe0 D:\Users\Stoodio 2nd\AppData\Local\Temp\VMBuilds\GateXtal\Arduino_STM32-master_genericSTM32F103C\Release/core.a(usart_f1.c.o)
                0x080054e4                __irq_usart2
 .text.__irq_usart3
                0x080055c4       0xe0 D:\Users\Stoodio 2nd\AppData\Local\Temp\VMBuilds\GateXtal\Arduino_STM32-master_genericSTM32F103C\Release/core.a(usart_f1.c.o)
                0x080055c4                __irq_usart3
 .text._usart_clock_freq
                0x080056a4       0x24 D:\Users\Stoodio 2nd\AppData\Local\Temp\VMBuilds\GateXtal\Arduino_STM32-master_genericSTM32F103C\Release/core.a(usart_private.c.o)
                0x080056a4                _usart_clock_freq
 .text.throb    0x080056c8       0x58 D:\Users\Stoodio 2nd\AppData\Local\Temp\VMBuilds\GateXtal\Arduino_STM32-master_genericSTM32F103C\Release/core.a(util.c.o)
                0x080056c8                throb
 .text.__error  0x08005720       0x14 D:\Users\Stoodio 2nd\AppData\Local\Temp\VMBuilds\GateXtal\Arduino_STM32-master_genericSTM32F103C\Release/core.a(util.c.o)
                0x08005720                __error
 .text._ZN14HardwareSerial4readEv
                0x08005734       0x58 D:\Users\Stoodio 2nd\AppData\Local\Temp\VMBuilds\GateXtal\Arduino_STM32-master_genericSTM32F103C\Release/core.a(HardwareSerial.cpp.o)
                0x08005734                HardwareSerial::read()
 .text._ZN14HardwareSerial9availableEv
                0x0800578c       0x30 D:\Users\Stoodio 2nd\AppData\Local\Temp\VMBuilds\GateXtal\Arduino_STM32-master_genericSTM32F103C\Release/core.a(HardwareSerial.cpp.o)
                0x0800578c                HardwareSerial::available()
 .text._ZN14HardwareSerial4peekEv
                0x080057bc       0x24 D:\Users\Stoodio 2nd\AppData\Local\Temp\VMBuilds\GateXtal\Arduino_STM32-master_genericSTM32F103C\Release/core.a(HardwareSerial.cpp.o)
                0x080057bc                HardwareSerial::peek()
 .text._ZN14HardwareSerial5flushEv
                0x080057e0       0x1c D:\Users\Stoodio 2nd\AppData\Local\Temp\VMBuilds\GateXtal\Arduino_STM32-master_genericSTM32F103C\Release/core.a(HardwareSerial.cpp.o)
                0x080057e0                HardwareSerial::flush()
 .text._ZN14HardwareSerial5writeEh
                0x080057fc       0x20 D:\Users\Stoodio 2nd\AppData\Local\Temp\VMBuilds\GateXtal\Arduino_STM32-master_genericSTM32F103C\Release/core.a(HardwareSerial.cpp.o)
                0x080057fc                HardwareSerial::write(unsigned char)
 .text._ZN14HardwareSerialC2EP9usart_devhh
                0x0800581c       0x20 D:\Users\Stoodio 2nd\AppData\Local\Temp\VMBuilds\GateXtal\Arduino_STM32-master_genericSTM32F103C\Release/core.a(HardwareSerial.cpp.o)
                0x0800581c                HardwareSerial::HardwareSerial(usart_dev*, unsigned char, unsigned char)
                0x0800581c                HardwareSerial::HardwareSerial(usart_dev*, unsigned char, unsigned char)
 .text._ZN14HardwareSerial5beginEmh
                0x0800583c       0x7c D:\Users\Stoodio 2nd\AppData\Local\Temp\VMBuilds\GateXtal\Arduino_STM32-master_genericSTM32F103C\Release/core.a(HardwareSerial.cpp.o)
                0x0800583c                HardwareSerial::begin(unsigned long, unsigned char)
 .text._ZN14HardwareSerial5beginEm
                0x080058b8        0x8 D:\Users\Stoodio 2nd\AppData\Local\Temp\VMBuilds\GateXtal\Arduino_STM32-master_genericSTM32F103C\Release/core.a(HardwareSerial.cpp.o)
                0x080058b8                HardwareSerial::begin(unsigned long)
 .text.set_this_dev
                0x080058c0       0x1c D:\Users\Stoodio 2nd\AppData\Local\Temp\VMBuilds\GateXtal\Arduino_STM32-master_genericSTM32F103C\Release/core.a(HardwareTimer.cpp.o)
 .text._ZN13HardwareTimerC2Eh
                0x080058dc       0x2c D:\Users\Stoodio 2nd\AppData\Local\Temp\VMBuilds\GateXtal\Arduino_STM32-master_genericSTM32F103C\Release/core.a(HardwareTimer.cpp.o)
                0x080058dc                HardwareTimer::HardwareTimer(unsigned char)
                0x080058dc                HardwareTimer::HardwareTimer(unsigned char)
 .text._ZN13HardwareTimer5pauseEv
                0x08005908       0x10 D:\Users\Stoodio 2nd\AppData\Local\Temp\VMBuilds\GateXtal\Arduino_STM32-master_genericSTM32F103C\Release/core.a(HardwareTimer.cpp.o)
                0x08005908                HardwareTimer::pause()
 .text._ZN13HardwareTimer6resumeEv
                0x08005918       0x10 D:\Users\Stoodio 2nd\AppData\Local\Temp\VMBuilds\GateXtal\Arduino_STM32-master_genericSTM32F103C\Release/core.a(HardwareTimer.cpp.o)
                0x08005918                HardwareTimer::resume()
 .text._ZN13HardwareTimer17setPrescaleFactorEm
                0x08005928        0xc D:\Users\Stoodio 2nd\AppData\Local\Temp\VMBuilds\GateXtal\Arduino_STM32-master_genericSTM32F103C\Release/core.a(HardwareTimer.cpp.o)
                0x08005928                HardwareTimer::setPrescaleFactor(unsigned long)
 .text._ZN13HardwareTimer11setOverflowEt
                0x08005934        0x8 D:\Users\Stoodio 2nd\AppData\Local\Temp\VMBuilds\GateXtal\Arduino_STM32-master_genericSTM32F103C\Release/core.a(HardwareTimer.cpp.o)
                0x08005934                HardwareTimer::setOverflow(unsigned short)
 .text._ZN13HardwareTimer9setPeriodEm
                0x0800593c       0x4c D:\Users\Stoodio 2nd\AppData\Local\Temp\VMBuilds\GateXtal\Arduino_STM32-master_genericSTM32F103C\Release/core.a(HardwareTimer.cpp.o)
                0x0800593c                HardwareTimer::setPeriod(unsigned long)
 .text._ZN13HardwareTimer7setModeEi10timer_mode
                0x08005988        0x8 D:\Users\Stoodio 2nd\AppData\Local\Temp\VMBuilds\GateXtal\Arduino_STM32-master_genericSTM32F103C\Release/core.a(HardwareTimer.cpp.o)
                0x08005988                HardwareTimer::setMode(int, timer_mode)
 .text._ZN13HardwareTimer10setCompareEit
                0x08005990       0x20 D:\Users\Stoodio 2nd\AppData\Local\Temp\VMBuilds\GateXtal\Arduino_STM32-master_genericSTM32F103C\Release/core.a(HardwareTimer.cpp.o)
                0x08005990                HardwareTimer::setCompare(int, unsigned short)
 .text._ZN13HardwareTimer15attachInterruptEiPFvvE
                0x080059b0        0x8 D:\Users\Stoodio 2nd\AppData\Local\Temp\VMBuilds\GateXtal\Arduino_STM32-master_genericSTM32F103C\Release/core.a(HardwareTimer.cpp.o)
                0x080059b0                HardwareTimer::attachInterrupt(int, void (*)())
 .text._ZN13HardwareTimer7refreshEv
                0x080059b8       0x14 D:\Users\Stoodio 2nd\AppData\Local\Temp\VMBuilds\GateXtal\Arduino_STM32-master_genericSTM32F103C\Release/core.a(HardwareTimer.cpp.o)
                0x080059b8                HardwareTimer::refresh()
 .text.startup._GLOBAL__sub_I__ZN13HardwareTimerC2Eh
                0x080059cc       0x90 D:\Users\Stoodio 2nd\AppData\Local\Temp\VMBuilds\GateXtal\Arduino_STM32-master_genericSTM32F103C\Release/core.a(HardwareTimer.cpp.o)
 .text.startup._Z7premainv
                0x08005a5c        0x4 D:\Users\Stoodio 2nd\AppData\Local\Temp\VMBuilds\GateXtal\Arduino_STM32-master_genericSTM32F103C\Release/core.a(main.cpp.o)
                0x08005a5c                premain()
 .text.startup.main
                0x08005a60        0xc D:\Users\Stoodio 2nd\AppData\Local\Temp\VMBuilds\GateXtal\Arduino_STM32-master_genericSTM32F103C\Release/core.a(main.cpp.o)
                0x08005a60                main
 .text._ZN5Print5writeEPKc
                0x08005a6c       0x28 D:\Users\Stoodio 2nd\AppData\Local\Temp\VMBuilds\GateXtal\Arduino_STM32-master_genericSTM32F103C\Release/core.a(Print.cpp.o)
                0x08005a6c                Print::write(char const*)
 .text._ZN5Print5writeEPKvm
                0x08005a94       0x20 D:\Users\Stoodio 2nd\AppData\Local\Temp\VMBuilds\GateXtal\Arduino_STM32-master_genericSTM32F103C\Release/core.a(Print.cpp.o)
                0x08005a94                Print::write(void const*, unsigned long)
 .text._ZN5Print5printEPKc
                0x08005ab4        0xc D:\Users\Stoodio 2nd\AppData\Local\Temp\VMBuilds\GateXtal\Arduino_STM32-master_genericSTM32F103C\Release/core.a(Print.cpp.o)
                0x08005ab4                Print::print(char const*)
 .text._ZN5Print7printlnEv
                0x08005ac0       0x1c D:\Users\Stoodio 2nd\AppData\Local\Temp\VMBuilds\GateXtal\Arduino_STM32-master_genericSTM32F103C\Release/core.a(Print.cpp.o)
                0x08005ac0                Print::println()
 .text._ZN5Print11printNumberEyh
                0x08005adc       0x8c D:\Users\Stoodio 2nd\AppData\Local\Temp\VMBuilds\GateXtal\Arduino_STM32-master_genericSTM32F103C\Release/core.a(Print.cpp.o)
                0x08005adc                Print::printNumber(unsigned long long, unsigned char)
 .text._ZN5Print5printExi
                0x08005b68       0x38 D:\Users\Stoodio 2nd\AppData\Local\Temp\VMBuilds\GateXtal\Arduino_STM32-master_genericSTM32F103C\Release/core.a(Print.cpp.o)
                0x08005b68                Print::print(long long, int)
 .text._ZN5Print5printEii
                0x08005ba0       0x14 D:\Users\Stoodio 2nd\AppData\Local\Temp\VMBuilds\GateXtal\Arduino_STM32-master_genericSTM32F103C\Release/core.a(Print.cpp.o)
                0x08005ba0                Print::print(int, int)
 .text._ZN5Print7printlnEii
                0x08005bb4       0x20 D:\Users\Stoodio 2nd\AppData\Local\Temp\VMBuilds\GateXtal\Arduino_STM32-master_genericSTM32F103C\Release/core.a(Print.cpp.o)
                0x08005bb4                Print::println(int, int)
 .text._Z8pwmWriteht
                0x08005bd4       0x24 D:\Users\Stoodio 2nd\AppData\Local\Temp\VMBuilds\GateXtal\Arduino_STM32-master_genericSTM32F103C\Release/core.a(pwm.cpp.o)
                0x08005bd4                pwmWrite(unsigned char, unsigned short)
 .text._ZN9USBSerial9availableEv
                0x08005bf8        0x4 D:\Users\Stoodio 2nd\AppData\Local\Temp\VMBuilds\GateXtal\Arduino_STM32-master_genericSTM32F103C\Release/core.a(usb_serial.cpp.o)
                0x08005bf8                USBSerial::available()
 .text._ZL10wait_resetv
                0x08005bfc       0x10 D:\Users\Stoodio 2nd\AppData\Local\Temp\VMBuilds\GateXtal\Arduino_STM32-master_genericSTM32F103C\Release/core.a(usb_serial.cpp.o)
 .text._ZN9USBSerial4peekEv
                0x08005c0c       0x20 D:\Users\Stoodio 2nd\AppData\Local\Temp\VMBuilds\GateXtal\Arduino_STM32-master_genericSTM32F103C\Release/core.a(usb_serial.cpp.o)
                0x08005c0c                USBSerial::peek()
 .text._ZN9USBSerial4readEv
                0x08005c2c       0x20 D:\Users\Stoodio 2nd\AppData\Local\Temp\VMBuilds\GateXtal\Arduino_STM32-master_genericSTM32F103C\Release/core.a(usb_serial.cpp.o)
                0x08005c2c                USBSerial::read()
 .text._ZN9USBSerial5flushEv
                0x08005c4c       0x28 D:\Users\Stoodio 2nd\AppData\Local\Temp\VMBuilds\GateXtal\Arduino_STM32-master_genericSTM32F103C\Release/core.a(usb_serial.cpp.o)
                0x08005c4c                USBSerial::flush()
 .text._ZL14ifaceSetupHookjPv
                0x08005c74       0x54 D:\Users\Stoodio 2nd\AppData\Local\Temp\VMBuilds\GateXtal\Arduino_STM32-master_genericSTM32F103C\Release/core.a(usb_serial.cpp.o)
 .text._ZL6rxHookjPv
                0x08005cc8       0x88 D:\Users\Stoodio 2nd\AppData\Local\Temp\VMBuilds\GateXtal\Arduino_STM32-master_genericSTM32F103C\Release/core.a(usb_serial.cpp.o)
 .text._ZN9USBSerial5beginEv.part.4
                0x08005d50       0x30 D:\Users\Stoodio 2nd\AppData\Local\Temp\VMBuilds\GateXtal\Arduino_STM32-master_genericSTM32F103C\Release/core.a(usb_serial.cpp.o)
 .text._ZN9USBSerial5beginEv
                0x08005d80       0x10 D:\Users\Stoodio 2nd\AppData\Local\Temp\VMBuilds\GateXtal\Arduino_STM32-master_genericSTM32F103C\Release/core.a(usb_serial.cpp.o)
                0x08005d80                USBSerial::begin()
 .text._ZN9USBSerial5beginEm
                0x08005d90       0x1c D:\Users\Stoodio 2nd\AppData\Local\Temp\VMBuilds\GateXtal\Arduino_STM32-master_genericSTM32F103C\Release/core.a(usb_serial.cpp.o)
                0x08005d90                USBSerial::begin(unsigned long)
 .text._ZN9USBSerialcvbEv
                0x08005dac       0x20 D:\Users\Stoodio 2nd\AppData\Local\Temp\VMBuilds\GateXtal\Arduino_STM32-master_genericSTM32F103C\Release/core.a(usb_serial.cpp.o)
                0x08005dac                USBSerial::operator bool()
 .text._ZN9USBSerial5writeEPKhm
                0x08005dcc       0x24 D:\Users\Stoodio 2nd\AppData\Local\Temp\VMBuilds\GateXtal\Arduino_STM32-master_genericSTM32F103C\Release/core.a(usb_serial.cpp.o)
                0x08005dcc                USBSerial::write(unsigned char const*, unsigned long)
 .text._ZN9USBSerial5writeEh
                0x08005df0       0x1c D:\Users\Stoodio 2nd\AppData\Local\Temp\VMBuilds\GateXtal\Arduino_STM32-master_genericSTM32F103C\Release/core.a(usb_serial.cpp.o)
                0x08005df0                USBSerial::write(unsigned char)
 .text._ZN9USBSerial5writeEPKc
                0x08005e0c       0x1c D:\Users\Stoodio 2nd\AppData\Local\Temp\VMBuilds\GateXtal\Arduino_STM32-master_genericSTM32F103C\Release/core.a(usb_serial.cpp.o)
                0x08005e0c                USBSerial::write(char const*)
 .text.startup._GLOBAL__sub_I__ZN9USBSerial9_hasBegunE
                0x08005e28       0x1c D:\Users\Stoodio 2nd\AppData\Local\Temp\VMBuilds\GateXtal\Arduino_STM32-master_genericSTM32F103C\Release/core.a(usb_serial.cpp.o)
 .text._Z11digitalReadh
                0x08005e44       0x2c D:\Users\Stoodio 2nd\AppData\Local\Temp\VMBuilds\GateXtal\Arduino_STM32-master_genericSTM32F103C\Release/core.a(wirish_digital.cpp.o)
                0x08005e44                digitalRead(unsigned char)
 .text._Z12digitalWritehh
                0x08005e70       0x34 D:\Users\Stoodio 2nd\AppData\Local\Temp\VMBuilds\GateXtal\Arduino_STM32-master_genericSTM32F103C\Release/core.a(wirish_digital.cpp.o)
                0x08005e70                digitalWrite(unsigned char, unsigned char)
 .text._Z17disableDebugPortsv
                0x08005ea4       0x14 D:\Users\Stoodio 2nd\AppData\Local\Temp\VMBuilds\GateXtal\Arduino_STM32-master_genericSTM32F103C\Release/core.a(wirish_debug.cpp.o)
                0x08005ea4                disableDebugPorts()
 .text._Z7pinModeh13WiringPinMode
                0x08005eb8       0xa8 D:\Users\Stoodio 2nd\AppData\Local\Temp\VMBuilds\GateXtal\Arduino_STM32-master_genericSTM32F103C\Release/core.a(wirish_digital_f1.cpp.o)
                0x08005eb8                pinMode(unsigned char, WiringPinMode)
 .text.gpio_init
                0x08005f60       0x14 D:\Users\Stoodio 2nd\AppData\Local\Temp\VMBuilds\GateXtal\Arduino_STM32-master_genericSTM32F103C\Release/core.a(gpio.c.o)
                0x08005f60                gpio_init
 .text.iwdg_init
                0x08005f74       0x24 D:\Users\Stoodio 2nd\AppData\Local\Temp\VMBuilds\GateXtal\Arduino_STM32-master_genericSTM32F103C\Release/core.a(iwdg.c.o)
                0x08005f74                iwdg_init
 .text.usart_init
                0x08005f98       0x4c D:\Users\Stoodio 2nd\AppData\Local\Temp\VMBuilds\GateXtal\Arduino_STM32-master_genericSTM32F103C\Release/core.a(usart.c.o)
                0x08005f98                usart_init
 .text.usart_enable
                0x08005fe4       0x14 D:\Users\Stoodio 2nd\AppData\Local\Temp\VMBuilds\GateXtal\Arduino_STM32-master_genericSTM32F103C\Release/core.a(usart.c.o)
                0x08005fe4                usart_enable
 .text.usart_tx
                0x08005ff8       0xfc D:\Users\Stoodio 2nd\AppData\Local\Temp\VMBuilds\GateXtal\Arduino_STM32-master_genericSTM32F103C\Release/core.a(usart.c.o)
                0x08005ff8                usart_tx
 .text.usb_resume
                0x080060f4       0xdc D:\Users\Stoodio 2nd\AppData\Local\Temp\VMBuilds\GateXtal\Arduino_STM32-master_genericSTM32F103C\Release/core.a(usb.c.o)
 .text.usb_init_usblib
                0x080061d0       0x50 D:\Users\Stoodio 2nd\AppData\Local\Temp\VMBuilds\GateXtal\Arduino_STM32-master_genericSTM32F103C\Release/core.a(usb.c.o)
                0x080061d0                usb_init_usblib
 .text.__irq_usb_lp_can_rx0
                0x08006220      0x1f4 D:\Users\Stoodio 2nd\AppData\Local\Temp\VMBuilds\GateXtal\Arduino_STM32-master_genericSTM32F103C\Release/core.a(usb.c.o)
                0x08006220                __irq_usb_lp_can_rx0
 .text.vcomDataTxCb
                0x08006414       0xac D:\Users\Stoodio 2nd\AppData\Local\Temp\VMBuilds\GateXtal\Arduino_STM32-master_genericSTM32F103C\Release/core.a(usb_cdcacm.c.o)
 .text.vcomDataRxCb
                0x080064c0       0x94 D:\Users\Stoodio 2nd\AppData\Local\Temp\VMBuilds\GateXtal\Arduino_STM32-master_genericSTM32F103C\Release/core.a(usb_cdcacm.c.o)
 .text.vcomGetSetLineCoding
                0x08006554       0x18 D:\Users\Stoodio 2nd\AppData\Local\Temp\VMBuilds\GateXtal\Arduino_STM32-master_genericSTM32F103C\Release/core.a(usb_cdcacm.c.o)
 .text.usbInit  0x0800656c       0x48 D:\Users\Stoodio 2nd\AppData\Local\Temp\VMBuilds\GateXtal\Arduino_STM32-master_genericSTM32F103C\Release/core.a(usb_cdcacm.c.o)
 .text.usbDataSetup
                0x080065b4       0x58 D:\Users\Stoodio 2nd\AppData\Local\Temp\VMBuilds\GateXtal\Arduino_STM32-master_genericSTM32F103C\Release/core.a(usb_cdcacm.c.o)
 .text.usbNoDataSetup
                0x0800660c       0x58 D:\Users\Stoodio 2nd\AppData\Local\Temp\VMBuilds\GateXtal\Arduino_STM32-master_genericSTM32F103C\Release/core.a(usb_cdcacm.c.o)
 .text.usbGetInterfaceSetting
                0x08006664       0x10 D:\Users\Stoodio 2nd\AppData\Local\Temp\VMBuilds\GateXtal\Arduino_STM32-master_genericSTM32F103C\Release/core.a(usb_cdcacm.c.o)
 .text.usbSetConfiguration
                0x08006674       0x1c D:\Users\Stoodio 2nd\AppData\Local\Temp\VMBuilds\GateXtal\Arduino_STM32-master_genericSTM32F103C\Release/core.a(usb_cdcacm.c.o)
 .text.usbSetDeviceAddress
                0x08006690       0x10 D:\Users\Stoodio 2nd\AppData\Local\Temp\VMBuilds\GateXtal\Arduino_STM32-master_genericSTM32F103C\Release/core.a(usb_cdcacm.c.o)
 .text.usbGetStringDescriptor
                0x080066a0       0x20 D:\Users\Stoodio 2nd\AppData\Local\Temp\VMBuilds\GateXtal\Arduino_STM32-master_genericSTM32F103C\Release/core.a(usb_cdcacm.c.o)
 .text.usbGetConfigDescriptor
                0x080066c0        0xc D:\Users\Stoodio 2nd\AppData\Local\Temp\VMBuilds\GateXtal\Arduino_STM32-master_genericSTM32F103C\Release/core.a(usb_cdcacm.c.o)
 .text.usbGetDeviceDescriptor
                0x080066cc        0xc D:\Users\Stoodio 2nd\AppData\Local\Temp\VMBuilds\GateXtal\Arduino_STM32-master_genericSTM32F103C\Release/core.a(usb_cdcacm.c.o)
 .text.usbReset
                0x080066d8      0x17c D:\Users\Stoodio 2nd\AppData\Local\Temp\VMBuilds\GateXtal\Arduino_STM32-master_genericSTM32F103C\Release/core.a(usb_cdcacm.c.o)
 .text.usb_cdcacm_set_hooks
                0x08006854       0x1c D:\Users\Stoodio 2nd\AppData\Local\Temp\VMBuilds\GateXtal\Arduino_STM32-master_genericSTM32F103C\Release/core.a(usb_cdcacm.c.o)
                0x08006854                usb_cdcacm_set_hooks
 .text.usb_cdcacm_enable
                0x08006870       0x38 D:\Users\Stoodio 2nd\AppData\Local\Temp\VMBuilds\GateXtal\Arduino_STM32-master_genericSTM32F103C\Release/core.a(usb_cdcacm.c.o)
                0x08006870                usb_cdcacm_enable
 .text.usb_cdcacm_tx
                0x080068a8       0x68 D:\Users\Stoodio 2nd\AppData\Local\Temp\VMBuilds\GateXtal\Arduino_STM32-master_genericSTM32F103C\Release/core.a(usb_cdcacm.c.o)
                0x080068a8                usb_cdcacm_tx
 .text.usb_cdcacm_data_available
                0x08006910       0x18 D:\Users\Stoodio 2nd\AppData\Local\Temp\VMBuilds\GateXtal\Arduino_STM32-master_genericSTM32F103C\Release/core.a(usb_cdcacm.c.o)
                0x08006910                usb_cdcacm_data_available
 .text.usb_cdcacm_rx
                0x08006928       0x74 D:\Users\Stoodio 2nd\AppData\Local\Temp\VMBuilds\GateXtal\Arduino_STM32-master_genericSTM32F103C\Release/core.a(usb_cdcacm.c.o)
                0x08006928                usb_cdcacm_rx
 .text.usb_cdcacm_peek
                0x0800699c       0x40 D:\Users\Stoodio 2nd\AppData\Local\Temp\VMBuilds\GateXtal\Arduino_STM32-master_genericSTM32F103C\Release/core.a(usb_cdcacm.c.o)
                0x0800699c                usb_cdcacm_peek
 .text.usb_cdcacm_peek_ex
                0x080069dc       0x48 D:\Users\Stoodio 2nd\AppData\Local\Temp\VMBuilds\GateXtal\Arduino_STM32-master_genericSTM32F103C\Release/core.a(usb_cdcacm.c.o)
                0x080069dc                usb_cdcacm_peek_ex
 .text.usb_cdcacm_get_dtr
                0x08006a24       0x10 D:\Users\Stoodio 2nd\AppData\Local\Temp\VMBuilds\GateXtal\Arduino_STM32-master_genericSTM32F103C\Release/core.a(usb_cdcacm.c.o)
                0x08006a24                usb_cdcacm_get_dtr
 .text.usb_cdcacm_get_baud
                0x08006a34        0xc D:\Users\Stoodio 2nd\AppData\Local\Temp\VMBuilds\GateXtal\Arduino_STM32-master_genericSTM32F103C\Release/core.a(usb_cdcacm.c.o)
                0x08006a34                usb_cdcacm_get_baud
 .text.usb_set_ep_rx_count
                0x08006a40       0x40 D:\Users\Stoodio 2nd\AppData\Local\Temp\VMBuilds\GateXtal\Arduino_STM32-master_genericSTM32F103C\Release/core.a(usb_reg_map.c.o)
                0x08006a40                usb_set_ep_rx_count
 .text.Standard_GetConfiguration
                0x08006a80       0x28 D:\Users\Stoodio 2nd\AppData\Local\Temp\VMBuilds\GateXtal\Arduino_STM32-master_genericSTM32F103C\Release/core.a(usb_core.c.o)
                0x08006a80                Standard_GetConfiguration
 .text.Standard_GetInterface
                0x08006aa8       0x28 D:\Users\Stoodio 2nd\AppData\Local\Temp\VMBuilds\GateXtal\Arduino_STM32-master_genericSTM32F103C\Release/core.a(usb_core.c.o)
                0x08006aa8                Standard_GetInterface
 .text.Standard_GetStatus
                0x08006ad0       0x98 D:\Users\Stoodio 2nd\AppData\Local\Temp\VMBuilds\GateXtal\Arduino_STM32-master_genericSTM32F103C\Release/core.a(usb_core.c.o)
                0x08006ad0                Standard_GetStatus
 .text.DataStageIn
                0x08006b68       0xb8 D:\Users\Stoodio 2nd\AppData\Local\Temp\VMBuilds\GateXtal\Arduino_STM32-master_genericSTM32F103C\Release/core.a(usb_core.c.o)
 .text.Standard_SetConfiguration
                0x08006c20       0x3c D:\Users\Stoodio 2nd\AppData\Local\Temp\VMBuilds\GateXtal\Arduino_STM32-master_genericSTM32F103C\Release/core.a(usb_core.c.o)
                0x08006c20                Standard_SetConfiguration
 .text.Standard_SetInterface
                0x08006c5c       0x50 D:\Users\Stoodio 2nd\AppData\Local\Temp\VMBuilds\GateXtal\Arduino_STM32-master_genericSTM32F103C\Release/core.a(usb_core.c.o)
                0x08006c5c                Standard_SetInterface
 .text.Standard_ClearFeature
                0x08006cac       0xd4 D:\Users\Stoodio 2nd\AppData\Local\Temp\VMBuilds\GateXtal\Arduino_STM32-master_genericSTM32F103C\Release/core.a(usb_core.c.o)
                0x08006cac                Standard_ClearFeature
 .text.Standard_SetEndPointFeature
                0x08006d80       0x90 D:\Users\Stoodio 2nd\AppData\Local\Temp\VMBuilds\GateXtal\Arduino_STM32-master_genericSTM32F103C\Release/core.a(usb_core.c.o)
                0x08006d80                Standard_SetEndPointFeature
 .text.Standard_GetDescriptorData
                0x08006e10       0x1c D:\Users\Stoodio 2nd\AppData\Local\Temp\VMBuilds\GateXtal\Arduino_STM32-master_genericSTM32F103C\Release/core.a(usb_core.c.o)
                0x08006e10                Standard_GetDescriptorData
 .text.Post0_Process
                0x08006e2c       0x40 D:\Users\Stoodio 2nd\AppData\Local\Temp\VMBuilds\GateXtal\Arduino_STM32-master_genericSTM32F103C\Release/core.a(usb_core.c.o)
                0x08006e2c                Post0_Process
 .text.Setup0_Process
                0x08006e6c      0x370 D:\Users\Stoodio 2nd\AppData\Local\Temp\VMBuilds\GateXtal\Arduino_STM32-master_genericSTM32F103C\Release/core.a(usb_core.c.o)
                0x08006e6c                Setup0_Process
 .text.Out0_Process
                0x080071dc       0xe8 D:\Users\Stoodio 2nd\AppData\Local\Temp\VMBuilds\GateXtal\Arduino_STM32-master_genericSTM32F103C\Release/core.a(usb_core.c.o)
                0x080071dc                Out0_Process
 .text.SetDeviceAddress
                0x080072c4       0x38 D:\Users\Stoodio 2nd\AppData\Local\Temp\VMBuilds\GateXtal\Arduino_STM32-master_genericSTM32F103C\Release/core.a(usb_core.c.o)
                0x080072c4                SetDeviceAddress
 .text.In0_Process
                0x080072fc       0x70 D:\Users\Stoodio 2nd\AppData\Local\Temp\VMBuilds\GateXtal\Arduino_STM32-master_genericSTM32F103C\Release/core.a(usb_core.c.o)
                0x080072fc                In0_Process
 .text.NOP_Process
                0x0800736c        0x4 D:\Users\Stoodio 2nd\AppData\Local\Temp\VMBuilds\GateXtal\Arduino_STM32-master_genericSTM32F103C\Release/core.a(usb_core.c.o)
                0x0800736c                NOP_Process
 .text.UserToPMABufferCopy
                0x08007370       0x3c D:\Users\Stoodio 2nd\AppData\Local\Temp\VMBuilds\GateXtal\Arduino_STM32-master_genericSTM32F103C\Release/core.a(usb_mem.c.o)
                0x08007370                UserToPMABufferCopy
 .text.PMAToUserBufferCopy
                0x080073ac       0x20 D:\Users\Stoodio 2nd\AppData\Local\Temp\VMBuilds\GateXtal\Arduino_STM32-master_genericSTM32F103C\Release/core.a(usb_mem.c.o)
                0x080073ac                PMAToUserBufferCopy
 .text.SetEPTxStatus
                0x080073cc       0x2c D:\Users\Stoodio 2nd\AppData\Local\Temp\VMBuilds\GateXtal\Arduino_STM32-master_genericSTM32F103C\Release/core.a(usb_regs.c.o)
                0x080073cc                SetEPTxStatus
 .text.ClearDTOG_RX
                0x080073f8       0x20 D:\Users\Stoodio 2nd\AppData\Local\Temp\VMBuilds\GateXtal\Arduino_STM32-master_genericSTM32F103C\Release/core.a(usb_regs.c.o)
                0x080073f8                ClearDTOG_RX
 .text.ClearDTOG_TX
                0x08007418       0x20 D:\Users\Stoodio 2nd\AppData\Local\Temp\VMBuilds\GateXtal\Arduino_STM32-master_genericSTM32F103C\Release/core.a(usb_regs.c.o)
                0x08007418                ClearDTOG_TX
 .text.GetEPTxAddr
                0x08007438       0x1c D:\Users\Stoodio 2nd\AppData\Local\Temp\VMBuilds\GateXtal\Arduino_STM32-master_genericSTM32F103C\Release/core.a(usb_regs.c.o)
                0x08007438                GetEPTxAddr
 .text.GetEPRxAddr
                0x08007454       0x1c D:\Users\Stoodio 2nd\AppData\Local\Temp\VMBuilds\GateXtal\Arduino_STM32-master_genericSTM32F103C\Release/core.a(usb_regs.c.o)
                0x08007454                GetEPRxAddr
 .text.SetEPTxCount
                0x08007470       0x1c D:\Users\Stoodio 2nd\AppData\Local\Temp\VMBuilds\GateXtal\Arduino_STM32-master_genericSTM32F103C\Release/core.a(usb_regs.c.o)
                0x08007470                SetEPTxCount
 .text.SetEPRxCount
                0x0800748c       0x44 D:\Users\Stoodio 2nd\AppData\Local\Temp\VMBuilds\GateXtal\Arduino_STM32-master_genericSTM32F103C\Release/core.a(usb_regs.c.o)
                0x0800748c                SetEPRxCount
 .text.__aeabi_atexit
                0x080074d0        0xc d:/users/stoodio 2nd/appdata/local/arduino15/packages/arduino/tools/arm-none-eabi-gcc/4.8.3-2014q1/bin/../lib/gcc/arm-none-eabi/4.8.3/../../../../arm-none-eabi/lib/armv7-m\libstdc++.a(atexit_arm.o)
                0x080074d0                __aeabi_atexit
 .text.pow      0x080074dc      0x2f8 d:/users/stoodio 2nd/appdata/local/arduino15/packages/arduino/tools/arm-none-eabi-gcc/4.8.3-2014q1/bin/../lib/gcc/arm-none-eabi/4.8.3/../../../../arm-none-eabi/lib/armv7-m\libm.a(lib_a-w_pow.o)
                0x080074dc                pow
 *fill*         0x080077d4        0x4 
 .text.__ieee754_pow
                0x080077d8      0xab8 d:/users/stoodio 2nd/appdata/local/arduino15/packages/arduino/tools/arm-none-eabi-gcc/4.8.3-2014q1/bin/../lib/gcc/arm-none-eabi/4.8.3/../../../../arm-none-eabi/lib/armv7-m\libm.a(lib_a-e_pow.o)
                0x080077d8                __ieee754_pow
 .text.__ieee754_sqrt
                0x08008290      0x180 d:/users/stoodio 2nd/appdata/local/arduino15/packages/arduino/tools/arm-none-eabi-gcc/4.8.3-2014q1/bin/../lib/gcc/arm-none-eabi/4.8.3/../../../../arm-none-eabi/lib/armv7-m\libm.a(lib_a-e_sqrt.o)
                0x08008290                __ieee754_sqrt
 .text.fabs     0x08008410        0x8 d:/users/stoodio 2nd/appdata/local/arduino15/packages/arduino/tools/arm-none-eabi-gcc/4.8.3-2014q1/bin/../lib/gcc/arm-none-eabi/4.8.3/../../../../arm-none-eabi/lib/armv7-m\libm.a(lib_a-s_fabs.o)
                0x08008410                fabs
 .text.finite   0x08008418        0xc d:/users/stoodio 2nd/appdata/local/arduino15/packages/arduino/tools/arm-none-eabi-gcc/4.8.3-2014q1/bin/../lib/gcc/arm-none-eabi/4.8.3/../../../../arm-none-eabi/lib/armv7-m\libm.a(lib_a-s_finite.o)
                0x08008418                finite
 .text.__fpclassifyd
                0x08008424       0x50 d:/users/stoodio 2nd/appdata/local/arduino15/packages/arduino/tools/arm-none-eabi-gcc/4.8.3-2014q1/bin/../lib/gcc/arm-none-eabi/4.8.3/../../../../arm-none-eabi/lib/armv7-m\libm.a(lib_a-s_fpclassify.o)
                0x08008424                __fpclassifyd
 .text.matherr  0x08008474        0x4 d:/users/stoodio 2nd/appdata/local/arduino15/packages/arduino/tools/arm-none-eabi-gcc/4.8.3-2014q1/bin/../lib/gcc/arm-none-eabi/4.8.3/../../../../arm-none-eabi/lib/armv7-m\libm.a(lib_a-s_matherr.o)
                0x08008474                matherr
 .text.nan      0x08008478        0xc d:/users/stoodio 2nd/appdata/local/arduino15/packages/arduino/tools/arm-none-eabi-gcc/4.8.3-2014q1/bin/../lib/gcc/arm-none-eabi/4.8.3/../../../../arm-none-eabi/lib/armv7-m\libm.a(lib_a-s_nan.o)
                0x08008478                nan
 .text.rint     0x08008484      0x118 d:/users/stoodio 2nd/appdata/local/arduino15/packages/arduino/tools/arm-none-eabi-gcc/4.8.3-2014q1/bin/../lib/gcc/arm-none-eabi/4.8.3/../../../../arm-none-eabi/lib/armv7-m\libm.a(lib_a-s_rint.o)
                0x08008484                rint
 *fill*         0x0800859c        0x4 
 .text.scalbn   0x080085a0      0x100 d:/users/stoodio 2nd/appdata/local/arduino15/packages/arduino/tools/arm-none-eabi-gcc/4.8.3-2014q1/bin/../lib/gcc/arm-none-eabi/4.8.3/../../../../arm-none-eabi/lib/armv7-m\libm.a(lib_a-s_scalbn.o)
                0x080085a0                scalbn
 .text.copysign
                0x080086a0       0x14 d:/users/stoodio 2nd/appdata/local/arduino15/packages/arduino/tools/arm-none-eabi-gcc/4.8.3-2014q1/bin/../lib/gcc/arm-none-eabi/4.8.3/../../../../arm-none-eabi/lib/armv7-m\libm.a(lib_a-s_copysign.o)
                0x080086a0                copysign
 .text          0x080086b4      0x370 d:/users/stoodio 2nd/appdata/local/arduino15/packages/arduino/tools/arm-none-eabi-gcc/4.8.3-2014q1/bin/../lib/gcc/arm-none-eabi/4.8.3/armv7-m\libgcc.a(_arm_addsubdf3.o)
                0x080086b4                __aeabi_drsub
                0x080086bc                __aeabi_dsub
                0x080086bc                __subdf3
                0x080086c0                __aeabi_dadd
                0x080086c0                __adddf3
                0x08008938                __floatunsidf
                0x08008938                __aeabi_ui2d
                0x08008958                __floatsidf
                0x08008958                __aeabi_i2d
                0x0800897c                __aeabi_f2d
                0x0800897c                __extendsfdf2
                0x080089b8                __floatundidf
                0x080089b8                __aeabi_ul2d
                0x080089c8                __floatdidf
                0x080089c8                __aeabi_l2d
 .text          0x08008a24      0x424 d:/users/stoodio 2nd/appdata/local/arduino15/packages/arduino/tools/arm-none-eabi-gcc/4.8.3-2014q1/bin/../lib/gcc/arm-none-eabi/4.8.3/armv7-m\libgcc.a(_arm_muldivdf3.o)
                0x08008a24                __aeabi_dmul
                0x08008a24                __muldf3
                0x08008c78                __divdf3
                0x08008c78                __aeabi_ddiv
 .text          0x08008e48      0x110 d:/users/stoodio 2nd/appdata/local/arduino15/packages/arduino/tools/arm-none-eabi-gcc/4.8.3-2014q1/bin/../lib/gcc/arm-none-eabi/4.8.3/armv7-m\libgcc.a(_arm_cmpdf2.o)
                0x08008e48                __gtdf2
                0x08008e48                __gedf2
                0x08008e50                __ltdf2
                0x08008e50                __ledf2
                0x08008e58                __nedf2
                0x08008e58                __eqdf2
                0x08008e58                __cmpdf2
                0x08008ed4                __aeabi_cdrcmple
                0x08008ee4                __aeabi_cdcmpeq
                0x08008ee4                __aeabi_cdcmple
                0x08008ef4                __aeabi_dcmpeq
                0x08008f08                __aeabi_dcmplt
                0x08008f1c                __aeabi_dcmple
                0x08008f30                __aeabi_dcmpge
                0x08008f44                __aeabi_dcmpgt
 .text          0x08008f58       0xa0 d:/users/stoodio 2nd/appdata/local/arduino15/packages/arduino/tools/arm-none-eabi-gcc/4.8.3-2014q1/bin/../lib/gcc/arm-none-eabi/4.8.3/armv7-m\libgcc.a(_arm_truncdfsf2.o)
                0x08008f58                __truncdfsf2
                0x08008f58                __aeabi_d2f
 .text          0x08008ff8      0x21c d:/users/stoodio 2nd/appdata/local/arduino15/packages/arduino/tools/arm-none-eabi-gcc/4.8.3-2014q1/bin/../lib/gcc/arm-none-eabi/4.8.3/armv7-m\libgcc.a(_arm_addsubsf3.o)
                0x08008ff8                __aeabi_frsub
                0x08009000                __subsf3
                0x08009000                __aeabi_fsub
                0x08009004                __aeabi_fadd
                0x08009004                __addsf3
                0x08009164                __aeabi_ui2f
                0x08009164                __floatunsisf
                0x0800916c                __aeabi_i2f
                0x0800916c                __floatsisf
                0x08009188                __aeabi_ul2f
                0x08009188                __floatundisf
                0x08009198                __aeabi_l2f
                0x08009198                __floatdisf
 .text          0x08009214      0x2a0 d:/users/stoodio 2nd/appdata/local/arduino15/packages/arduino/tools/arm-none-eabi-gcc/4.8.3-2014q1/bin/../lib/gcc/arm-none-eabi/4.8.3/armv7-m\libgcc.a(_arm_muldivsf3.o)
                0x08009214                __mulsf3
                0x08009214                __aeabi_fmul
                0x0800937c                __aeabi_fdiv
                0x0800937c                __divsf3
 .text          0x080094b4       0xec d:/users/stoodio 2nd/appdata/local/arduino15/packages/arduino/tools/arm-none-eabi-gcc/4.8.3-2014q1/bin/../lib/gcc/arm-none-eabi/4.8.3/armv7-m\libgcc.a(_arm_cmpsf2.o)
                0x080094b4                __gesf2
                0x080094b4                __gtsf2
                0x080094bc                __lesf2
                0x080094bc                __ltsf2
                0x080094c4                __nesf2
                0x080094c4                __eqsf2
                0x080094c4                __cmpsf2
                0x08009524                __aeabi_cfrcmple
                0x0800952c                __aeabi_cfcmpeq
                0x0800952c                __aeabi_cfcmple
                0x0800953c                __aeabi_fcmpeq
                0x08009550                __aeabi_fcmplt
                0x08009564                __aeabi_fcmple
                0x08009578                __aeabi_fcmpge
                0x0800958c                __aeabi_fcmpgt
 .text          0x080095a0       0x4c d:/users/stoodio 2nd/appdata/local/arduino15/packages/arduino/tools/arm-none-eabi-gcc/4.8.3-2014q1/bin/../lib/gcc/arm-none-eabi/4.8.3/armv7-m\libgcc.a(_arm_fixsfsi.o)
                0x080095a0                __aeabi_f2iz
                0x080095a0                __fixsfsi
 .text          0x080095ec       0x40 d:/users/stoodio 2nd/appdata/local/arduino15/packages/arduino/tools/arm-none-eabi-gcc/4.8.3-2014q1/bin/../lib/gcc/arm-none-eabi/4.8.3/armv7-m\libgcc.a(_arm_fixunssfsi.o)
                0x080095ec                __fixunssfsi
                0x080095ec                __aeabi_f2uiz
 .text          0x0800962c       0x2c d:/users/stoodio 2nd/appdata/local/arduino15/packages/arduino/tools/arm-none-eabi-gcc/4.8.3-2014q1/bin/../lib/gcc/arm-none-eabi/4.8.3/armv7-m\libgcc.a(_aeabi_uldivmod.o)
                0x0800962c                __aeabi_uldivmod
 .text          0x08009658       0x60 d:/users/stoodio 2nd/appdata/local/arduino15/packages/arduino/tools/arm-none-eabi-gcc/4.8.3-2014q1/bin/../lib/gcc/arm-none-eabi/4.8.3/armv7-m\libgcc.a(bpabi.o)
                0x08009658                __gnu_ldivmod_helper
                0x08009688                __gnu_uldivmod_helper
 .text          0x080096b8        0x4 d:/users/stoodio 2nd/appdata/local/arduino15/packages/arduino/tools/arm-none-eabi-gcc/4.8.3-2014q1/bin/../lib/gcc/arm-none-eabi/4.8.3/armv7-m\libgcc.a(_dvmd_tls.o)
                0x080096b8                __aeabi_idiv0
                0x080096b8                __aeabi_ldiv0
 .text          0x080096bc      0x2a0 d:/users/stoodio 2nd/appdata/local/arduino15/packages/arduino/tools/arm-none-eabi-gcc/4.8.3-2014q1/bin/../lib/gcc/arm-none-eabi/4.8.3/armv7-m\libgcc.a(_divdi3.o)
                0x080096bc                __divdi3
 .text          0x0800995c      0x290 d:/users/stoodio 2nd/appdata/local/arduino15/packages/arduino/tools/arm-none-eabi-gcc/4.8.3-2014q1/bin/../lib/gcc/arm-none-eabi/4.8.3/armv7-m\libgcc.a(_udivdi3.o)
                0x0800995c                __udivdi3
 .text.__cxa_atexit
                0x08009bec       0x14 d:/users/stoodio 2nd/appdata/local/arduino15/packages/arduino/tools/arm-none-eabi-gcc/4.8.3-2014q1/bin/../lib/gcc/arm-none-eabi/4.8.3/../../../../arm-none-eabi/lib/armv7-m\libc.a(lib_a-cxa_atexit.o)
                0x08009bec                __cxa_atexit
 .text.__errno  0x08009c00        0xc d:/users/stoodio 2nd/appdata/local/arduino15/packages/arduino/tools/arm-none-eabi-gcc/4.8.3-2014q1/bin/../lib/gcc/arm-none-eabi/4.8.3/../../../../arm-none-eabi/lib/armv7-m\libc.a(lib_a-errno.o)
                0x08009c00                __errno
 .text.exit     0x08009c0c       0x20 d:/users/stoodio 2nd/appdata/local/arduino15/packages/arduino/tools/arm-none-eabi-gcc/4.8.3-2014q1/bin/../lib/gcc/arm-none-eabi/4.8.3/../../../../arm-none-eabi/lib/armv7-m\libc.a(lib_a-exit.o)
                0x08009c0c                exit
 .text.__libc_init_array
                0x08009c2c       0x50 d:/users/stoodio 2nd/appdata/local/arduino15/packages/arduino/tools/arm-none-eabi-gcc/4.8.3-2014q1/bin/../lib/gcc/arm-none-eabi/4.8.3/../../../../arm-none-eabi/lib/armv7-m\libc.a(lib_a-init.o)
                0x08009c2c                __libc_init_array
 .text.strlen   0x08009c7c       0x60 d:/users/stoodio 2nd/appdata/local/arduino15/packages/arduino/tools/arm-none-eabi-gcc/4.8.3-2014q1/bin/../lib/gcc/arm-none-eabi/4.8.3/../../../../arm-none-eabi/lib/armv7-m\libc.a(lib_a-strlen.o)
                0x08009c7c                strlen
 .text.__register_exitproc
                0x08009cdc       0xa8 d:/users/stoodio 2nd/appdata/local/arduino15/packages/arduino/tools/arm-none-eabi-gcc/4.8.3-2014q1/bin/../lib/gcc/arm-none-eabi/4.8.3/../../../../arm-none-eabi/lib/armv7-m\libc.a(lib_a-__atexit.o)
                0x08009cdc                __register_exitproc
 .text.startup.register_fini
                0x08009d84       0x14 d:/users/stoodio 2nd/appdata/local/arduino15/packages/arduino/tools/arm-none-eabi-gcc/4.8.3-2014q1/bin/../lib/gcc/arm-none-eabi/4.8.3/../../../../arm-none-eabi/lib/armv7-m\libc.a(lib_a-__call_atexit.o)
 .text.__call_exitprocs
                0x08009d98       0xf0 d:/users/stoodio 2nd/appdata/local/arduino15/packages/arduino/tools/arm-none-eabi-gcc/4.8.3-2014q1/bin/../lib/gcc/arm-none-eabi/4.8.3/../../../../arm-none-eabi/lib/armv7-m\libc.a(lib_a-__call_atexit.o)
                0x08009d98                __call_exitprocs
 .text.atexit   0x08009e88        0xc d:/users/stoodio 2nd/appdata/local/arduino15/packages/arduino/tools/arm-none-eabi-gcc/4.8.3-2014q1/bin/../lib/gcc/arm-none-eabi/4.8.3/../../../../arm-none-eabi/lib/armv7-m\libc.a(lib_a-atexit.o)
                0x08009e88                atexit
 .text.__libc_fini_array
                0x08009e94       0x30 d:/users/stoodio 2nd/appdata/local/arduino15/packages/arduino/tools/arm-none-eabi-gcc/4.8.3-2014q1/bin/../lib/gcc/arm-none-eabi/4.8.3/../../../../arm-none-eabi/lib/armv7-m\libc.a(lib_a-fini.o)
                0x08009e94                __libc_fini_array
 *(.plt)
 *(.gnu.warning)
 *(.glue_7t)
 .glue_7t       0x00000000        0x0 linker stubs
 *(.glue_7)
 .glue_7        0x00000000        0x0 linker stubs
 *(.vfp11_veneer)
 .vfp11_veneer  0x00000000        0x0 linker stubs
 *(.ARM.extab* .gnu.linkonce.armextab.*)
 *(.gcc_except_table)
 *(.eh_frame_hdr)
 *(.eh_frame)
 .eh_frame      0x08009ec4        0x0 d:/users/stoodio 2nd/appdata/local/arduino15/packages/arduino/tools/arm-none-eabi-gcc/4.8.3-2014q1/bin/../lib/gcc/arm-none-eabi/4.8.3/armv7-m/crtbegin.o
                0x08009ec4                . = ALIGN (0x4)
 *(.init)
 .init          0x08009ec4        0x4 d:/users/stoodio 2nd/appdata/local/arduino15/packages/arduino/tools/arm-none-eabi-gcc/4.8.3-2014q1/bin/../lib/gcc/arm-none-eabi/4.8.3/armv7-m/crti.o
                0x08009ec4                _init
 .init          0x08009ec8        0x8 d:/users/stoodio 2nd/appdata/local/arduino15/packages/arduino/tools/arm-none-eabi-gcc/4.8.3-2014q1/bin/../lib/gcc/arm-none-eabi/4.8.3/armv7-m/crtn.o
                0x08009ed0                . = ALIGN (0x4)
                0x08009ed0                __preinit_array_start = .
 *(.preinit_array)
                0x08009ed0                __preinit_array_end = .
                0x08009ed0                . = ALIGN (0x4)
                0x08009ed0                __init_array_start = .
 *(SORT(.init_array.*))
 .init_array.00000
                0x08009ed0        0x4 d:/users/stoodio 2nd/appdata/local/arduino15/packages/arduino/tools/arm-none-eabi-gcc/4.8.3-2014q1/bin/../lib/gcc/arm-none-eabi/4.8.3/../../../../arm-none-eabi/lib/armv7-m\libc.a(lib_a-__call_atexit.o)
 .init_array.00101
                0x08009ed4        0x4 D:\Users\Stoodio 2nd\AppData\Local\Temp\VMBuilds\GateXtal\Arduino_STM32-master_genericSTM32F103C\Release/core.a(main.cpp.o)
 *(.init_array)
 .init_array    0x08009ed8        0x4 d:/users/stoodio 2nd/appdata/local/arduino15/packages/arduino/tools/arm-none-eabi-gcc/4.8.3-2014q1/bin/../lib/gcc/arm-none-eabi/4.8.3/armv7-m/crtbegin.o
 .init_array    0x08009edc        0x4 D:\Users\Stoodio 2nd\AppData\Local\Temp\VMBuilds\GateXtal\Arduino_STM32-master_genericSTM32F103C\Release\GateXtal.cpp.o
 .init_array    0x08009ee0        0x4 D:\Users\Stoodio 2nd\AppData\Local\Temp\VMBuilds\GateXtal\Arduino_STM32-master_genericSTM32F103C\Release\EEPROM\EEPROM.cpp.o
 .init_array    0x08009ee4        0x4 D:\Users\Stoodio 2nd\AppData\Local\Temp\VMBuilds\GateXtal\Arduino_STM32-master_genericSTM32F103C\Release\Mozzi-master\MozziGuts.cpp.o
 .init_array    0x08009ee8        0x4 D:\Users\Stoodio 2nd\AppData\Local\Temp\VMBuilds\GateXtal\Arduino_STM32-master_genericSTM32F103C\Release\Mozzi-master\mozzi_analog.cpp.o
 .init_array    0x08009eec        0x4 D:\Users\Stoodio 2nd\AppData\Local\Temp\VMBuilds\GateXtal\Arduino_STM32-master_genericSTM32F103C\Release\variant\board.cpp.o
 .init_array    0x08009ef0        0x4 D:\Users\Stoodio 2nd\AppData\Local\Temp\VMBuilds\GateXtal\Arduino_STM32-master_genericSTM32F103C\Release/core.a(HardwareTimer.cpp.o)
 .init_array    0x08009ef4        0x4 D:\Users\Stoodio 2nd\AppData\Local\Temp\VMBuilds\GateXtal\Arduino_STM32-master_genericSTM32F103C\Release/core.a(usb_serial.cpp.o)
                0x08009ef8                __init_array_end = .
                0x08009ef8                . = ALIGN (0x4)
 *crtbegin.o(.ctors)
 *(EXCLUDE_FILE(*crtend.o) .ctors)
 *(SORT(.ctors.*))
 *crtend.o(.ctors)
                0x08009ef8                . = ALIGN (0x4)
 *(.fini)
 .fini          0x08009ef8        0x4 d:/users/stoodio 2nd/appdata/local/arduino15/packages/arduino/tools/arm-none-eabi-gcc/4.8.3-2014q1/bin/../lib/gcc/arm-none-eabi/4.8.3/armv7-m/crti.o
                0x08009ef8                _fini
 .fini          0x08009efc        0x8 d:/users/stoodio 2nd/appdata/local/arduino15/packages/arduino/tools/arm-none-eabi-gcc/4.8.3-2014q1/bin/../lib/gcc/arm-none-eabi/4.8.3/armv7-m/crtn.o
                0x08009f04                . = ALIGN (0x4)
                0x08009f04                __fini_array_start = .
 *(.fini_array)
 .fini_array    0x08009f04        0x4 d:/users/stoodio 2nd/appdata/local/arduino15/packages/arduino/tools/arm-none-eabi-gcc/4.8.3-2014q1/bin/../lib/gcc/arm-none-eabi/4.8.3/armv7-m/crtbegin.o
 *(SORT(.fini_array.*))
                0x08009f08                __fini_array_end = .
 *crtbegin.o(.dtors)
 *(EXCLUDE_FILE(*crtend.o) .dtors)
 *(SORT(.dtors.*))
 *crtend.o(.dtors)

.v4_bx          0x08009f08        0x0
 .v4_bx         0x00000000        0x0 linker stubs

.iplt           0x08009f08        0x0
 .iplt          0x00000000        0x0 d:/users/stoodio 2nd/appdata/local/arduino15/packages/arduino/tools/arm-none-eabi-gcc/4.8.3-2014q1/bin/../lib/gcc/arm-none-eabi/4.8.3/armv7-m/crtbegin.o

.text.align     0x08009f08        0x0
                0x08009f08                . = ALIGN (0x8)
                0x08009f08                __text_end__ = .
                0x08009f08                __exidx_start = .

.ARM.exidx      0x08009f08        0x8
 *(.ARM.exidx* .gnu.linkonce.armexidx.*)
 .ARM.exidx     0x08009f08        0x8 D:\Users\Stoodio 2nd\AppData\Local\Temp\VMBuilds\GateXtal\Arduino_STM32-master_genericSTM32F103C\Release\variant\start.S.o
 .ARM.exidx.text.__aeabi_atexit
                0x08009f10        0x0 d:/users/stoodio 2nd/appdata/local/arduino15/packages/arduino/tools/arm-none-eabi-gcc/4.8.3-2014q1/bin/../lib/gcc/arm-none-eabi/4.8.3/../../../../arm-none-eabi/lib/armv7-m\libstdc++.a(atexit_arm.o)
                                  0x8 (size before relaxing)
 .ARM.exidx     0x08009f10        0x0 d:/users/stoodio 2nd/appdata/local/arduino15/packages/arduino/tools/arm-none-eabi-gcc/4.8.3-2014q1/bin/../lib/gcc/arm-none-eabi/4.8.3/armv7-m\libgcc.a(_divdi3.o)
                                  0x8 (size before relaxing)
 .ARM.exidx     0x08009f10        0x0 d:/users/stoodio 2nd/appdata/local/arduino15/packages/arduino/tools/arm-none-eabi-gcc/4.8.3-2014q1/bin/../lib/gcc/arm-none-eabi/4.8.3/armv7-m\libgcc.a(_udivdi3.o)
                                  0x8 (size before relaxing)
                0x08009f10                __exidx_end = .

.data           0x20000000      0x9b8 load address 0x08009f10
                0x20000000                __data_start__ = .
                0x20000000        0x4 LONG 0x0
                0x20000008                . = ALIGN (0x8)
 *fill*         0x20000004        0x4 
 *(.got.plt)
 *(.got)
 *(.data .data.* .gnu.linkonce.d.*)
 .data          0x20000008        0x4 d:/users/stoodio 2nd/appdata/local/arduino15/packages/arduino/tools/arm-none-eabi-gcc/4.8.3-2014q1/bin/../lib/gcc/arm-none-eabi/4.8.3/armv7-m/crtbegin.o
                0x20000008                __dso_handle
 .data.sequence
                0x2000000c      0x100 D:\Users\Stoodio 2nd\AppData\Local\Temp\VMBuilds\GateXtal\Arduino_STM32-master_genericSTM32F103C\Release\GateXtal.cpp.o
                0x2000000c                sequence
 .data.knobLock
                0x2000010c        0x4 D:\Users\Stoodio 2nd\AppData\Local\Temp\VMBuilds\GateXtal\Arduino_STM32-master_genericSTM32F103C\Release\GateXtal.cpp.o
                0x2000010c                knobLock
 .data.LEDS     0x20000110       0x10 D:\Users\Stoodio 2nd\AppData\Local\Temp\VMBuilds\GateXtal\Arduino_STM32-master_genericSTM32F103C\Release\GateXtal.cpp.o
                0x20000110                LEDS
 .data.mod_ratio
                0x20000120        0x4 D:\Users\Stoodio 2nd\AppData\Local\Temp\VMBuilds\GateXtal\Arduino_STM32-master_genericSTM32F103C\Release\GateXtal.cpp.o
                0x20000120                mod_ratio
 .data.lockAnchor
                0x20000124       0x10 D:\Users\Stoodio 2nd\AppData\Local\Temp\VMBuilds\GateXtal\Arduino_STM32-master_genericSTM32F103C\Release\GateXtal.cpp.o
                0x20000124                lockAnchor
 .data.lpfCutoff
                0x20000134        0x1 D:\Users\Stoodio 2nd\AppData\Local\Temp\VMBuilds\GateXtal\Arduino_STM32-master_genericSTM32F103C\Release\GateXtal.cpp.o
                0x20000134                lpfCutoff
 .data.seqLength
                0x20000135        0x1 D:\Users\Stoodio 2nd\AppData\Local\Temp\VMBuilds\GateXtal\Arduino_STM32-master_genericSTM32F103C\Release\GateXtal.cpp.o
                0x20000135                seqLength
 *fill*         0x20000136        0x2 
 .data.mozziRaw
                0x20000138       0x10 D:\Users\Stoodio 2nd\AppData\Local\Temp\VMBuilds\GateXtal\Arduino_STM32-master_genericSTM32F103C\Release\GateXtal.cpp.o
                0x20000138                mozziRaw
 .data.mod_freq
                0x20000148        0x4 D:\Users\Stoodio 2nd\AppData\Local\Temp\VMBuilds\GateXtal\Arduino_STM32-master_genericSTM32F103C\Release\GateXtal.cpp.o
                0x20000148                mod_freq
 .data.midiClockStepSize
                0x2000014c        0x1 D:\Users\Stoodio 2nd\AppData\Local\Temp\VMBuilds\GateXtal\Arduino_STM32-master_genericSTM32F103C\Release\GateXtal.cpp.o
                0x2000014c                midiClockStepSize
 *fill*         0x2000014d        0x3 
 .data.aSinFreq
                0x20000150        0x4 D:\Users\Stoodio 2nd\AppData\Local\Temp\VMBuilds\GateXtal\Arduino_STM32-master_genericSTM32F103C\Release\GateXtal.cpp.o
                0x20000150                aSinFreq
 .data.seqTempo
                0x20000154        0x4 D:\Users\Stoodio 2nd\AppData\Local\Temp\VMBuilds\GateXtal\Arduino_STM32-master_genericSTM32F103C\Release\GateXtal.cpp.o
                0x20000154                seqTempo
 .data.KNOBS    0x20000158       0x10 D:\Users\Stoodio 2nd\AppData\Local\Temp\VMBuilds\GateXtal\Arduino_STM32-master_genericSTM32F103C\Release\GateXtal.cpp.o
                0x20000158                KNOBS
 .data.writeOctSelect
                0x20000168        0x1 D:\Users\Stoodio 2nd\AppData\Local\Temp\VMBuilds\GateXtal\Arduino_STM32-master_genericSTM32F103C\Release\GateXtal.cpp.o
                0x20000168                writeOctSelect
 *fill*         0x20000169        0x3 
 .data.BUTTONS  0x2000016c       0x14 D:\Users\Stoodio 2nd\AppData\Local\Temp\VMBuilds\GateXtal\Arduino_STM32-master_genericSTM32F103C\Release\GateXtal.cpp.o