Archive member included because of file (symbol)

D:\Users\Stoodio 2nd\AppData\Local\Temp\VMBuilds\GateXtal\Arduino_STM32-master_genericSTM32F103C\Release/core.a(exc.S.o)
                              (__exc_hardfault)
D:\Users\Stoodio 2nd\AppData\Local\Temp\VMBuilds\GateXtal\Arduino_STM32-master_genericSTM32F103C\Release/core.a(isrs.S.o)
                              (__stm32reservedexception7)
D:\Users\Stoodio 2nd\AppData\Local\Temp\VMBuilds\GateXtal\Arduino_STM32-master_genericSTM32F103C\Release/core.a(vector_table.S.o)
                              (__stm32_vector_table)
D:\Users\Stoodio 2nd\AppData\Local\Temp\VMBuilds\GateXtal\Arduino_STM32-master_genericSTM32F103C\Release/core.a(adc.c.o)
                              D:\Users\Stoodio 2nd\AppData\Local\Temp\VMBuilds\GateXtal\Arduino_STM32-master_genericSTM32F103C\Release\STM32ADC\STM32ADC.cpp.o (adc_set_extsel)
D:\Users\Stoodio 2nd\AppData\Local\Temp\VMBuilds\GateXtal\Arduino_STM32-master_genericSTM32F103C\Release/core.a(adc_f1.c.o)
                              D:\Users\Stoodio 2nd\AppData\Local\Temp\VMBuilds\GateXtal\Arduino_STM32-master_genericSTM32F103C\Release\STM32ADC\STM32ADC.cpp.o (adc_attach_interrupt)
D:\Users\Stoodio 2nd\AppData\Local\Temp\VMBuilds\GateXtal\Arduino_STM32-master_genericSTM32F103C\Release/core.a(dma.c.o)
                              D:\Users\Stoodio 2nd\AppData\Local\Temp\VMBuilds\GateXtal\Arduino_STM32-master_genericSTM32F103C\Release\STM32ADC\STM32ADC.cpp.o (dma_init)
D:\Users\Stoodio 2nd\AppData\Local\Temp\VMBuilds\GateXtal\Arduino_STM32-master_genericSTM32F103C\Release/core.a(dma_f1.c.o)
                              D:\Users\Stoodio 2nd\AppData\Local\Temp\VMBuilds\GateXtal\Arduino_STM32-master_genericSTM32F103C\Release\STM32ADC\STM32ADC.cpp.o (dma_set_num_transfers)
D:\Users\Stoodio 2nd\AppData\Local\Temp\VMBuilds\GateXtal\Arduino_STM32-master_genericSTM32F103C\Release/core.a(flash.c.o)
                              D:\Users\Stoodio 2nd\AppData\Local\Temp\VMBuilds\GateXtal\Arduino_STM32-master_genericSTM32F103C\Release\variant\boards.cpp.o (flash_set_latency)
D:\Users\Stoodio 2nd\AppData\Local\Temp\VMBuilds\GateXtal\Arduino_STM32-master_genericSTM32F103C\Release/core.a(gpio_f1.c.o)
                              D:\Users\Stoodio 2nd\AppData\Local\Temp\VMBuilds\GateXtal\Arduino_STM32-master_genericSTM32F103C\Release\variant\boards_setup.cpp.o (gpio_init_all)
D:\Users\Stoodio 2nd\AppData\Local\Temp\VMBuilds\GateXtal\Arduino_STM32-master_genericSTM32F103C\Release/core.a(iwdg.c.o)
                              D:\Users\Stoodio 2nd\AppData\Local\Temp\VMBuilds\GateXtal\Arduino_STM32-master_genericSTM32F103C\Release\USBHID_stm32f1-edited\USBCompositeSerial.cpp.o (iwdg_init)
D:\Users\Stoodio 2nd\AppData\Local\Temp\VMBuilds\GateXtal\Arduino_STM32-master_genericSTM32F103C\Release/core.a(nvic.c.o)
                              D:\Users\Stoodio 2nd\AppData\Local\Temp\VMBuilds\GateXtal\Arduino_STM32-master_genericSTM32F103C\Release\variant\boards.cpp.o (nvic_init)
D:\Users\Stoodio 2nd\AppData\Local\Temp\VMBuilds\GateXtal\Arduino_STM32-master_genericSTM32F103C\Release/core.a(rcc.c.o)
                              D:\Users\Stoodio 2nd\AppData\Local\Temp\VMBuilds\GateXtal\Arduino_STM32-master_genericSTM32F103C\Release\variant\boards.cpp.o (rcc_switch_sysclk)
D:\Users\Stoodio 2nd\AppData\Local\Temp\VMBuilds\GateXtal\Arduino_STM32-master_genericSTM32F103C\Release/core.a(rcc_f1.c.o)
                              D:\Users\Stoodio 2nd\AppData\Local\Temp\VMBuilds\GateXtal\Arduino_STM32-master_genericSTM32F103C\Release\variant\boards.cpp.o (rcc_configure_pll)
D:\Users\Stoodio 2nd\AppData\Local\Temp\VMBuilds\GateXtal\Arduino_STM32-master_genericSTM32F103C\Release/core.a(systick.c.o)
                              D:\Users\Stoodio 2nd\AppData\Local\Temp\VMBuilds\GateXtal\Arduino_STM32-master_genericSTM32F103C\Release\variant\boards.cpp.o (systick_init)
D:\Users\Stoodio 2nd\AppData\Local\Temp\VMBuilds\GateXtal\Arduino_STM32-master_genericSTM32F103C\Release/core.a(timer.c.o)
                              D:\Users\Stoodio 2nd\AppData\Local\Temp\VMBuilds\GateXtal\Arduino_STM32-master_genericSTM32F103C\Release\variant\boards.cpp.o (timer_foreach)
D:\Users\Stoodio 2nd\AppData\Local\Temp\VMBuilds\GateXtal\Arduino_STM32-master_genericSTM32F103C\Release/core.a(usart_f1.c.o)
                              D:\Users\Stoodio 2nd\AppData\Local\Temp\VMBuilds\GateXtal\Arduino_STM32-master_genericSTM32F103C\Release\variant\board.cpp.o (USART3)
D:\Users\Stoodio 2nd\AppData\Local\Temp\VMBuilds\GateXtal\Arduino_STM32-master_genericSTM32F103C\Release/core.a(usart_private.c.o)
                              D:\Users\Stoodio 2nd\AppData\Local\Temp\VMBuilds\GateXtal\Arduino_STM32-master_genericSTM32F103C\Release/core.a(usart_f1.c.o) (_usart_clock_freq)
D:\Users\Stoodio 2nd\AppData\Local\Temp\VMBuilds\GateXtal\Arduino_STM32-master_genericSTM32F103C\Release/core.a(util.c.o)
[...]
Memory Configuration

Name             Origin             Length             Attributes
ram              0x20000000         0x00005000         xrw
rom              0x08000000         0x00010000         xr
*default*        0x00000000         0xffffffff

Linker script and memory map

LOAD d:/users/stoodio 2nd/appdata/local/arduino15/packages/arduino/tools/arm-none-eabi-gcc/4.8.3-2014q1/bin/../lib/gcc/arm-none-eabi/4.8.3/armv7-m/crti.o
LOAD d:/users/stoodio 2nd/appdata/local/arduino15/packages/arduino/tools/arm-none-eabi-gcc/4.8.3-2014q1/bin/../lib/gcc/arm-none-eabi/4.8.3/armv7-m/crtbegin.o
LOAD d:/users/stoodio 2nd/appdata/local/arduino15/packages/arduino/tools/arm-none-eabi-gcc/4.8.3-2014q1/bin/../lib/gcc/arm-none-eabi/4.8.3/../../../../arm-none-eabi/lib/armv7-m/crt0.o
LOAD d:/users/stoodio 2nd/appdata/local/arduino15/packages/arduino/tools/arm-none-eabi-gcc/4.8.3-2014q1/bin/../lib/gcc/arm-none-eabi/4.8.3/armv7-m\libgcc.a
START GROUP
LOAD D:\Users\Stoodio 2nd\AppData\Local\Temp\VMBuilds\GateXtal\Arduino_STM32-master_genericSTM32F103C\Release\GateXtal.cpp.o
LOAD D:\Users\Stoodio 2nd\AppData\Local\Temp\VMBuilds\GateXtal\Arduino_STM32-master_genericSTM32F103C\Release\USBHID_stm32f1-edited\MinSysex.c.o
LOAD D:\Users\Stoodio 2nd\AppData\Local\Temp\VMBuilds\GateXtal\Arduino_STM32-master_genericSTM32F103C\Release\USBHID_stm32f1-edited\usb_generic.c.o
LOAD D:\Users\Stoodio 2nd\AppData\Local\Temp\VMBuilds\GateXtal\Arduino_STM32-master_genericSTM32F103C\Release\USBHID_stm32f1-edited\usb_hid.c.o
LOAD D:\Users\Stoodio 2nd\AppData\Local\Temp\VMBuilds\GateXtal\Arduino_STM32-master_genericSTM32F103C\Release\USBHID_stm32f1-edited\usb_mass.c.o
LOAD D:\Users\Stoodio 2nd\AppData\Local\Temp\VMBuilds\GateXtal\Arduino_STM32-master_genericSTM32F103C\Release\USBHID_stm32f1-edited\usb_mass_mal.c.o
LOAD D:\Users\Stoodio 2nd\AppData\Local\Temp\VMBuilds\GateXtal\Arduino_STM32-master_genericSTM32F103C\Release\USBHID_stm32f1-edited\usb_midi_device.c.o
LOAD D:\Users\Stoodio 2nd\AppData\Local\Temp\VMBuilds\GateXtal\Arduino_STM32-master_genericSTM32F103C\Release\USBHID_stm32f1-edited\usb_scsi.c.o
LOAD D:\Users\Stoodio 2nd\AppData\Local\Temp\VMBuilds\GateXtal\Arduino_STM32-master_genericSTM32F103C\Release\USBHID_stm32f1-edited\usb_scsi_data.c.o
LOAD D:\Users\Stoodio 2nd\AppData\Local\Temp\VMBuilds\GateXtal\Arduino_STM32-master_genericSTM32F103C\Release\USBHID_stm32f1-edited\usb_serial.c.o
LOAD D:\Users\Stoodio 2nd\AppData\Local\Temp\VMBuilds\GateXtal\Arduino_STM32-master_genericSTM32F103C\Release\USBHID_stm32f1-edited\usb_x360.c.o
LOAD D:\Users\Stoodio 2nd\AppData\Local\Temp\VMBuilds\GateXtal\Arduino_STM32-master_genericSTM32F103C\Release\USBHID_stm32f1-edited\AbsMouse.cpp.o
LOAD D:\Users\Stoodio 2nd\AppData\Local\Temp\VMBuilds\GateXtal\Arduino_STM32-master_genericSTM32F103C\Release\USBHID_stm32f1-edited\BootKeyboard.cpp.o
LOAD D:\Users\Stoodio 2nd\AppData\Local\Temp\VMBuilds\GateXtal\Arduino_STM32-master_genericSTM32F103C\Release\USBHID_stm32f1-edited\Consumer.cpp.o
LOAD D:\Users\Stoodio 2nd\AppData\Local\Temp\VMBuilds\GateXtal\Arduino_STM32-master_genericSTM32F103C\Release\USBHID_stm32f1-edited\HIDReports.cpp.o
LOAD D:\Users\Stoodio 2nd\AppData\Local\Temp\VMBuilds\GateXtal\Arduino_STM32-master_genericSTM32F103C\Release\USBHID_stm32f1-edited\Joystick.cpp.o
LOAD D:\Users\Stoodio 2nd\AppData\Local\Temp\VMBuilds\GateXtal\Arduino_STM32-master_genericSTM32F103C\Release\USBHID_stm32f1-edited\Keyboard.cpp.o
LOAD D:\Users\Stoodio 2nd\AppData\Local\Temp\VMBuilds\GateXtal\Arduino_STM32-master_genericSTM32F103C\Release\USBHID_stm32f1-edited\Mouse.cpp.o
LOAD D:\Users\Stoodio 2nd\AppData\Local\Temp\VMBuilds\GateXtal\Arduino_STM32-master_genericSTM32F103C\Release\USBHID_stm32f1-edited\USBComposite.cpp.o
LOAD D:\Users\Stoodio 2nd\AppData\Local\Temp\VMBuilds\GateXtal\Arduino_STM32-master_genericSTM32F103C\Release\USBHID_stm32f1-edited\USBCompositeSerial.cpp.o
LOAD D:\Users\Stoodio 2nd\AppData\Local\Temp\VMBuilds\GateXtal\Arduino_STM32-master_genericSTM32F103C\Release\USBHID_stm32f1-edited\USBHID.cpp.o
LOAD D:\Users\Stoodio 2nd\AppData\Local\Temp\VMBuilds\GateXtal\Arduino_STM32-master_genericSTM32F103C\Release\USBHID_stm32f1-edited\USBMassStorage.cpp.o
LOAD D:\Users\Stoodio 2nd\AppData\Local\Temp\VMBuilds\GateXtal\Arduino_STM32-master_genericSTM32F103C\Release\USBHID_stm32f1-edited\USBMIDI.cpp.o
LOAD D:\Users\Stoodio 2nd\AppData\Local\Temp\VMBuilds\GateXtal\Arduino_STM32-master_genericSTM32F103C\Release\USBHID_stm32f1-edited\USBXBox360.cpp.o
LOAD D:\Users\Stoodio 2nd\AppData\Local\Temp\VMBuilds\GateXtal\Arduino_STM32-master_genericSTM32F103C\Release\USBHID_stm32f1-edited\usb_setup.cpp.o
LOAD D:\Users\Stoodio 2nd\AppData\Local\Temp\VMBuilds\GateXtal\Arduino_STM32-master_genericSTM32F103C\Release\STM32ADC\STM32ADC.cpp.o
LOAD D:\Users\Stoodio 2nd\AppData\Local\Temp\VMBuilds\GateXtal\Arduino_STM32-master_genericSTM32F103C\Release\STM32ADC\utility\util_adc.c.o
LOAD D:\Users\Stoodio 2nd\AppData\Local\Temp\VMBuilds\GateXtal\Arduino_STM32-master_genericSTM32F103C\Release\EEPROM\flash_stm32.c.o
LOAD D:\Users\Stoodio 2nd\AppData\Local\Temp\VMBuilds\GateXtal\Arduino_STM32-master_genericSTM32F103C\Release\EEPROM\EEPROM.cpp.o
LOAD D:\Users\Stoodio 2nd\AppData\Local\Temp\VMBuilds\GateXtal\Arduino_STM32-master_genericSTM32F103C\Release\MIDI\MIDI.cpp.o
LOAD D:\Users\Stoodio 2nd\AppData\Local\Temp\VMBuilds\GateXtal\Arduino_STM32-master_genericSTM32F103C\Release\Mozzi-master\MozziGuts.cpp.o
LOAD D:\Users\Stoodio 2nd\AppData\Local\Temp\VMBuilds\GateXtal\Arduino_STM32-master_genericSTM32F103C\Release\Mozzi-master\mozzi_analog.cpp.o
LOAD D:\Users\Stoodio 2nd\AppData\Local\Temp\VMBuilds\GateXtal\Arduino_STM32-master_genericSTM32F103C\Release\Mozzi-master\mozzi_fixmath.cpp.o
LOAD D:\Users\Stoodio 2nd\AppData\Local\Temp\VMBuilds\GateXtal\Arduino_STM32-master_genericSTM32F103C\Release\Mozzi-master\mozzi_midi.cpp.o
LOAD D:\Users\Stoodio 2nd\AppData\Local\Temp\VMBuilds\GateXtal\Arduino_STM32-master_genericSTM32F103C\Release\Mozzi-master\mozzi_rand.cpp.o
LOAD D:\Users\Stoodio 2nd\AppData\Local\Temp\VMBuilds\GateXtal\Arduino_STM32-master_genericSTM32F103C\Release\Mozzi-master\mozzi_utils.cpp.o
LOAD D:\Users\Stoodio 2nd\AppData\Local\Temp\VMBuilds\GateXtal\Arduino_STM32-master_genericSTM32F103C\Release\Mozzi-master\twi_nonblock.cpp.o
LOAD D:\Users\Stoodio 2nd\AppData\Local\Temp\VMBuilds\GateXtal\Arduino_STM32-master_genericSTM32F103C\Release\Mozzi-master\utility\FrequencyTimer2.cpp.o
LOAD D:\Users\Stoodio 2nd\AppData\Local\Temp\VMBuilds\GateXtal\Arduino_STM32-master_genericSTM32F103C\Release\Mozzi-master\utility\TimerOne.cpp.o
LOAD D:\Users\Stoodio 2nd\AppData\Local\Temp\VMBuilds\GateXtal\Arduino_STM32-master_genericSTM32F103C\Release\Mozzi-master\utility\TimerZero.cpp.o
LOAD D:\Users\Stoodio 2nd\AppData\Local\Temp\VMBuilds\GateXtal\Arduino_STM32-master_genericSTM32F103C\Release\variant\board.cpp.o
LOAD D:\Users\Stoodio 2nd\AppData\Local\Temp\VMBuilds\GateXtal\Arduino_STM32-master_genericSTM32F103C\Release\variant\boards.cpp.o
LOAD D:\Users\Stoodio 2nd\AppData\Local\Temp\VMBuilds\GateXtal\Arduino_STM32-master_genericSTM32F103C\Release\variant\boards_setup.cpp.o
LOAD D:\Users\Stoodio 2nd\AppData\Local\Temp\VMBuilds\GateXtal\Arduino_STM32-master_genericSTM32F103C\Release\variant\start.S.o
LOAD D:\Users\Stoodio 2nd\AppData\Local\Temp\VMBuilds\GateXtal\Arduino_STM32-master_genericSTM32F103C\Release\variant\start_c.c.o
LOAD D:\Users\Stoodio 2nd\AppData\Local\Temp\VMBuilds\GateXtal\Arduino_STM32-master_genericSTM32F103C\Release\variant\syscalls.c.o
LOAD D:\Users\Stoodio 2nd\AppData\Local\Temp\VMBuilds\GateXtal\Arduino_STM32-master_genericSTM32F103C\Release/core.a
END GROUP
LOAD d:/users/stoodio 2nd/appdata/local/arduino15/packages/arduino/tools/arm-none-eabi-gcc/4.8.3-2014q1/bin/../lib/gcc/arm-none-eabi/4.8.3/../../../../arm-none-eabi/lib/armv7-m\libstdc++.a
LOAD d:/users/stoodio 2nd/appdata/local/arduino15/packages/arduino/tools/arm-none-eabi-gcc/4.8.3-2014q1/bin/../lib/gcc/arm-none-eabi/4.8.3/../../../../arm-none-eabi/lib/armv7-m\libm.a
START GROUP
LOAD d:/users/stoodio 2nd/appdata/local/arduino15/packages/arduino/tools/arm-none-eabi-gcc/4.8.3-2014q1/bin/../lib/gcc/arm-none-eabi/4.8.3/armv7-m\libgcc.a
LOAD d:/users/stoodio 2nd/appdata/local/arduino15/packages/arduino/tools/arm-none-eabi-gcc/4.8.3-2014q1/bin/../lib/gcc/arm-none-eabi/4.8.3/../../../../arm-none-eabi/lib/armv7-m\libc.a
END GROUP
LOAD d:/users/stoodio 2nd/appdata/local/arduino15/packages/arduino/tools/arm-none-eabi-gcc/4.8.3-2014q1/bin/../lib/gcc/arm-none-eabi/4.8.3/armv7-m/crtend.o
LOAD d:/users/stoodio 2nd/appdata/local/arduino15/packages/arduino/tools/arm-none-eabi-gcc/4.8.3-2014q1/bin/../lib/gcc/arm-none-eabi/4.8.3/armv7-m/crtn.o
START GROUP
LOAD d:/users/stoodio 2nd/appdata/local/arduino15/packages/arduino/tools/arm-none-eabi-gcc/4.8.3-2014q1/bin/../lib/gcc/arm-none-eabi/4.8.3/armv7-m\libgcc.a
LOAD d:/users/stoodio 2nd/appdata/local/arduino15/packages/arduino/tools/arm-none-eabi-gcc/4.8.3-2014q1/bin/../lib/gcc/arm-none-eabi/4.8.3/../../../../arm-none-eabi/lib/armv7-m\libc.a
LOAD d:/users/stoodio 2nd/appdata/local/arduino15/packages/arduino/tools/arm-none-eabi-gcc/4.8.3-2014q1/bin/../lib/gcc/arm-none-eabi/4.8.3/../../../../arm-none-eabi/lib/armv7-m\libm.a
END GROUP
START GROUP
LOAD d:/users/stoodio 2nd/appdata/local/arduino15/packages/arduino/tools/arm-none-eabi-gcc/4.8.3-2014q1/bin/../lib/gcc/arm-none-eabi/4.8.3/../../../../arm-none-eabi/lib/armv7-m\libnosys.a
END GROUP
                0x20005000                PROVIDE (__msp_init, (ORIGIN (ram) + 0x5000))
                0x08003b90                PROVIDE (__exc_reset, __start__)

.text           0x08000000     0x9120
                0x08000000                __text_start__ = .
 *(.stm32.interrupt_vector)
 .stm32.interrupt_vector
                0x08000000       0xec D:\Users\Stoodio 2nd\AppData\Local\Temp\VMBuilds\GateXtal\Arduino_STM32-master_genericSTM32F103C\Release/core.a(vector_table.S.o)
                0x08000000                __stm32_vector_table
 *(.text .text.* .gnu.linkonce.t.*)
 .text          0x080000ec       0x54 d:/users/stoodio 2nd/appdata/local/arduino15/packages/arduino/tools/arm-none-eabi-gcc/4.8.3-2014q1/bin/../lib/gcc/arm-none-eabi/4.8.3/armv7-m/crtbegin.o
 .text._ZN8gateMidi10handleSyncEv
                0x08000140        0x4 D:\Users\Stoodio 2nd\AppData\Local\Temp\VMBuilds\GateXtal\Arduino_STM32-master_genericSTM32F103C\Release\GateXtal.cpp.o
                0x08000140                gateMidi::handleSync()
 .text._ZN4midi13MidiInterfaceI14HardwareSerialNS_15DefaultSettingsEED2Ev
                0x08000144        0x4 D:\Users\Stoodio 2nd\AppData\Local\Temp\VMBuilds\GateXtal\Arduino_STM32-master_genericSTM32F103C\Release\GateXtal.cpp.o
                0x08000144                midi::MidiInterface<HardwareSerial, midi::DefaultSettings>::~MidiInterface()
                0x08000144                midi::MidiInterface<HardwareSerial, midi::DefaultSettings>::~MidiInterface()
 .text._Z20handleMIDIClockStartv
                0x08000148       0x28 D:\Users\Stoodio 2nd\AppData\Local\Temp\VMBuilds\GateXtal\Arduino_STM32-master_genericSTM32F103C\Release\GateXtal.cpp.o
                0x08000148                handleMIDIClockStart()
 .text._Z13HandleNoteOffhh.part.15
                0x08000170       0x44 D:\Users\Stoodio 2nd\AppData\Local\Temp\VMBuilds\GateXtal\Arduino_STM32-master_genericSTM32F103C\Release\GateXtal.cpp.o
 .text._Z12HandleNoteOnhh.part.13
                0x080001b4       0xe0 D:\Users\Stoodio 2nd\AppData\Local\Temp\VMBuilds\GateXtal\Arduino_STM32-master_genericSTM32F103C\Release\GateXtal.cpp.o
 .text._ZN8gateMidi12handleNoteOnEjjj
                0x08000294       0x30 D:\Users\Stoodio 2nd\AppData\Local\Temp\VMBuilds\GateXtal\Arduino_STM32-master_genericSTM32F103C\Release\GateXtal.cpp.o
                0x08000294                gateMidi::handleNoteOn(unsigned int, unsigned int, unsigned int)
 .text._Z15HandleDINNoteOnhhh
                0x080002c4       0x54 D:\Users\Stoodio 2nd\AppData\Local\Temp\VMBuilds\GateXtal\Arduino_STM32-master_genericSTM32F103C\Release\GateXtal.cpp.o
                0x080002c4                HandleDINNoteOn(unsigned char, unsigned char, unsigned char)
 .text._Z16HandleDINNoteOffhhh
                0x08000318       0x5c D:\Users\Stoodio 2nd\AppData\Local\Temp\VMBuilds\GateXtal\Arduino_STM32-master_genericSTM32F103C\Release\GateXtal.cpp.o
                0x08000318                HandleDINNoteOff(unsigned char, unsigned char, unsigned char)
 .text._ZN8gateMidi13handleNoteOffEjjj
                0x08000374       0x60 D:\Users\Stoodio 2nd\AppData\Local\Temp\VMBuilds\GateXtal\Arduino_STM32-master_genericSTM32F103C\Release\GateXtal.cpp.o
                0x08000374                gateMidi::handleNoteOff(unsigned int, unsigned int, unsigned int)
 .text._Z19handleMIDIClockStopv
                0x080003d4       0x80 D:\Users\Stoodio 2nd\AppData\Local\Temp\VMBuilds\GateXtal\Arduino_STM32-master_genericSTM32F103C\Release\GateXtal.cpp.o
                0x080003d4                handleMIDIClockStop()
 .text._Z15handleMIDIClockv
                0x08000454      0x124 D:\Users\Stoodio 2nd\AppData\Local\Temp\VMBuilds\GateXtal\Arduino_STM32-master_genericSTM32F103C\Release\GateXtal.cpp.o
                0x08000454                handleMIDIClock()
 .text._Z5setupv
                0x08000578      0x1e8 D:\Users\Stoodio 2nd\AppData\Local\Temp\VMBuilds\GateXtal\Arduino_STM32-master_genericSTM32F103C\Release\GateXtal.cpp.o
                0x08000578                setup()
 .text._Z11updateAudiov
                0x08000760       0x7c D:\Users\Stoodio 2nd\AppData\Local\Temp\VMBuilds\GateXtal\Arduino_STM32-master_genericSTM32F103C\Release\GateXtal.cpp.o
                0x08000760                updateAudio()
 .text._Z4loopv
                0x080007dc       0x38 D:\Users\Stoodio 2nd\AppData\Local\Temp\VMBuilds\GateXtal\Arduino_STM32-master_genericSTM32F103C\Release\GateXtal.cpp.o
                0x080007dc                loop()
 .text._Z16handleInternalCVv
                0x08000814      0x39c D:\Users\Stoodio 2nd\AppData\Local\Temp\VMBuilds\GateXtal\Arduino_STM32-master_genericSTM32F103C\Release\GateXtal.cpp.o
                0x08000814                handleInternalCV()
 .text._Z12playNextStepv
                0x08000bb0       0xbc D:\Users\Stoodio 2nd\AppData\Local\Temp\VMBuilds\GateXtal\Arduino_STM32-master_genericSTM32F103C\Release\GateXtal.cpp.o
                0x08000bb0                playNextStep()
 .text._Z16handleArcadeButtv
                0x08000c6c      0x124 D:\Users\Stoodio 2nd\AppData\Local\Temp\VMBuilds\GateXtal\Arduino_STM32-master_genericSTM32F103C\Release\GateXtal.cpp.o
                0x08000c6c                handleArcadeButt()
 .text._Z13updateControlv
                0x08000d90       0x58 D:\Users\Stoodio 2nd\AppData\Local\Temp\VMBuilds\GateXtal\Arduino_STM32-master_genericSTM32F103C\Release\GateXtal.cpp.o
                0x08000d90                updateControl()
 .text.startup._GLOBAL__sub_I_debugToggle
                0x08000de8       0xb8 D:\Users\Stoodio 2nd\AppData\Local\Temp\VMBuilds\GateXtal\Arduino_STM32-master_genericSTM32F103C\Release\GateXtal.cpp.o
 .text.LglSysexHandler
                0x08000ea0      0x27c D:\Users\Stoodio 2nd\AppData\Local\Temp\VMBuilds\GateXtal\Arduino_STM32-master_genericSTM32F103C\Release\USBHID_stm32f1-edited\MinSysex.c.o
                0x08000ea0                LglSysexHandler
 .text.usbInit  0x0800111c       0x70 D:\Users\Stoodio 2nd\AppData\Local\Temp\VMBuilds\GateXtal\Arduino_STM32-master_genericSTM32F103C\Release\USBHID_stm32f1-edited\usb_generic.c.o
 .text.usbNoDataSetup
                0x0800118c       0x38 D:\Users\Stoodio 2nd\AppData\Local\Temp\VMBuilds\GateXtal\Arduino_STM32-master_genericSTM32F103C\Release\USBHID_stm32f1-edited\usb_generic.c.o
 .text.usbSetConfiguration
                0x080011c4       0x44 D:\Users\Stoodio 2nd\AppData\Local\Temp\VMBuilds\GateXtal\Arduino_STM32-master_genericSTM32F103C\Release\USBHID_stm32f1-edited\usb_generic.c.o
 .text.usbClearFeature
                0x08001208       0x2c D:\Users\Stoodio 2nd\AppData\Local\Temp\VMBuilds\GateXtal\Arduino_STM32-master_genericSTM32F103C\Release\USBHID_stm32f1-edited\usb_generic.c.o
 .text.usbSetDeviceAddress
                0x08001234       0x10 D:\Users\Stoodio 2nd\AppData\Local\Temp\VMBuilds\GateXtal\Arduino_STM32-master_genericSTM32F103C\Release\USBHID_stm32f1-edited\usb_generic.c.o
 .text.usbGetInterfaceSetting
                0x08001244       0x18 D:\Users\Stoodio 2nd\AppData\Local\Temp\VMBuilds\GateXtal\Arduino_STM32-master_genericSTM32F103C\Release\USBHID_stm32f1-edited\usb_generic.c.o
 .text.usbGetStringDescriptor
                0x0800125c       0x28 D:\Users\Stoodio 2nd\AppData\Local\Temp\VMBuilds\GateXtal\Arduino_STM32-master_genericSTM32F103C\Release\USBHID_stm32f1-edited\usb_generic.c.o
 .text.usbGetConfigDescriptor
                0x08001284        0xc D:\Users\Stoodio 2nd\AppData\Local\Temp\VMBuilds\GateXtal\Arduino_STM32-master_genericSTM32F103C\Release\USBHID_stm32f1-edited\usb_generic.c.o
 .text.usbGetDeviceDescriptor
                0x08001290        0xc D:\Users\Stoodio 2nd\AppData\Local\Temp\VMBuilds\GateXtal\Arduino_STM32-master_genericSTM32F103C\Release\USBHID_stm32f1-edited\usb_generic.c.o
 .text.usbReset
                0x0800129c      0x1a4 D:\Users\Stoodio 2nd\AppData\Local\Temp\VMBuilds\GateXtal\Arduino_STM32-master_genericSTM32F103C\Release\USBHID_stm32f1-edited\usb_generic.c.o
 .text.usbDataSetup
                0x08001440       0x68 D:\Users\Stoodio 2nd\AppData\Local\Temp\VMBuilds\GateXtal\Arduino_STM32-master_genericSTM32F103C\Release\USBHID_stm32f1-edited\usb_generic.c.o
 .text.usb_generic_set_parts
                0x080014a8      0x1a0 D:\Users\Stoodio 2nd\AppData\Local\Temp\VMBuilds\GateXtal\Arduino_STM32-master_genericSTM32F103C\Release\USBHID_stm32f1-edited\usb_generic.c.o
                0x080014a8                usb_generic_set_parts
 .text.usb_generic_set_info
                0x08001648       0x70 D:\Users\Stoodio 2nd\AppData\Local\Temp\VMBuilds\GateXtal\Arduino_STM32-master_genericSTM32F103C\Release\USBHID_stm32f1-edited\usb_generic.c.o
                0x08001648                usb_generic_set_info
 .text.usb_generic_enable
                0x080016b8      0x100 D:\Users\Stoodio 2nd\AppData\Local\Temp\VMBuilds\GateXtal\Arduino_STM32-master_genericSTM32F103C\Release\USBHID_stm32f1-edited\usb_generic.c.o
                0x080016b8                usb_generic_enable
 .text.usb_copy_to_pma
                0x080017b8       0x58 D:\Users\Stoodio 2nd\AppData\Local\Temp\VMBuilds\GateXtal\Arduino_STM32-master_genericSTM32F103C\Release\USBHID_stm32f1-edited\usb_generic.c.o
                0x080017b8                usb_copy_to_pma
 .text.usb_copy_from_pma
                0x08001810       0x44 D:\Users\Stoodio 2nd\AppData\Local\Temp\VMBuilds\GateXtal\Arduino_STM32-master_genericSTM32F103C\Release\USBHID_stm32f1-edited\usb_generic.c.o
                0x08001810                usb_copy_from_pma
 .text.getHIDPartDescriptor
                0x08001854       0x4c D:\Users\Stoodio 2nd\AppData\Local\Temp\VMBuilds\GateXtal\Arduino_STM32-master_genericSTM32F103C\Release\USBHID_stm32f1-edited\usb_hid.c.o
 .text.hidDataTxCb
                0x080018a0       0xe0 D:\Users\Stoodio 2nd\AppData\Local\Temp\VMBuilds\GateXtal\Arduino_STM32-master_genericSTM32F103C\Release\USBHID_stm32f1-edited\usb_hid.c.o
 .text.hidUSBReset
                0x08001980       0x1c D:\Users\Stoodio 2nd\AppData\Local\Temp\VMBuilds\GateXtal\Arduino_STM32-master_genericSTM32F103C\Release\USBHID_stm32f1-edited\usb_hid.c.o
 .text.HID_Set  0x0800199c       0x8c D:\Users\Stoodio 2nd\AppData\Local\Temp\VMBuilds\GateXtal\Arduino_STM32-master_genericSTM32F103C\Release\USBHID_stm32f1-edited\usb_hid.c.o
 .text.HID_GetFeature
                0x08001a28       0x28 D:\Users\Stoodio 2nd\AppData\Local\Temp\VMBuilds\GateXtal\Arduino_STM32-master_genericSTM32F103C\Release\USBHID_stm32f1-edited\usb_hid.c.o
 .text.hidUSBNoDataSetup
                0x08001a50       0x38 D:\Users\Stoodio 2nd\AppData\Local\Temp\VMBuilds\GateXtal\Arduino_STM32-master_genericSTM32F103C\Release\USBHID_stm32f1-edited\usb_hid.c.o
 .text.HID_GetProtocolValue
                0x08001a88       0x18 D:\Users\Stoodio 2nd\AppData\Local\Temp\VMBuilds\GateXtal\Arduino_STM32-master_genericSTM32F103C\Release\USBHID_stm32f1-edited\usb_hid.c.o
 .text.HID_GetReportDescriptor
                0x08001aa0        0xc D:\Users\Stoodio 2nd\AppData\Local\Temp\VMBuilds\GateXtal\Arduino_STM32-master_genericSTM32F103C\Release\USBHID_stm32f1-edited\usb_hid.c.o
 .text.hidUSBDataSetup
                0x08001aac      0x360 D:\Users\Stoodio 2nd\AppData\Local\Temp\VMBuilds\GateXtal\Arduino_STM32-master_genericSTM32F103C\Release\USBHID_stm32f1-edited\usb_hid.c.o
 .text.usb_hid_tx
                0x08001e0c       0x70 D:\Users\Stoodio 2nd\AppData\Local\Temp\VMBuilds\GateXtal\Arduino_STM32-master_genericSTM32F103C\Release\USBHID_stm32f1-edited\usb_hid.c.o
                0x08001e0c                usb_hid_tx
 .text.getMIDIPartDescriptor
                0x08001e7c       0x40 D:\Users\Stoodio 2nd\AppData\Local\Temp\VMBuilds\GateXtal\Arduino_STM32-master_genericSTM32F103C\Release\USBHID_stm32f1-edited\usb_midi_device.c.o
 .text.midiDataTxCb
                0x08001ebc       0x14 D:\Users\Stoodio 2nd\AppData\Local\Temp\VMBuilds\GateXtal\Arduino_STM32-master_genericSTM32F103C\Release\USBHID_stm32f1-edited\usb_midi_device.c.o
 .text.usbMIDIReset
                0x08001ed0       0x1c D:\Users\Stoodio 2nd\AppData\Local\Temp\VMBuilds\GateXtal\Arduino_STM32-master_genericSTM32F103C\Release\USBHID_stm32f1-edited\usb_midi_device.c.o
 .text.usbMIDIDataSetup
                0x08001eec        0x4 D:\Users\Stoodio 2nd\AppData\Local\Temp\VMBuilds\GateXtal\Arduino_STM32-master_genericSTM32F103C\Release\USBHID_stm32f1-edited\usb_midi_device.c.o
 .text.usbMIDINoDataSetup
                0x08001ef0        0x4 D:\Users\Stoodio 2nd\AppData\Local\Temp\VMBuilds\GateXtal\Arduino_STM32-master_genericSTM32F103C\Release\USBHID_stm32f1-edited\usb_midi_device.c.o
 .text.midiDataRxCb
                0x08001ef4       0xa8 D:\Users\Stoodio 2nd\AppData\Local\Temp\VMBuilds\GateXtal\Arduino_STM32-master_genericSTM32F103C\Release\USBHID_stm32f1-edited\usb_midi_device.c.o
 .text.usb_midi_tx
                0x08001f9c       0x80 D:\Users\Stoodio 2nd\AppData\Local\Temp\VMBuilds\GateXtal\Arduino_STM32-master_genericSTM32F103C\Release\USBHID_stm32f1-edited\usb_midi_device.c.o
                0x08001f9c                usb_midi_tx
 .text.usb_midi_data_available
                0x0800201c        0xc D:\Users\Stoodio 2nd\AppData\Local\Temp\VMBuilds\GateXtal\Arduino_STM32-master_genericSTM32F103C\Release\USBHID_stm32f1-edited\usb_midi_device.c.o
                0x0800201c                usb_midi_data_available
 .text.usb_midi_rx
                0x08002028       0x80 D:\Users\Stoodio 2nd\AppData\Local\Temp\VMBuilds\GateXtal\Arduino_STM32-master_genericSTM32F103C\Release\USBHID_stm32f1-edited\usb_midi_device.c.o
                0x08002028                usb_midi_rx
 .text.getSerialPartDescriptor
                0x080020a8       0x70 D:\Users\Stoodio 2nd\AppData\Local\Temp\VMBuilds\GateXtal\Arduino_STM32-master_genericSTM32F103C\Release\USBHID_stm32f1-edited\usb_serial.c.o
 .text.vcomDataTxCb
                0x08002118       0xe0 D:\Users\Stoodio 2nd\AppData\Local\Temp\VMBuilds\GateXtal\Arduino_STM32-master_genericSTM32F103C\Release\USBHID_stm32f1-edited\usb_serial.c.o
 .text.vcomDataRxCb
                0x080021f8       0xc0 D:\Users\Stoodio 2nd\AppData\Local\Temp\VMBuilds\GateXtal\Arduino_STM32-master_genericSTM32F103C\Release\USBHID_stm32f1-edited\usb_serial.c.o
 .text.vcomGetSetLineCoding
                0x080022b8       0x18 D:\Users\Stoodio 2nd\AppData\Local\Temp\VMBuilds\GateXtal\Arduino_STM32-master_genericSTM32F103C\Release\USBHID_stm32f1-edited\usb_serial.c.o
 .text.serialUSBReset
                0x080022d0       0x2c D:\Users\Stoodio 2nd\AppData\Local\Temp\VMBuilds\GateXtal\Arduino_STM32-master_genericSTM32F103C\Release\USBHID_stm32f1-edited\usb_serial.c.o
 .text.serialUSBDataSetup
                0x080022fc       0x68 D:\Users\Stoodio 2nd\AppData\Local\Temp\VMBuilds\GateXtal\Arduino_STM32-master_genericSTM32F103C\Release\USBHID_stm32f1-edited\usb_serial.c.o
 .text.serialUSBNoDataSetup
                0x08002364       0x64 D:\Users\Stoodio 2nd\AppData\Local\Temp\VMBuilds\GateXtal\Arduino_STM32-master_genericSTM32F103C\Release\USBHID_stm32f1-edited\usb_serial.c.o
 .text.composite_cdcacm_set_hooks
                0x080023c8       0x1c D:\Users\Stoodio 2nd\AppData\Local\Temp\VMBuilds\GateXtal\Arduino_STM32-master_genericSTM32F103C\Release\USBHID_stm32f1-edited\usb_serial.c.o
                0x080023c8                composite_cdcacm_set_hooks
 .text.composite_cdcacm_tx
                0x080023e4       0x70 D:\Users\Stoodio 2nd\AppData\Local\Temp\VMBuilds\GateXtal\Arduino_STM32-master_genericSTM32F103C\Release\USBHID_stm32f1-edited\usb_serial.c.o
                0x080023e4                composite_cdcacm_tx
 .text.composite_cdcacm_data_available
                0x08002454       0x18 D:\Users\Stoodio 2nd\AppData\Local\Temp\VMBuilds\GateXtal\Arduino_STM32-master_genericSTM32F103C\Release\USBHID_stm32f1-edited\usb_serial.c.o
                0x08002454                composite_cdcacm_data_available
 .text.composite_cdcacm_rx
                0x0800246c       0x84 D:\Users\Stoodio 2nd\AppData\Local\Temp\VMBuilds\GateXtal\Arduino_STM32-master_genericSTM32F103C\Release\USBHID_stm32f1-edited\usb_serial.c.o
                0x0800246c                composite_cdcacm_rx
 .text.composite_cdcacm_peek
                0x080024f0       0x3c D:\Users\Stoodio 2nd\AppData\Local\Temp\VMBuilds\GateXtal\Arduino_STM32-master_genericSTM32F103C\Release\USBHID_stm32f1-edited\usb_serial.c.o
                0x080024f0                composite_cdcacm_peek
 .text.composite_cdcacm_peek_ex
                0x0800252c       0x44 D:\Users\Stoodio 2nd\AppData\Local\Temp\VMBuilds\GateXtal\Arduino_STM32-master_genericSTM32F103C\Release\USBHID_stm32f1-edited\usb_serial.c.o
                0x0800252c                composite_cdcacm_peek_ex
 .text.composite_cdcacm_get_dtr
                0x08002570       0x10 D:\Users\Stoodio 2nd\AppData\Local\Temp\VMBuilds\GateXtal\Arduino_STM32-master_genericSTM32F103C\Release\USBHID_stm32f1-edited\usb_serial.c.o
                0x08002570                composite_cdcacm_get_dtr
 .text.composite_cdcacm_get_baud
                0x08002580        0xc D:\Users\Stoodio 2nd\AppData\Local\Temp\VMBuilds\GateXtal\Arduino_STM32-master_genericSTM32F103C\Release\USBHID_stm32f1-edited\usb_serial.c.o
                0x08002580                composite_cdcacm_get_baud
 .text.startup._GLOBAL__sub_I_BootKeyboard
                0x0800258c       0x44 D:\Users\Stoodio 2nd\AppData\Local\Temp\VMBuilds\GateXtal\Arduino_STM32-master_genericSTM32F103C\Release\USBHID_stm32f1-edited\BootKeyboard.cpp.o
 .text.startup._GLOBAL__sub_I__ZN11HIDJoystick5beginEv
                0x080025d0       0x6c D:\Users\Stoodio 2nd\AppData\Local\Temp\VMBuilds\GateXtal\Arduino_STM32-master_genericSTM32F103C\Release\USBHID_stm32f1-edited\Joystick.cpp.o
 .text._ZN11HIDKeyboard5writeEh
                0x0800263c       0x1c D:\Users\Stoodio 2nd\AppData\Local\Temp\VMBuilds\GateXtal\Arduino_STM32-master_genericSTM32F103C\Release\USBHID_stm32f1-edited\Keyboard.cpp.o
                0x0800263c                HIDKeyboard::write(unsigned char)
 .text._ZN11HIDKeyboard5pressEh
                0x08002658       0x90 D:\Users\Stoodio 2nd\AppData\Local\Temp\VMBuilds\GateXtal\Arduino_STM32-master_genericSTM32F103C\Release\USBHID_stm32f1-edited\Keyboard.cpp.o
                0x08002658                HIDKeyboard::press(unsigned char)
 .text._ZN11HIDKeyboard7releaseEh
                0x080026e8       0xa4 D:\Users\Stoodio 2nd\AppData\Local\Temp\VMBuilds\GateXtal\Arduino_STM32-master_genericSTM32F103C\Release\USBHID_stm32f1-edited\Keyboard.cpp.o
                0x080026e8                HIDKeyboard::release(unsigned char)
 .text._ZN11HIDKeyboard10releaseAllEv
                0x0800278c       0x18 D:\Users\Stoodio 2nd\AppData\Local\Temp\VMBuilds\GateXtal\Arduino_STM32-master_genericSTM32F103C\Release\USBHID_stm32f1-edited\Keyboard.cpp.o
                0x0800278c                HIDKeyboard::releaseAll()
 .text.startup._GLOBAL__sub_I__ZN11HIDKeyboard5beginEv
                0x080027a4       0x48 D:\Users\Stoodio 2nd\AppData\Local\Temp\VMBuilds\GateXtal\Arduino_STM32-master_genericSTM32F103C\Release\USBHID_stm32f1-edited\Keyboard.cpp.o
 .text.startup._GLOBAL__sub_I__ZN8HIDMouse5beginEv
                0x080027ec       0x1c D:\Users\Stoodio 2nd\AppData\Local\Temp\VMBuilds\GateXtal\Arduino_STM32-master_genericSTM32F103C\Release\USBHID_stm32f1-edited\Mouse.cpp.o
 .text._ZN18USBCompositeDeviceC2Ev
                0x08002808       0x8c D:\Users\Stoodio 2nd\AppData\Local\Temp\VMBuilds\GateXtal\Arduino_STM32-master_genericSTM32F103C\Release\USBHID_stm32f1-edited\USBComposite.cpp.o
                0x08002808                USBCompositeDevice::USBCompositeDevice()
                0x08002808                USBCompositeDevice::USBCompositeDevice()
 .text._ZN18USBCompositeDevice5beginEv
                0x08002894       0x80 D:\Users\Stoodio 2nd\AppData\Local\Temp\VMBuilds\GateXtal\Arduino_STM32-master_genericSTM32F103C\Release\USBHID_stm32f1-edited\USBComposite.cpp.o
                0x08002894                USBCompositeDevice::begin()
 .text._ZN18USBCompositeDevice3addEP16USBCompositePartPFbPvEPFvS2_ES2_
                0x08002914       0x38 D:\Users\Stoodio 2nd\AppData\Local\Temp\VMBuilds\GateXtal\Arduino_STM32-master_genericSTM32F103C\Release\USBHID_stm32f1-edited\USBComposite.cpp.o
                0x08002914                USBCompositeDevice::add(USBCompositePart*, bool (*)(void*), void (*)(void*), void*)
 .text.startup._GLOBAL__sub_I__Z17getDeviceIDStringv
                0x0800294c        0xc D:\Users\Stoodio 2nd\AppData\Local\Temp\VMBuilds\GateXtal\Arduino_STM32-master_genericSTM32F103C\Release\USBHID_stm32f1-edited\USBComposite.cpp.o
 .text._ZN18USBCompositeSerial4initEPS_
                0x08002958       0x20 D:\Users\Stoodio 2nd\AppData\Local\Temp\VMBuilds\GateXtal\Arduino_STM32-master_genericSTM32F103C\Release\USBHID_stm32f1-edited\USBCompositeSerial.cpp.o
                0x08002958                USBCompositeSerial::init(USBCompositeSerial*)
 .text._ZN18USBCompositeSerial9availableEv
                0x08002978        0x4 D:\Users\Stoodio 2nd\AppData\Local\Temp\VMBuilds\GateXtal\Arduino_STM32-master_genericSTM32F103C\Release\USBHID_stm32f1-edited\USBCompositeSerial.cpp.o
                0x08002978                USBCompositeSerial::available()
 .text._ZL10wait_resetv
                0x0800297c       0x10 D:\Users\Stoodio 2nd\AppData\Local\Temp\VMBuilds\GateXtal\Arduino_STM32-master_genericSTM32F103C\Release\USBHID_stm32f1-edited\USBCompositeSerial.cpp.o
 .text._ZN18USBCompositeSerial4peekEv
                0x0800298c       0x20 D:\Users\Stoodio 2nd\AppData\Local\Temp\VMBuilds\GateXtal\Arduino_STM32-master_genericSTM32F103C\Release\USBHID_stm32f1-edited\USBCompositeSerial.cpp.o
                0x0800298c                USBCompositeSerial::peek()
 .text._ZN18USBCompositeSerial4readEv
                0x080029ac       0x20 D:\Users\Stoodio 2nd\AppData\Local\Temp\VMBuilds\GateXtal\Arduino_STM32-master_genericSTM32F103C\Release\USBHID_stm32f1-edited\USBCompositeSerial.cpp.o
                0x080029ac                USBCompositeSerial::read()
 .text._ZN18USBCompositeSerial5flushEv
                0x080029cc       0x24 D:\Users\Stoodio 2nd\AppData\Local\Temp\VMBuilds\GateXtal\Arduino_STM32-master_genericSTM32F103C\Release\USBHID_stm32f1-edited\USBCompositeSerial.cpp.o
                0x080029cc                USBCompositeSerial::flush()
 .text._ZL14ifaceSetupHookjPv
                0x080029f0       0x54 D:\Users\Stoodio 2nd\AppData\Local\Temp\VMBuilds\GateXtal\Arduino_STM32-master_genericSTM32F103C\Release\USBHID_stm32f1-edited\USBCompositeSerial.cpp.o
 .text._ZL6rxHookjPv
                0x08002a44       0x88 D:\Users\Stoodio 2nd\AppData\Local\Temp\VMBuilds\GateXtal\Arduino_STM32-master_genericSTM32F103C\Release\USBHID_stm32f1-edited\USBCompositeSerial.cpp.o
 .text._ZN18USBCompositeSerial5writeEh
                0x08002acc       0x44 D:\Users\Stoodio 2nd\AppData\Local\Temp\VMBuilds\GateXtal\Arduino_STM32-master_genericSTM32F103C\Release\USBHID_stm32f1-edited\USBCompositeSerial.cpp.o
                0x08002acc                USBCompositeSerial::write(unsigned char)
 .text._ZN18USBCompositeSerial5writeEPKc
                0x08002b10       0x44 D:\Users\Stoodio 2nd\AppData\Local\Temp\VMBuilds\GateXtal\Arduino_STM32-master_genericSTM32F103C\Release\USBHID_stm32f1-edited\USBCompositeSerial.cpp.o
                0x08002b10                USBCompositeSerial::write(char const*)
 .text._ZN18USBCompositeSerial17registerComponentEv
                0x08002b54       0x24 D:\Users\Stoodio 2nd\AppData\Local\Temp\VMBuilds\GateXtal\Arduino_STM32-master_genericSTM32F103C\Release\USBHID_stm32f1-edited\USBCompositeSerial.cpp.o
                0x08002b54                USBCompositeSerial::registerComponent()
 .text.startup._GLOBAL__sub_I__ZN18USBCompositeSerial4initEPS_
                0x08002b78       0x1c D:\Users\Stoodio 2nd\AppData\Local\Temp\VMBuilds\GateXtal\Arduino_STM32-master_genericSTM32F103C\Release\USBHID_stm32f1-edited\USBCompositeSerial.cpp.o
 .text._ZN11HIDReporter10sendReportEv
                0x08002b94       0x24 D:\Users\Stoodio 2nd\AppData\Local\Temp\VMBuilds\GateXtal\Arduino_STM32-master_genericSTM32F103C\Release\USBHID_stm32f1-edited\USBHID.cpp.o
                0x08002b94                HIDReporter::sendReport()
 .text._ZN11HIDReporterC2EPhjh
                0x08002bb8       0x38 D:\Users\Stoodio 2nd\AppData\Local\Temp\VMBuilds\GateXtal\Arduino_STM32-master_genericSTM32F103C\Release\USBHID_stm32f1-edited\USBHID.cpp.o
                0x08002bb8                HIDReporter::HIDReporter(unsigned char*, unsigned int, unsigned char)
                0x08002bb8                HIDReporter::HIDReporter(unsigned char*, unsigned int, unsigned char)
 .text._ZN7USBMidi13handleNoteOffEjjj
                0x08002bf0        0x4 D:\Users\Stoodio 2nd\AppData\Local\Temp\VMBuilds\GateXtal\Arduino_STM32-master_genericSTM32F103C\Release\USBHID_stm32f1-edited\USBMIDI.cpp.o
                0x08002bf0                USBMidi::handleNoteOff(unsigned int, unsigned int, unsigned int)
 .text._ZN7USBMidi12handleNoteOnEjjj
                0x08002bf4        0x4 D:\Users\Stoodio 2nd\AppData\Local\Temp\VMBuilds\GateXtal\Arduino_STM32-master_genericSTM32F103C\Release\USBHID_stm32f1-edited\USBMIDI.cpp.o
                0x08002bf4                USBMidi::handleNoteOn(unsigned int, unsigned int, unsigned int)
 .text._ZN7USBMidi20handleVelocityChangeEjjj
                0x08002bf8        0x4 D:\Users\Stoodio 2nd\AppData\Local\Temp\VMBuilds\GateXtal\Arduino_STM32-master_genericSTM32F103C\Release\USBHID_stm32f1-edited\USBMIDI.cpp.o
                0x08002bf8                USBMidi::handleVelocityChange(unsigned int, unsigned int, unsigned int)
 .text._ZN7USBMidi19handleControlChangeEjjj
                0x08002bfc        0x4 D:\Users\Stoodio 2nd\AppData\Local\Temp\VMBuilds\GateXtal\Arduino_STM32-master_genericSTM32F103C\Release\USBHID_stm32f1-edited\USBMIDI.cpp.o
                0x08002bfc                USBMidi::handleControlChange(unsigned int, unsigned int, unsigned int)
 .text._ZN7USBMidi19handleProgramChangeEjj
                0x08002c00        0x4 D:\Users\Stoodio 2nd\AppData\Local\Temp\VMBuilds\GateXtal\Arduino_STM32-master_genericSTM32F103C\Release\USBHID_stm32f1-edited\USBMIDI.cpp.o
                0x08002c00                USBMidi::handleProgramChange(unsigned int, unsigned int)
 .text._ZN7USBMidi16handleAfterTouchEjj
                0x08002c04        0x4 D:\Users\Stoodio 2nd\AppData\Local\Temp\VMBuilds\GateXtal\Arduino_STM32-master_genericSTM32F103C\Release\USBHID_stm32f1-edited\USBMIDI.cpp.o
                0x08002c04                USBMidi::handleAfterTouch(unsigned int, unsigned int)
 .text._ZN7USBMidi17handlePitchChangeEj
                0x08002c08        0x4 D:\Users\Stoodio 2nd\AppData\Local\Temp\VMBuilds\GateXtal\Arduino_STM32-master_genericSTM32F103C\Release\USBHID_stm32f1-edited\USBMIDI.cpp.o
                0x08002c08                USBMidi::handlePitchChange(unsigned int)
 .text._ZN7USBMidi18handleSongPositionEj
                0x08002c0c        0x4 D:\Users\Stoodio 2nd\AppData\Local\Temp\VMBuilds\GateXtal\Arduino_STM32-master_genericSTM32F103C\Release\USBHID_stm32f1-edited\USBMIDI.cpp.o
                0x08002c0c                USBMidi::handleSongPosition(unsigned int)
 .text._ZN7USBMidi16handleSongSelectEj
                0x08002c10        0x4 D:\Users\Stoodio 2nd\AppData\Local\Temp\VMBuilds\GateXtal\Arduino_STM32-master_genericSTM32F103C\Release\USBHID_stm32f1-edited\USBMIDI.cpp.o
                0x08002c10                USBMidi::handleSongSelect(unsigned int)
 .text._ZN7USBMidi17handleTuneRequestEv
                0x08002c14        0x4 D:\Users\Stoodio 2nd\AppData\Local\Temp\VMBuilds\GateXtal\Arduino_STM32-master_genericSTM32F103C\Release\USBHID_stm32f1-edited\USBMIDI.cpp.o
                0x08002c14                USBMidi::handleTuneRequest()
 .text._ZN7USBMidi10handleSyncEv
                0x08002c18        0x4 D:\Users\Stoodio 2nd\AppData\Local\Temp\VMBuilds\GateXtal\Arduino_STM32-master_genericSTM32F103C\Release\USBHID_stm32f1-edited\USBMIDI.cpp.o
                0x08002c18                USBMidi::handleSync()
 .text._ZN7USBMidi11handleStartEv
                0x08002c1c        0x4 D:\Users\Stoodio 2nd\AppData\Local\Temp\VMBuilds\GateXtal\Arduino_STM32-master_genericSTM32F103C\Release\USBHID_stm32f1-edited\USBMIDI.cpp.o
                0x08002c1c                USBMidi::handleStart()
 .text._ZN7USBMidi14handleContinueEv
                0x08002c20        0x4 D:\Users\Stoodio 2nd\AppData\Local\Temp\VMBuilds\GateXtal\Arduino_STM32-master_genericSTM32F103C\Release\USBHID_stm32f1-edited\USBMIDI.cpp.o
                0x08002c20                USBMidi::handleContinue()
 .text._ZN7USBMidi10handleStopEv
                0x08002c24        0x4 D:\Users\Stoodio 2nd\AppData\Local\Temp\VMBuilds\GateXtal\Arduino_STM32-master_genericSTM32F103C\Release\USBHID_stm32f1-edited\USBMIDI.cpp.o
                0x08002c24                USBMidi::handleStop()
 .text._ZN7USBMidi17handleActiveSenseEv
                0x08002c28        0x4 D:\Users\Stoodio 2nd\AppData\Local\Temp\VMBuilds\GateXtal\Arduino_STM32-master_genericSTM32F103C\Release\USBHID_stm32f1-edited\USBMIDI.cpp.o
                0x08002c28                USBMidi::handleActiveSense()
 .text._ZN7USBMidi11handleResetEv
                0x08002c2c        0x4 D:\Users\Stoodio 2nd\AppData\Local\Temp\VMBuilds\GateXtal\Arduino_STM32-master_genericSTM32F103C\Release\USBHID_stm32f1-edited\USBMIDI.cpp.o
                0x08002c2c                USBMidi::handleReset()
 .text._ZN7USBMidi17registerComponentEv
                0x08002c30       0x20 D:\Users\Stoodio 2nd\AppData\Local\Temp\VMBuilds\GateXtal\Arduino_STM32-master_genericSTM32F103C\Release\USBHID_stm32f1-edited\USBMIDI.cpp.o
                0x08002c30                USBMidi::registerComponent()
 .text._ZN7USBMidi14dispatchPacketEm
                0x08002c50      0x138 D:\Users\Stoodio 2nd\AppData\Local\Temp\VMBuilds\GateXtal\Arduino_STM32-master_genericSTM32F103C\Release\USBHID_stm32f1-edited\USBMIDI.cpp.o
                0x08002c50                USBMidi::dispatchPacket(unsigned long)
 .text._ZN7USBMidi4pollEv
                0x08002d88       0x2c D:\Users\Stoodio 2nd\AppData\Local\Temp\VMBuilds\GateXtal\Arduino_STM32-master_genericSTM32F103C\Release\USBHID_stm32f1-edited\USBMIDI.cpp.o
                0x08002d88                USBMidi::poll()
 .text.startup._GLOBAL__sub_I__ZN7USBMidi10setChannelEj
                0x08002db4       0x14 D:\Users\Stoodio 2nd\AppData\Local\Temp\VMBuilds\GateXtal\Arduino_STM32-master_genericSTM32F103C\Release\USBHID_stm32f1-edited\USBMIDI.cpp.o
 .text.startup._GLOBAL__sub_I__ZN10USBXBox36010sendReportEv
                0x08002dc8       0x24 D:\Users\Stoodio 2nd\AppData\Local\Temp\VMBuilds\GateXtal\Arduino_STM32-master_genericSTM32F103C\Release\USBHID_stm32f1-edited\USBXBox360.cpp.o
 .text._ZN6wirish4priv15board_setup_usbEv
                0x08002dec       0x54 D:\Users\Stoodio 2nd\AppData\Local\Temp\VMBuilds\GateXtal\Arduino_STM32-master_genericSTM32F103C\Release\USBHID_stm32f1-edited\usb_setup.cpp.o
                0x08002dec                wirish::priv::board_setup_usb()
 .text._ZN8STM32ADCC2EP7adc_dev
                0x08002e40        0x4 D:\Users\Stoodio 2nd\AppData\Local\Temp\VMBuilds\GateXtal\Arduino_STM32-master_genericSTM32F103C\Release\STM32ADC\STM32ADC.cpp.o
                0x08002e40                STM32ADC::STM32ADC(adc_dev*)
                0x08002e40                STM32ADC::STM32ADC(adc_dev*)
 .text._ZN8STM32ADC7getDataEv
                0x08002e44        0x8 D:\Users\Stoodio 2nd\AppData\Local\Temp\VMBuilds\GateXtal\Arduino_STM32-master_genericSTM32F103C\Release\STM32ADC\STM32ADC.cpp.o
                0x08002e44                STM32ADC::getData()
 .text._ZN8STM32ADC13setSampleRateE12adc_smp_rate
                0x08002e4c        0x8 D:\Users\Stoodio 2nd\AppData\Local\Temp\VMBuilds\GateXtal\Arduino_STM32-master_genericSTM32F103C\Release\STM32ADC\STM32ADC.cpp.o
                0x08002e4c                STM32ADC::setSampleRate(adc_smp_rate)
 .text._ZN8STM32ADC15attachInterruptEPFvvEh
                0x08002e54        0xc D:\Users\Stoodio 2nd\AppData\Local\Temp\VMBuilds\GateXtal\Arduino_STM32-master_genericSTM32F103C\Release\STM32ADC\STM32ADC.cpp.o
                0x08002e54                STM32ADC::attachInterrupt(void (*)(), unsigned char)
 .text._ZN8STM32ADC7setPinsEPhh
                0x08002e60       0xe0 D:\Users\Stoodio 2nd\AppData\Local\Temp\VMBuilds\GateXtal\Arduino_STM32-master_genericSTM32F103C\Release\STM32ADC\STM32ADC.cpp.o
                0x08002e60                STM32ADC::setPins(unsigned char*, unsigned char)
 .text._ZN8STM32ADC15startConversionEv
                0x08002f40       0x10 D:\Users\Stoodio 2nd\AppData\Local\Temp\VMBuilds\GateXtal\Arduino_STM32-master_genericSTM32F103C\Release\STM32ADC\STM32ADC.cpp.o
                0x08002f40                STM32ADC::startConversion()
 .text._ZN8STM32ADC9calibrateEv
                0x08002f50        0x8 D:\Users\Stoodio 2nd\AppData\Local\Temp\VMBuilds\GateXtal\Arduino_STM32-master_genericSTM32F103C\Release\STM32ADC\STM32ADC.cpp.o
                0x08002f50                STM32ADC::calibrate()
 .text.FLASH_ErasePage
                0x08002f58      0x13c D:\Users\Stoodio 2nd\AppData\Local\Temp\VMBuilds\GateXtal\Arduino_STM32-master_genericSTM32F103C\Release\EEPROM\flash_stm32.c.o
                0x08002f58                FLASH_ErasePage
 .text.FLASH_ProgramHalfWord
                0x08003094      0x138 D:\Users\Stoodio 2nd\AppData\Local\Temp\VMBuilds\GateXtal\Arduino_STM32-master_genericSTM32F103C\Release\EEPROM\flash_stm32.c.o
                0x08003094                FLASH_ProgramHalfWord
 .text.FLASH_Unlock
                0x080031cc       0x18 D:\Users\Stoodio 2nd\AppData\Local\Temp\VMBuilds\GateXtal\Arduino_STM32-master_genericSTM32F103C\Release\EEPROM\flash_stm32.c.o
                0x080031cc                FLASH_Unlock
 .text._ZN11EEPROMClass17EE_CheckErasePageEmt
                0x080031e4       0xb4 D:\Users\Stoodio 2nd\AppData\Local\Temp\VMBuilds\GateXtal\Arduino_STM32-master_genericSTM32F103C\Release\EEPROM\EEPROM.cpp.o
                0x080031e4                EEPROMClass::EE_CheckErasePage(unsigned long, unsigned short)
 .text._ZN11EEPROMClass15EE_PageTransferEmmt
                0x08003298       0xc4 D:\Users\Stoodio 2nd\AppData\Local\Temp\VMBuilds\GateXtal\Arduino_STM32-master_genericSTM32F103C\Release\EEPROM\EEPROM.cpp.o
                0x08003298                EEPROMClass::EE_PageTransfer(unsigned long, unsigned long, unsigned short)
 .text._ZN11EEPROMClass6formatEv
                0x0800335c       0xe8 D:\Users\Stoodio 2nd\AppData\Local\Temp\VMBuilds\GateXtal\Arduino_STM32-master_genericSTM32F103C\Release\EEPROM\EEPROM.cpp.o
                0x0800335c                EEPROMClass::format()
 .text._ZN11EEPROMClass4initEv
                0x08003444       0xf8 D:\Users\Stoodio 2nd\AppData\Local\Temp\VMBuilds\GateXtal\Arduino_STM32-master_genericSTM32F103C\Release\EEPROM\EEPROM.cpp.o
                0x08003444                EEPROMClass::init()
 .text._ZN11EEPROMClass4readEt
                0x0800353c       0x7c D:\Users\Stoodio 2nd\AppData\Local\Temp\VMBuilds\GateXtal\Arduino_STM32-master_genericSTM32F103C\Release\EEPROM\EEPROM.cpp.o
                0x0800353c                EEPROMClass::read(unsigned short)
 .text.startup._GLOBAL__sub_I__ZN11EEPROMClass12EE_CheckPageEmt
                0x080035b8       0x28 D:\Users\Stoodio 2nd\AppData\Local\Temp\VMBuilds\GateXtal\Arduino_STM32-master_genericSTM32F103C\Release\EEPROM\EEPROM.cpp.o
 .text._ZL24updateControlWithAutoADCv
                0x080035e0       0x10 D:\Users\Stoodio 2nd\AppData\Local\Temp\VMBuilds\GateXtal\Arduino_STM32-master_genericSTM32F103C\Release\Mozzi-master\MozziGuts.cpp.o
 .text._ZL14pwmAudioOutputv
                0x080035f0       0x38 D:\Users\Stoodio 2nd\AppData\Local\Temp\VMBuilds\GateXtal\Arduino_STM32-master_genericSTM32F103C\Release\Mozzi-master\MozziGuts.cpp.o
 .text._Z9audioHookv
                0x08003628       0x4c D:\Users\Stoodio 2nd\AppData\Local\Temp\VMBuilds\GateXtal\Arduino_STM32-master_genericSTM32F103C\Release\Mozzi-master\MozziGuts.cpp.o
                0x08003628                audioHook()
 .text._Z10startMozzii
                0x08003674       0xbc D:\Users\Stoodio 2nd\AppData\Local\Temp\VMBuilds\GateXtal\Arduino_STM32-master_genericSTM32F103C\Release\Mozzi-master\MozziGuts.cpp.o
                0x08003674                startMozzi(int)
 .text._Z11mozziMicrosv
                0x08003730       0x18 D:\Users\Stoodio 2nd\AppData\Local\Temp\VMBuilds\GateXtal\Arduino_STM32-master_genericSTM32F103C\Release\Mozzi-master\MozziGuts.cpp.o
                0x08003730                mozziMicros()
 .text.startup._GLOBAL__sub_I_adc
                0x08003748       0x54 D:\Users\Stoodio 2nd\AppData\Local\Temp\VMBuilds\GateXtal\Arduino_STM32-master_genericSTM32F103C\Release\Mozzi-master\MozziGuts.cpp.o
 .text._Z21stm32_adc_eoc_handlerv
                0x0800379c       0x98 D:\Users\Stoodio 2nd\AppData\Local\Temp\VMBuilds\GateXtal\Arduino_STM32-master_genericSTM32F103C\Release\Mozzi-master\mozzi_analog.cpp.o
                0x0800379c                stm32_adc_eoc_handler()
 .text._Z13setupMozziADCa
                0x08003834       0x3c D:\Users\Stoodio 2nd\AppData\Local\Temp\VMBuilds\GateXtal\Arduino_STM32-master_genericSTM32F103C\Release\Mozzi-master\mozzi_analog.cpp.o
                0x08003834                setupMozziADC(signed char)
 .text._Z17adcStartReadCyclev
                0x08003870       0x70 D:\Users\Stoodio 2nd\AppData\Local\Temp\VMBuilds\GateXtal\Arduino_STM32-master_genericSTM32F103C\Release\Mozzi-master\mozzi_analog.cpp.o
                0x08003870                adcStartReadCycle()
 .text.startup._GLOBAL__sub_I__Z19setupFastAnalogReada
                0x080038e0       0x10 D:\Users\Stoodio 2nd\AppData\Local\Temp\VMBuilds\GateXtal\Arduino_STM32-master_genericSTM32F103C\Release\Mozzi-master\mozzi_analog.cpp.o
 .text._Z4mtoff
                0x080038f0       0x50 D:\Users\Stoodio 2nd\AppData\Local\Temp\VMBuilds\GateXtal\Arduino_STM32-master_genericSTM32F103C\Release\Mozzi-master\mozzi_midi.cpp.o
                0x080038f0                mtof(float)
 .text._Z4randii
                0x08003940       0x48 D:\Users\Stoodio 2nd\AppData\Local\Temp\VMBuilds\GateXtal\Arduino_STM32-master_genericSTM32F103C\Release\Mozzi-master\mozzi_rand.cpp.o
                0x08003940                rand(int, int)
 .text._Z9boardInitv
                0x08003988        0x4 D:\Users\Stoodio 2nd\AppData\Local\Temp\VMBuilds\GateXtal\Arduino_STM32-master_genericSTM32F103C\Release\variant\board.cpp.o
                0x08003988                boardInit()
 .text.startup._GLOBAL__sub_I__Z9boardInitv
                0x0800398c       0x48 D:\Users\Stoodio 2nd\AppData\Local\Temp\VMBuilds\GateXtal\Arduino_STM32-master_genericSTM32F103C\Release\variant\board.cpp.o
 .text._ZL18adc_default_configP7adc_dev
                0x080039d4       0x1c D:\Users\Stoodio 2nd\AppData\Local\Temp\VMBuilds\GateXtal\Arduino_STM32-master_genericSTM32F103C\Release\variant\boards.cpp.o
 .text._ZL20timer_default_configP9timer_dev
                0x080039f0       0xa8 D:\Users\Stoodio 2nd\AppData\Local\Temp\VMBuilds\GateXtal\Arduino_STM32-master_genericSTM32F103C\Release\variant\boards.cpp.o
 .text._Z4initv
                0x08003a98       0xbc D:\Users\Stoodio 2nd\AppData\Local\Temp\VMBuilds\GateXtal\Arduino_STM32-master_genericSTM32F103C\Release\variant\boards.cpp.o
                0x08003a98                init()
 .text._ZN6wirish4priv15board_reset_pllEv
                0x08003b54        0x4 D:\Users\Stoodio 2nd\AppData\Local\Temp\VMBuilds\GateXtal\Arduino_STM32-master_genericSTM32F103C\Release\variant\boards_setup.cpp.o
                0x08003b54                wirish::priv::board_reset_pll()
 .text._ZN6wirish4priv28board_setup_clock_prescalersEv
                0x08003b58       0x30 D:\Users\Stoodio 2nd\AppData\Local\Temp\VMBuilds\GateXtal\Arduino_STM32-master_genericSTM32F103C\Release\variant\boards_setup.cpp.o
                0x08003b58                wirish::priv::board_setup_clock_prescalers()
 .text._ZN6wirish4priv16board_setup_gpioEv
                0x08003b88        0x4 D:\Users\Stoodio 2nd\AppData\Local\Temp\VMBuilds\GateXtal\Arduino_STM32-master_genericSTM32F103C\Release\variant\boards_setup.cpp.o
                0x08003b88                wirish::priv::board_setup_gpio()
 .text._ZN6wirish4priv11series_initEv
                0x08003b8c        0x4 D:\Users\Stoodio 2nd\AppData\Local\Temp\VMBuilds\GateXtal\Arduino_STM32-master_genericSTM32F103C\Release\variant\boards_setup.cpp.o
                0x08003b8c                wirish::priv::series_init()
 .text          0x08003b90       0x10 D:\Users\Stoodio 2nd\AppData\Local\Temp\VMBuilds\GateXtal\Arduino_STM32-master_genericSTM32F103C\Release\variant\start.S.o
                0x08003b90                __start__
 .text.start_c  0x08003ba0       0x74 D:\Users\Stoodio 2nd\AppData\Local\Temp\VMBuilds\GateXtal\Arduino_STM32-master_genericSTM32F103C\Release\variant\start_c.c.o
                0x08003ba0                start_c
 .text._exit    0x08003c14        0x4 D:\Users\Stoodio 2nd\AppData\Local\Temp\VMBuilds\GateXtal\Arduino_STM32-master_genericSTM32F103C\Release\variant\syscalls.c.o
                0x08003c14                _exit
 *fill*         0x08003c18        0x8 
 .text          0x08003c20       0x60 D:\Users\Stoodio 2nd\AppData\Local\Temp\VMBuilds\GateXtal\Arduino_STM32-master_genericSTM32F103C\Release/core.a(exc.S.o)
                0x08003c20                __exc_nmi
                0x08003c24                __exc_hardfault
                0x08003c28                __exc_memmanage
                0x08003c2c                __exc_busfault
                0x08003c30                __exc_usagefault
 .text          0x08003c80        0x2 D:\Users\Stoodio 2nd\AppData\Local\Temp\VMBuilds\GateXtal\Arduino_STM32-master_genericSTM32F103C\Release/core.a(isrs.S.o)
                0x08003c80                __stm32reservedexception9
                0x08003c80                __irq_i2c2_er
                0x08003c80                __irq_i2c1_er
                0x08003c80                __exc_debug_monitor
                0x08003c80                __exc_svc
                0x08003c80                __irq_exti0
                0x08003c80                __irq_can_rx1
                0x08003c80                __irq_spi2
                0x08003c80                __irq_can_sce
                0x08003c80                __irq_exti2
                0x08003c80                __irq_exti3
                0x08003c80                __irq_exti9_5
                0x08003c80                __irq_pvd
                0x08003c80                __irq_tamper
                0x08003c80                __default_handler
                0x08003c80                __irq_wwdg
                0x08003c80                __stm32reservedexception10
                0x08003c80                __irq_flash
                0x08003c80                __irq_i2c2_ev
                0x08003c80                __stm32reservedexception13
                0x08003c80                __irq_rtc
                0x08003c80                __irq_spi1
                0x08003c80                __stm32reservedexception7
                0x08003c80                __irq_usb_hp_can_tx
                0x08003c80                __irq_exti15_10
                0x08003c80                __irq_exti4
                0x08003c80                __irq_rtcalarm
                0x08003c80                __stm32reservedexception8
                0x08003c80                __exc_pendsv
                0x08003c80                __irq_i2c1_ev
                0x08003c80                __irq_usbwakeup
                0x08003c80                __irq_exti1
                0x08003c80                __irq_rcc
 *fill*         0x08003c82        0x2 
 .text.adc_init
                0x08003c84       0x14 D:\Users\Stoodio 2nd\AppData\Local\Temp\VMBuilds\GateXtal\Arduino_STM32-master_genericSTM32F103C\Release/core.a(adc.c.o)
                0x08003c84                adc_init
 .text.adc_set_extsel
                0x08003c98       0x14 D:\Users\Stoodio 2nd\AppData\Local\Temp\VMBuilds\GateXtal\Arduino_STM32-master_genericSTM32F103C\Release/core.a(adc.c.o)
                0x08003c98                adc_set_extsel
 .text.adc_set_sample_rate
                0x08003cac       0x44 D:\Users\Stoodio 2nd\AppData\Local\Temp\VMBuilds\GateXtal\Arduino_STM32-master_genericSTM32F103C\Release/core.a(adc.c.o)
                0x08003cac                adc_set_sample_rate
 .text.__irq_adc
                0x08003cf0       0x50 D:\Users\Stoodio 2nd\AppData\Local\Temp\VMBuilds\GateXtal\Arduino_STM32-master_genericSTM32F103C\Release/core.a(adc_f1.c.o)
                0x08003cf0                __irq_adc
 .text.adc_attach_interrupt
                0x08003d40       0x38 D:\Users\Stoodio 2nd\AppData\Local\Temp\VMBuilds\GateXtal\Arduino_STM32-master_genericSTM32F103C\Release/core.a(adc_f1.c.o)
                0x08003d40                adc_attach_interrupt
 .text.adc_calibrate
                0x08003d78       0x28 D:\Users\Stoodio 2nd\AppData\Local\Temp\VMBuilds\GateXtal\Arduino_STM32-master_genericSTM32F103C\Release/core.a(adc_f1.c.o)
                0x08003d78                adc_calibrate
 .text.adc_set_prescaler
                0x08003da0        0x8 D:\Users\Stoodio 2nd\AppData\Local\Temp\VMBuilds\GateXtal\Arduino_STM32-master_genericSTM32F103C\Release/core.a(adc_f1.c.o)
                0x08003da0                adc_set_prescaler
 .text.adc_foreach
                0x08003da8       0x1c D:\Users\Stoodio 2nd\AppData\Local\Temp\VMBuilds\GateXtal\Arduino_STM32-master_genericSTM32F103C\Release/core.a(adc_f1.c.o)
                0x08003da8                adc_foreach
 .text.adc_enable_single_swstart
                0x08003dc4       0x50 D:\Users\Stoodio 2nd\AppData\Local\Temp\VMBuilds\GateXtal\Arduino_STM32-master_genericSTM32F103C\Release/core.a(adc_f1.c.o)
                0x08003dc4                adc_enable_single_swstart
 .text.__irq_dma1_channel1
                0x08003e14       0x18 D:\Users\Stoodio 2nd\AppData\Local\Temp\VMBuilds\GateXtal\Arduino_STM32-master_genericSTM32F103C\Release/core.a(dma_f1.c.o)
                0x08003e14                __irq_dma1_channel1
 .text.__irq_dma1_channel2
                0x08003e2c       0x18 D:\Users\Stoodio 2nd\AppData\Local\Temp\VMBuilds\GateXtal\Arduino_STM32-master_genericSTM32F103C\Release/core.a(dma_f1.c.o)
                0x08003e2c                __irq_dma1_channel2
 .text.__irq_dma1_channel3
                0x08003e44       0x1c D:\Users\Stoodio 2nd\AppData\Local\Temp\VMBuilds\GateXtal\Arduino_STM32-master_genericSTM32F103C\Release/core.a(dma_f1.c.o)
                0x08003e44                __irq_dma1_channel3
 .text.__irq_dma1_channel4
                0x08003e60       0x1c D:\Users\Stoodio 2nd\AppData\Local\Temp\VMBuilds\GateXtal\Arduino_STM32-master_genericSTM32F103C\Release/core.a(dma_f1.c.o)
                0x08003e60                __irq_dma1_channel4
 .text.__irq_dma1_channel5
                0x08003e7c       0x1c D:\Users\Stoodio 2nd\AppData\Local\Temp\VMBuilds\GateXtal\Arduino_STM32-master_genericSTM32F103C\Release/core.a(dma_f1.c.o)
                0x08003e7c                __irq_dma1_channel5
 .text.__irq_dma1_channel6
                0x08003e98       0x1c D:\Users\Stoodio 2nd\AppData\Local\Temp\VMBuilds\GateXtal\Arduino_STM32-master_genericSTM32F103C\Release/core.a(dma_f1.c.o)
                0x08003e98                __irq_dma1_channel6
 .text.__irq_dma1_channel7
                0x08003eb4       0x1c D:\Users\Stoodio 2nd\AppData\Local\Temp\VMBuilds\GateXtal\Arduino_STM32-master_genericSTM32F103C\Release/core.a(dma_f1.c.o)
                0x08003eb4                __irq_dma1_channel7
 .text.flash_set_latency
                0x08003ed0       0x14 D:\Users\Stoodio 2nd\AppData\Local\Temp\VMBuilds\GateXtal\Arduino_STM32-master_genericSTM32F103C\Release/core.a(flash.c.o)
                0x08003ed0                flash_set_latency
 .text.gpio_init_all
                0x08003ee4       0x30 D:\Users\Stoodio 2nd\AppData\Local\Temp\VMBuilds\GateXtal\Arduino_STM32-master_genericSTM32F103C\Release/core.a(gpio_f1.c.o)
                0x08003ee4                gpio_init_all
 .text.gpio_set_mode
                0x08003f14       0x60 D:\Users\Stoodio 2nd\AppData\Local\Temp\VMBuilds\GateXtal\Arduino_STM32-master_genericSTM32F103C\Release/core.a(gpio_f1.c.o)
                0x08003f14                gpio_set_mode
 .text.afio_init
                0x08003f74       0x14 D:\Users\Stoodio 2nd\AppData\Local\Temp\VMBuilds\GateXtal\Arduino_STM32-master_genericSTM32F103C\Release/core.a(gpio_f1.c.o)
                0x08003f74                afio_init
 .text.iwdg_init
                0x08003f88       0x24 D:\Users\Stoodio 2nd\AppData\Local\Temp\VMBuilds\GateXtal\Arduino_STM32-master_genericSTM32F103C\Release/core.a(iwdg.c.o)
                0x08003f88                iwdg_init
 .text.nvic_init
                0x08003fac       0x34 D:\Users\Stoodio 2nd\AppData\Local\Temp\VMBuilds\GateXtal\Arduino_STM32-master_genericSTM32F103C\Release/core.a(nvic.c.o)
                0x08003fac                nvic_init
 .text.nvic_sys_reset
                0x08003fe0       0x1c D:\Users\Stoodio 2nd\AppData\Local\Temp\VMBuilds\GateXtal\Arduino_STM32-master_genericSTM32F103C\Release/core.a(nvic.c.o)
                0x08003fe0                nvic_sys_reset
 .text.rcc_dev_clk
                0x08003ffc        0xc D:\Users\Stoodio 2nd\AppData\Local\Temp\VMBuilds\GateXtal\Arduino_STM32-master_genericSTM32F103C\Release/core.a(rcc.c.o)
                0x08003ffc                rcc_dev_clk
 .text.rcc_switch_sysclk
                0x08004008       0x20 D:\Users\Stoodio 2nd\AppData\Local\Temp\VMBuilds\GateXtal\Arduino_STM32-master_genericSTM32F103C\Release/core.a(rcc.c.o)
                0x08004008                rcc_switch_sysclk
 .text.rcc_turn_on_clk
                0x08004028       0x1c D:\Users\Stoodio 2nd\AppData\Local\Temp\VMBuilds\GateXtal\Arduino_STM32-master_genericSTM32F103C\Release/core.a(rcc.c.o)
                0x08004028                rcc_turn_on_clk
 .text.rcc_turn_off_clk
                0x08004044       0x1c D:\Users\Stoodio 2nd\AppData\Local\Temp\VMBuilds\GateXtal\Arduino_STM32-master_genericSTM32F103C\Release/core.a(rcc.c.o)
                0x08004044                rcc_turn_off_clk
 .text.rcc_is_clk_ready
                0x08004060       0x18 D:\Users\Stoodio 2nd\AppData\Local\Temp\VMBuilds\GateXtal\Arduino_STM32-master_genericSTM32F103C\Release/core.a(rcc.c.o)
                0x08004060                rcc_is_clk_ready
 .text.rcc_configure_pll
                0x08004078       0x1c D:\Users\Stoodio 2nd\AppData\Local\Temp\VMBuilds\GateXtal\Arduino_STM32-master_genericSTM32F103C\Release/core.a(rcc_f1.c.o)
                0x08004078                rcc_configure_pll
 .text.rcc_clk_enable
                0x08004094       0x30 D:\Users\Stoodio 2nd\AppData\Local\Temp\VMBuilds\GateXtal\Arduino_STM32-master_genericSTM32F103C\Release/core.a(rcc_f1.c.o)
                0x08004094                rcc_clk_enable
 .text.rcc_reset_dev
                0x080040c4       0x34 D:\Users\Stoodio 2nd\AppData\Local\Temp\VMBuilds\GateXtal\Arduino_STM32-master_genericSTM32F103C\Release/core.a(rcc_f1.c.o)
                0x080040c4                rcc_reset_dev
 .text.rcc_set_prescaler
                0x080040f8       0x24 D:\Users\Stoodio 2nd\AppData\Local\Temp\VMBuilds\GateXtal\Arduino_STM32-master_genericSTM32F103C\Release/core.a(rcc_f1.c.o)
                0x080040f8                rcc_set_prescaler
 .text.rcc_clk_disable
                0x0800411c       0x30 D:\Users\Stoodio 2nd\AppData\Local\Temp\VMBuilds\GateXtal\Arduino_STM32-master_genericSTM32F103C\Release/core.a(rcc_f1.c.o)
                0x0800411c                rcc_clk_disable
 .text.systick_init
                0x0800414c       0x10 D:\Users\Stoodio 2nd\AppData\Local\Temp\VMBuilds\GateXtal\Arduino_STM32-master_genericSTM32F103C\Release/core.a(systick.c.o)
                0x0800414c                systick_init
 .text.__exc_systick
                0x0800415c       0x1c D:\Users\Stoodio 2nd\AppData\Local\Temp\VMBuilds\GateXtal\Arduino_STM32-master_genericSTM32F103C\Release/core.a(systick.c.o)
                0x0800415c                __exc_systick
 .text.timer_foreach
                0x08004178       0x28 D:\Users\Stoodio 2nd\AppData\Local\Temp\VMBuilds\GateXtal\Arduino_STM32-master_genericSTM32F103C\Release/core.a(timer.c.o)
                0x08004178                timer_foreach
 .text.timer_init
                0x080041a0       0x14 D:\Users\Stoodio 2nd\AppData\Local\Temp\VMBuilds\GateXtal\Arduino_STM32-master_genericSTM32F103C\Release/core.a(timer.c.o)
                0x080041a0                timer_init
 .text.timer_set_mode
                0x080041b4      0x144 D:\Users\Stoodio 2nd\AppData\Local\Temp\VMBuilds\GateXtal\Arduino_STM32-master_genericSTM32F103C\Release/core.a(timer.c.o)
                0x080041b4                timer_set_mode
 .text.timer_has_cc_channel
                0x080042f8       0x30 D:\Users\Stoodio 2nd\AppData\Local\Temp\VMBuilds\GateXtal\Arduino_STM32-master_genericSTM32F103C\Release/core.a(timer.c.o)
                0x080042f8                timer_has_cc_channel
 .text.timer_attach_interrupt
                0x08004328      0x140 D:\Users\Stoodio 2nd\AppData\Local\Temp\VMBuilds\GateXtal\Arduino_STM32-master_genericSTM32F103C\Release/core.a(timer.c.o)
                0x08004328                timer_attach_interrupt
 .text.__irq_tim1_brk
                0x08004468       0x24 D:\Users\Stoodio 2nd\AppData\Local\Temp\VMBuilds\GateXtal\Arduino_STM32-master_genericSTM32F103C\Release/core.a(timer.c.o)
                0x08004468                __irq_tim1_brk
 .text.__irq_tim1_up
                0x0800448c       0x24 D:\Users\Stoodio 2nd\AppData\Local\Temp\VMBuilds\GateXtal\Arduino_STM32-master_genericSTM32F103C\Release/core.a(timer.c.o)
                0x0800448c                __irq_tim1_up
 .text.__irq_tim1_trg_com
                0x080044b0       0x4c D:\Users\Stoodio 2nd\AppData\Local\Temp\VMBuilds\GateXtal\Arduino_STM32-master_genericSTM32F103C\Release/core.a(timer.c.o)
                0x080044b0                __irq_tim1_trg_com
 .text.__irq_tim1_cc
                0x080044fc       0x68 D:\Users\Stoodio 2nd\AppData\Local\Temp\VMBuilds\GateXtal\Arduino_STM32-master_genericSTM32F103C\Release/core.a(timer.c.o)
                0x080044fc                __irq_tim1_cc
 .text.__irq_tim2
                0x08004564       0x84 D:\Users\Stoodio 2nd\AppData\Local\Temp\VMBuilds\GateXtal\Arduino_STM32-master_genericSTM32F103C\Release/core.a(timer.c.o)
                0x08004564                __irq_tim2
 .text.__irq_tim3
                0x080045e8       0x84 D:\Users\Stoodio 2nd\AppData\Local\Temp\VMBuilds\GateXtal\Arduino_STM32-master_genericSTM32F103C\Release/core.a(timer.c.o)
                0x080045e8                __irq_tim3
 .text.__irq_tim4
                0x0800466c       0x84 D:\Users\Stoodio 2nd\AppData\Local\Temp\VMBuilds\GateXtal\Arduino_STM32-master_genericSTM32F103C\Release/core.a(timer.c.o)
                0x0800466c                __irq_tim4
 .text.usart_config_gpios_async
                0x080046f0       0x48 D:\Users\Stoodio 2nd\AppData\Local\Temp\VMBuilds\GateXtal\Arduino_STM32-master_genericSTM32F103C\Release/core.a(usart_f1.c.o)
                0x080046f0                usart_config_gpios_async
 .text.usart_set_baud_rate
                0x08004738       0x48 D:\Users\Stoodio 2nd\AppData\Local\Temp\VMBuilds\GateXtal\Arduino_STM32-master_genericSTM32F103C\Release/core.a(usart_f1.c.o)
                0x08004738                usart_set_baud_rate
 .text.__irq_usart1
                0x08004780       0xe0 D:\Users\Stoodio 2nd\AppData\Local\Temp\VMBuilds\GateXtal\Arduino_STM32-master_genericSTM32F103C\Release/core.a(usart_f1.c.o)
                0x08004780                __irq_usart1
 .text.__irq_usart2
                0x08004860       0xe0 D:\Users\Stoodio 2nd\AppData\Local\Temp\VMBuilds\GateXtal\Arduino_STM32-master_genericSTM32F103C\Release/core.a(usart_f1.c.o)
                0x08004860                __irq_usart2
 .text.__irq_usart3
                0x08004940       0xe0 D:\Users\Stoodio 2nd\AppData\Local\Temp\VMBuilds\GateXtal\Arduino_STM32-master_genericSTM32F103C\Release/core.a(usart_f1.c.o)
                0x08004940                __irq_usart3
 .text._usart_clock_freq
                0x08004a20       0x24 D:\Users\Stoodio 2nd\AppData\Local\Temp\VMBuilds\GateXtal\Arduino_STM32-master_genericSTM32F103C\Release/core.a(usart_private.c.o)
                0x08004a20                _usart_clock_freq
 .text.throb    0x08004a44       0x58 D:\Users\Stoodio 2nd\AppData\Local\Temp\VMBuilds\GateXtal\Arduino_STM32-master_genericSTM32F103C\Release/core.a(util.c.o)
                0x08004a44                throb
 .text.__error  0x08004a9c       0x14 D:\Users\Stoodio 2nd\AppData\Local\Temp\VMBuilds\GateXtal\Arduino_STM32-master_genericSTM32F103C\Release/core.a(util.c.o)
                0x08004a9c                __error
 .text.usb_resume
                0x08004ab0       0xdc D:\Users\Stoodio 2nd\AppData\Local\Temp\VMBuilds\GateXtal\Arduino_STM32-master_genericSTM32F103C\Release/core.a(usb.c.o)
 .text.usb_init_usblib
                0x08004b8c       0x50 D:\Users\Stoodio 2nd\AppData\Local\Temp\VMBuilds\GateXtal\Arduino_STM32-master_genericSTM32F103C\Release/core.a(usb.c.o)
                0x08004b8c                usb_init_usblib
 .text.__irq_usb_lp_can_rx0
                0x08004bdc      0x1f4 D:\Users\Stoodio 2nd\AppData\Local\Temp\VMBuilds\GateXtal\Arduino_STM32-master_genericSTM32F103C\Release/core.a(usb.c.o)
                0x08004bdc                __irq_usb_lp_can_rx0
 .text.vcomDataTxCb
                0x08004dd0       0xac D:\Users\Stoodio 2nd\AppData\Local\Temp\VMBuilds\GateXtal\Arduino_STM32-master_genericSTM32F103C\Release/core.a(usb_cdcacm.c.o)
 .text.vcomGetSetLineCoding
                0x08004e7c       0x18 D:\Users\Stoodio 2nd\AppData\Local\Temp\VMBuilds\GateXtal\Arduino_STM32-master_genericSTM32F103C\Release/core.a(usb_cdcacm.c.o)
 .text.usbInit  0x08004e94       0x48 D:\Users\Stoodio 2nd\AppData\Local\Temp\VMBuilds\GateXtal\Arduino_STM32-master_genericSTM32F103C\Release/core.a(usb_cdcacm.c.o)
 .text.usbDataSetup
                0x08004edc       0x58 D:\Users\Stoodio 2nd\AppData\Local\Temp\VMBuilds\GateXtal\Arduino_STM32-master_genericSTM32F103C\Release/core.a(usb_cdcacm.c.o)
 .text.usbNoDataSetup
                0x08004f34       0x58 D:\Users\Stoodio 2nd\AppData\Local\Temp\VMBuilds\GateXtal\Arduino_STM32-master_genericSTM32F103C\Release/core.a(usb_cdcacm.c.o)
 .text.usbGetInterfaceSetting
                0x08004f8c       0x10 D:\Users\Stoodio 2nd\AppData\Local\Temp\VMBuilds\GateXtal\Arduino_STM32-master_genericSTM32F103C\Release/core.a(usb_cdcacm.c.o)
 .text.usbSetConfiguration
                0x08004f9c       0x1c D:\Users\Stoodio 2nd\AppData\Local\Temp\VMBuilds\GateXtal\Arduino_STM32-master_genericSTM32F103C\Release/core.a(usb_cdcacm.c.o)
 .text.usbSetDeviceAddress
                0x08004fb8       0x10 D:\Users\Stoodio 2nd\AppData\Local\Temp\VMBuilds\GateXtal\Arduino_STM32-master_genericSTM32F103C\Release/core.a(usb_cdcacm.c.o)
 .text.usbGetStringDescriptor
                0x08004fc8       0x20 D:\Users\Stoodio 2nd\AppData\Local\Temp\VMBuilds\GateXtal\Arduino_STM32-master_genericSTM32F103C\Release/core.a(usb_cdcacm.c.o)
 .text.usbGetConfigDescriptor
                0x08004fe8        0xc D:\Users\Stoodio 2nd\AppData\Local\Temp\VMBuilds\GateXtal\Arduino_STM32-master_genericSTM32F103C\Release/core.a(usb_cdcacm.c.o)
 .text.usbGetDeviceDescriptor
                0x08004ff4        0xc D:\Users\Stoodio 2nd\AppData\Local\Temp\VMBuilds\GateXtal\Arduino_STM32-master_genericSTM32F103C\Release/core.a(usb_cdcacm.c.o)
 .text.usbReset
                0x08005000      0x17c D:\Users\Stoodio 2nd\AppData\Local\Temp\VMBuilds\GateXtal\Arduino_STM32-master_genericSTM32F103C\Release/core.a(usb_cdcacm.c.o)
 .text.usb_cdcacm_tx
                0x0800517c       0x68 D:\Users\Stoodio 2nd\AppData\Local\Temp\VMBuilds\GateXtal\Arduino_STM32-master_genericSTM32F103C\Release/core.a(usb_cdcacm.c.o)
                0x0800517c                usb_cdcacm_tx
 .text.usb_cdcacm_data_available
                0x080051e4       0x18 D:\Users\Stoodio 2nd\AppData\Local\Temp\VMBuilds\GateXtal\Arduino_STM32-master_genericSTM32F103C\Release/core.a(usb_cdcacm.c.o)
                0x080051e4                usb_cdcacm_data_available
 .text.usb_cdcacm_rx
                0x080051fc       0x74 D:\Users\Stoodio 2nd\AppData\Local\Temp\VMBuilds\GateXtal\Arduino_STM32-master_genericSTM32F103C\Release/core.a(usb_cdcacm.c.o)
                0x080051fc                usb_cdcacm_rx
 .text.usb_cdcacm_peek
                0x08005270       0x40 D:\Users\Stoodio 2nd\AppData\Local\Temp\VMBuilds\GateXtal\Arduino_STM32-master_genericSTM32F103C\Release/core.a(usb_cdcacm.c.o)
                0x08005270                usb_cdcacm_peek
 .text.usb_cdcacm_get_dtr
                0x080052b0       0x10 D:\Users\Stoodio 2nd\AppData\Local\Temp\VMBuilds\GateXtal\Arduino_STM32-master_genericSTM32F103C\Release/core.a(usb_cdcacm.c.o)
                0x080052b0                usb_cdcacm_get_dtr
 .text.usb_set_ep_rx_count
                0x080052c0       0x40 D:\Users\Stoodio 2nd\AppData\Local\Temp\VMBuilds\GateXtal\Arduino_STM32-master_genericSTM32F103C\Release/core.a(usb_reg_map.c.o)
                0x080052c0                usb_set_ep_rx_count
 .text.Standard_GetConfiguration
                0x08005300       0x28 D:\Users\Stoodio 2nd\AppData\Local\Temp\VMBuilds\GateXtal\Arduino_STM32-master_genericSTM32F103C\Release/core.a(usb_core.c.o)
                0x08005300                Standard_GetConfiguration
 .text.Standard_GetInterface
                0x08005328       0x28 D:\Users\Stoodio 2nd\AppData\Local\Temp\VMBuilds\GateXtal\Arduino_STM32-master_genericSTM32F103C\Release/core.a(usb_core.c.o)
                0x08005328                Standard_GetInterface
 .text.Standard_GetStatus
                0x08005350       0x98 D:\Users\Stoodio 2nd\AppData\Local\Temp\VMBuilds\GateXtal\Arduino_STM32-master_genericSTM32F103C\Release/core.a(usb_core.c.o)
                0x08005350                Standard_GetStatus
 .text.DataStageIn
                0x080053e8       0xb8 D:\Users\Stoodio 2nd\AppData\Local\Temp\VMBuilds\GateXtal\Arduino_STM32-master_genericSTM32F103C\Release/core.a(usb_core.c.o)
 .text.Standard_ClearFeature
                0x080054a0       0xcc D:\Users\Stoodio 2nd\AppData\Local\Temp\VMBuilds\GateXtal\Arduino_STM32-master_genericSTM32F103C\Release/core.a(usb_core.c.o)
                0x080054a0                Standard_ClearFeature
 .text.Standard_SetEndPointFeature
                0x0800556c       0x88 D:\Users\Stoodio 2nd\AppData\Local\Temp\VMBuilds\GateXtal\Arduino_STM32-master_genericSTM32F103C\Release/core.a(usb_core.c.o)
                0x0800556c                Standard_SetEndPointFeature
 .text.Standard_GetDescriptorData
                0x080055f4       0x1c D:\Users\Stoodio 2nd\AppData\Local\Temp\VMBuilds\GateXtal\Arduino_STM32-master_genericSTM32F103C\Release/core.a(usb_core.c.o)
                0x080055f4                Standard_GetDescriptorData
 .text.Setup0_Process
                0x08005610      0x3fc D:\Users\Stoodio 2nd\AppData\Local\Temp\VMBuilds\GateXtal\Arduino_STM32-master_genericSTM32F103C\Release/core.a(usb_core.c.o)
                0x08005610                Setup0_Process
 .text.In0_Process
                0x08005a0c       0xc0 D:\Users\Stoodio 2nd\AppData\Local\Temp\VMBuilds\GateXtal\Arduino_STM32-master_genericSTM32F103C\Release/core.a(usb_core.c.o)
                0x08005a0c                In0_Process
 .text.Out0_Process
                0x08005acc      0x100 D:\Users\Stoodio 2nd\AppData\Local\Temp\VMBuilds\GateXtal\Arduino_STM32-master_genericSTM32F103C\Release/core.a(usb_core.c.o)
                0x08005acc                Out0_Process
 .text.SetDeviceAddress
                0x08005bcc       0x38 D:\Users\Stoodio 2nd\AppData\Local\Temp\VMBuilds\GateXtal\Arduino_STM32-master_genericSTM32F103C\Release/core.a(usb_core.c.o)
                0x08005bcc                SetDeviceAddress
 .text.NOP_Process
                0x08005c04        0x4 D:\Users\Stoodio 2nd\AppData\Local\Temp\VMBuilds\GateXtal\Arduino_STM32-master_genericSTM32F103C\Release/core.a(usb_core.c.o)
                0x08005c04                NOP_Process
 .text.UserToPMABufferCopy
                0x08005c08       0x3c D:\Users\Stoodio 2nd\AppData\Local\Temp\VMBuilds\GateXtal\Arduino_STM32-master_genericSTM32F103C\Release/core.a(usb_mem.c.o)
                0x08005c08                UserToPMABufferCopy
 .text.PMAToUserBufferCopy
                0x08005c44       0x20 D:\Users\Stoodio 2nd\AppData\Local\Temp\VMBuilds\GateXtal\Arduino_STM32-master_genericSTM32F103C\Release/core.a(usb_mem.c.o)
                0x08005c44                PMAToUserBufferCopy
 .text.SetEPTxStatus
                0x08005c64       0x2c D:\Users\Stoodio 2nd\AppData\Local\Temp\VMBuilds\GateXtal\Arduino_STM32-master_genericSTM32F103C\Release/core.a(usb_regs.c.o)
                0x08005c64                SetEPTxStatus
 .text.ClearDTOG_RX
                0x08005c90       0x20 D:\Users\Stoodio 2nd\AppData\Local\Temp\VMBuilds\GateXtal\Arduino_STM32-master_genericSTM32F103C\Release/core.a(usb_regs.c.o)
                0x08005c90                ClearDTOG_RX
 .text.ClearDTOG_TX
                0x08005cb0       0x20 D:\Users\Stoodio 2nd\AppData\Local\Temp\VMBuilds\GateXtal\Arduino_STM32-master_genericSTM32F103C\Release/core.a(usb_regs.c.o)
                0x08005cb0                ClearDTOG_TX
 .text.GetEPTxAddr
                0x08005cd0       0x1c D:\Users\Stoodio 2nd\AppData\Local\Temp\VMBuilds\GateXtal\Arduino_STM32-master_genericSTM32F103C\Release/core.a(usb_regs.c.o)
                0x08005cd0                GetEPTxAddr
 .text.GetEPRxAddr
                0x08005cec       0x1c D:\Users\Stoodio 2nd\AppData\Local\Temp\VMBuilds\GateXtal\Arduino_STM32-master_genericSTM32F103C\Release/core.a(usb_regs.c.o)
                0x08005cec                GetEPRxAddr
 .text.SetEPTxCount
                0x08005d08       0x1c D:\Users\Stoodio 2nd\AppData\Local\Temp\VMBuilds\GateXtal\Arduino_STM32-master_genericSTM32F103C\Release/core.a(usb_regs.c.o)
                0x08005d08                SetEPTxCount
 .text.SetEPRxCount
                0x08005d24       0x44 D:\Users\Stoodio 2nd\AppData\Local\Temp\VMBuilds\GateXtal\Arduino_STM32-master_genericSTM32F103C\Release/core.a(usb_regs.c.o)
                0x08005d24                SetEPRxCount
 .text._ZN14HardwareSerial4readEv
                0x08005d68       0x58 D:\Users\Stoodio 2nd\AppData\Local\Temp\VMBuilds\GateXtal\Arduino_STM32-master_genericSTM32F103C\Release/core.a(HardwareSerial.cpp.o)
                0x08005d68                HardwareSerial::read()
 .text._ZN14HardwareSerial9availableEv
                0x08005dc0       0x30 D:\Users\Stoodio 2nd\AppData\Local\Temp\VMBuilds\GateXtal\Arduino_STM32-master_genericSTM32F103C\Release/core.a(HardwareSerial.cpp.o)
                0x08005dc0                HardwareSerial::available()
 .text._ZN14HardwareSerial4peekEv
                0x08005df0       0x24 D:\Users\Stoodio 2nd\AppData\Local\Temp\VMBuilds\GateXtal\Arduino_STM32-master_genericSTM32F103C\Release/core.a(HardwareSerial.cpp.o)
                0x08005df0                HardwareSerial::peek()
 .text._ZN14HardwareSerial5flushEv
                0x08005e14       0x1c D:\Users\Stoodio 2nd\AppData\Local\Temp\VMBuilds\GateXtal\Arduino_STM32-master_genericSTM32F103C\Release/core.a(HardwareSerial.cpp.o)
                0x08005e14                HardwareSerial::flush()
 .text._ZN14HardwareSerial5writeEh
                0x08005e30       0x20 D:\Users\Stoodio 2nd\AppData\Local\Temp\VMBuilds\GateXtal\Arduino_STM32-master_genericSTM32F103C\Release/core.a(HardwareSerial.cpp.o)
                0x08005e30                HardwareSerial::write(unsigned char)
 .text._ZN14HardwareSerialC2EP9usart_devhh
                0x08005e50       0x20 D:\Users\Stoodio 2nd\AppData\Local\Temp\VMBuilds\GateXtal\Arduino_STM32-master_genericSTM32F103C\Release/core.a(HardwareSerial.cpp.o)
                0x08005e50                HardwareSerial::HardwareSerial(usart_dev*, unsigned char, unsigned char)
                0x08005e50                HardwareSerial::HardwareSerial(usart_dev*, unsigned char, unsigned char)
 .text._ZN14HardwareSerial5beginEm
                0x08005e70       0x7c D:\Users\Stoodio 2nd\AppData\Local\Temp\VMBuilds\GateXtal\Arduino_STM32-master_genericSTM32F103C\Release/core.a(HardwareSerial.cpp.o)
                0x08005e70                HardwareSerial::begin(unsigned long)
 .text.set_this_dev
                0x08005eec       0x1c D:\Users\Stoodio 2nd\AppData\Local\Temp\VMBuilds\GateXtal\Arduino_STM32-master_genericSTM32F103C\Release/core.a(HardwareTimer.cpp.o)
 .text._ZN13HardwareTimerC2Eh
                0x08005f08       0x2c D:\Users\Stoodio 2nd\AppData\Local\Temp\VMBuilds\GateXtal\Arduino_STM32-master_genericSTM32F103C\Release/core.a(HardwareTimer.cpp.o)
                0x08005f08                HardwareTimer::HardwareTimer(unsigned char)
                0x08005f08                HardwareTimer::HardwareTimer(unsigned char)
 .text._ZN13HardwareTimer5pauseEv
                0x08005f34       0x10 D:\Users\Stoodio 2nd\AppData\Local\Temp\VMBuilds\GateXtal\Arduino_STM32-master_genericSTM32F103C\Release/core.a(HardwareTimer.cpp.o)
                0x08005f34                HardwareTimer::pause()
 .text._ZN13HardwareTimer6resumeEv
                0x08005f44       0x10 D:\Users\Stoodio 2nd\AppData\Local\Temp\VMBuilds\GateXtal\Arduino_STM32-master_genericSTM32F103C\Release/core.a(HardwareTimer.cpp.o)
                0x08005f44                HardwareTimer::resume()
 .text._ZN13HardwareTimer17setPrescaleFactorEm
                0x08005f54        0xc D:\Users\Stoodio 2nd\AppData\Local\Temp\VMBuilds\GateXtal\Arduino_STM32-master_genericSTM32F103C\Release/core.a(HardwareTimer.cpp.o)
                0x08005f54                HardwareTimer::setPrescaleFactor(unsigned long)
 .text._ZN13HardwareTimer11setOverflowEt
                0x08005f60        0x8 D:\Users\Stoodio 2nd\AppData\Local\Temp\VMBuilds\GateXtal\Arduino_STM32-master_genericSTM32F103C\Release/core.a(HardwareTimer.cpp.o)
                0x08005f60                HardwareTimer::setOverflow(unsigned short)
 .text._ZN13HardwareTimer9setPeriodEm
                0x08005f68       0x4c D:\Users\Stoodio 2nd\AppData\Local\Temp\VMBuilds\GateXtal\Arduino_STM32-master_genericSTM32F103C\Release/core.a(HardwareTimer.cpp.o)
                0x08005f68                HardwareTimer::setPeriod(unsigned long)
 .text._ZN13HardwareTimer7setModeEi10timer_mode
                0x08005fb4        0x8 D:\Users\Stoodio 2nd\AppData\Local\Temp\VMBuilds\GateXtal\Arduino_STM32-master_genericSTM32F103C\Release/core.a(HardwareTimer.cpp.o)
                0x08005fb4                HardwareTimer::setMode(int, timer_mode)
 .text._ZN13HardwareTimer10setCompareEit
                0x08005fbc       0x20 D:\Users\Stoodio 2nd\AppData\Local\Temp\VMBuilds\GateXtal\Arduino_STM32-master_genericSTM32F103C\Release/core.a(HardwareTimer.cpp.o)
                0x08005fbc                HardwareTimer::setCompare(int, unsigned short)
 .text._ZN13HardwareTimer15attachInterruptEiPFvvE
                0x08005fdc        0x8 D:\Users\Stoodio 2nd\AppData\Local\Temp\VMBuilds\GateXtal\Arduino_STM32-master_genericSTM32F103C\Release/core.a(HardwareTimer.cpp.o)
                0x08005fdc                HardwareTimer::attachInterrupt(int, void (*)())
 .text._ZN13HardwareTimer7refreshEv
                0x08005fe4       0x14 D:\Users\Stoodio 2nd\AppData\Local\Temp\VMBuilds\GateXtal\Arduino_STM32-master_genericSTM32F103C\Release/core.a(HardwareTimer.cpp.o)
                0x08005fe4                HardwareTimer::refresh()
 .text.startup._GLOBAL__sub_I__ZN13HardwareTimerC2Eh
                0x08005ff8       0x90 D:\Users\Stoodio 2nd\AppData\Local\Temp\VMBuilds\GateXtal\Arduino_STM32-master_genericSTM32F103C\Release/core.a(HardwareTimer.cpp.o)
 .text.startup._Z7premainv
                0x08006088        0x4 D:\Users\Stoodio 2nd\AppData\Local\Temp\VMBuilds\GateXtal\Arduino_STM32-master_genericSTM32F103C\Release/core.a(main.cpp.o)
                0x08006088                premain()
 .text.startup.main
                0x0800608c        0xc D:\Users\Stoodio 2nd\AppData\Local\Temp\VMBuilds\GateXtal\Arduino_STM32-master_genericSTM32F103C\Release/core.a(main.cpp.o)
                0x0800608c                main
 .text._ZN5Print5writeEPKc
                0x08006098       0x28 D:\Users\Stoodio 2nd\AppData\Local\Temp\VMBuilds\GateXtal\Arduino_STM32-master_genericSTM32F103C\Release/core.a(Print.cpp.o)
                0x08006098                Print::write(char const*)
 .text._ZN5Print5writeEPKvm
                0x080060c0       0x20 D:\Users\Stoodio 2nd\AppData\Local\Temp\VMBuilds\GateXtal\Arduino_STM32-master_genericSTM32F103C\Release/core.a(Print.cpp.o)
                0x080060c0                Print::write(void const*, unsigned long)
 .text._ZN5Print5printEPKc
                0x080060e0        0xc D:\Users\Stoodio 2nd\AppData\Local\Temp\VMBuilds\GateXtal\Arduino_STM32-master_genericSTM32F103C\Release/core.a(Print.cpp.o)
                0x080060e0                Print::print(char const*)
 .text._ZN5Print7printlnEii
                0x080060ec       0xc4 D:\Users\Stoodio 2nd\AppData\Local\Temp\VMBuilds\GateXtal\Arduino_STM32-master_genericSTM32F103C\Release/core.a(Print.cpp.o)
                0x080060ec                Print::println(int, int)
 .text._Z8pwmWriteht
                0x080061b0       0x24 D:\Users\Stoodio 2nd\AppData\Local\Temp\VMBuilds\GateXtal\Arduino_STM32-master_genericSTM32F103C\Release/core.a(pwm.cpp.o)
                0x080061b0                pwmWrite(unsigned char, unsigned short)
 .text._ZN9USBSerial9availableEv
                0x080061d4        0x4 D:\Users\Stoodio 2nd\AppData\Local\Temp\VMBuilds\GateXtal\Arduino_STM32-master_genericSTM32F103C\Release/core.a(usb_serial.cpp.o)
                0x080061d4                USBSerial::available()
 .text._ZN9USBSerial4peekEv
                0x080061d8       0x20 D:\Users\Stoodio 2nd\AppData\Local\Temp\VMBuilds\GateXtal\Arduino_STM32-master_genericSTM32F103C\Release/core.a(usb_serial.cpp.o)
                0x080061d8                USBSerial::peek()
 .text._ZN9USBSerial4readEv
                0x080061f8       0x20 D:\Users\Stoodio 2nd\AppData\Local\Temp\VMBuilds\GateXtal\Arduino_STM32-master_genericSTM32F103C\Release/core.a(usb_serial.cpp.o)
                0x080061f8                USBSerial::read()
 .text._ZN9USBSerial5flushEv
                0x08006218       0x24 D:\Users\Stoodio 2nd\AppData\Local\Temp\VMBuilds\GateXtal\Arduino_STM32-master_genericSTM32F103C\Release/core.a(usb_serial.cpp.o)
                0x08006218                USBSerial::flush()
 .text._ZN9USBSerial5writeEh
                0x0800623c       0x44 D:\Users\Stoodio 2nd\AppData\Local\Temp\VMBuilds\GateXtal\Arduino_STM32-master_genericSTM32F103C\Release/core.a(usb_serial.cpp.o)
                0x0800623c                USBSerial::write(unsigned char)
 .text._ZN9USBSerial5writeEPKc
                0x08006280       0x44 D:\Users\Stoodio 2nd\AppData\Local\Temp\VMBuilds\GateXtal\Arduino_STM32-master_genericSTM32F103C\Release/core.a(usb_serial.cpp.o)
                0x08006280                USBSerial::write(char const*)
 .text.startup._GLOBAL__sub_I__ZN9USBSerial9_hasBegunE
                0x080062c4       0x1c D:\Users\Stoodio 2nd\AppData\Local\Temp\VMBuilds\GateXtal\Arduino_STM32-master_genericSTM32F103C\Release/core.a(usb_serial.cpp.o)
 .text._Z11digitalReadh
                0x080062e0       0x2c D:\Users\Stoodio 2nd\AppData\Local\Temp\VMBuilds\GateXtal\Arduino_STM32-master_genericSTM32F103C\Release/core.a(wirish_digital.cpp.o)
                0x080062e0                digitalRead(unsigned char)
 .text._Z12digitalWritehh
                0x0800630c       0x34 D:\Users\Stoodio 2nd\AppData\Local\Temp\VMBuilds\GateXtal\Arduino_STM32-master_genericSTM32F103C\Release/core.a(wirish_digital.cpp.o)
                0x0800630c                digitalWrite(unsigned char, unsigned char)
 .text._Z7pinModeh13WiringPinMode
                0x08006340       0xa8 D:\Users\Stoodio 2nd\AppData\Local\Temp\VMBuilds\GateXtal\Arduino_STM32-master_genericSTM32F103C\Release/core.a(wirish_digital_f1.cpp.o)
                0x08006340                pinMode(unsigned char, WiringPinMode)
 .text.gpio_init
                0x080063e8       0x14 D:\Users\Stoodio 2nd\AppData\Local\Temp\VMBuilds\GateXtal\Arduino_STM32-master_genericSTM32F103C\Release/core.a(gpio.c.o)
                0x080063e8                gpio_init
 .text.usart_init
                0x080063fc       0x4c D:\Users\Stoodio 2nd\AppData\Local\Temp\VMBuilds\GateXtal\Arduino_STM32-master_genericSTM32F103C\Release/core.a(usart.c.o)
                0x080063fc                usart_init
 .text.usart_enable
                0x08006448       0x14 D:\Users\Stoodio 2nd\AppData\Local\Temp\VMBuilds\GateXtal\Arduino_STM32-master_genericSTM32F103C\Release/core.a(usart.c.o)
                0x08006448                usart_enable
 .text.usart_tx
                0x0800645c       0xe8 D:\Users\Stoodio 2nd\AppData\Local\Temp\VMBuilds\GateXtal\Arduino_STM32-master_genericSTM32F103C\Release/core.a(usart.c.o)
                0x0800645c                usart_tx
 .text.__cxa_pure_virtual
                0x08006544        0x4 D:\Users\Stoodio 2nd\AppData\Local\Temp\VMBuilds\GateXtal\Arduino_STM32-master_genericSTM32F103C\Release/core.a(cxxabi-compat.cpp.o)
                0x08006544                __cxa_pure_virtual
 .text.__aeabi_atexit
                0x08006548        0xc d:/users/stoodio 2nd/appdata/local/arduino15/packages/arduino/tools/arm-none-eabi-gcc/4.8.3-2014q1/bin/../lib/gcc/arm-none-eabi/4.8.3/../../../../arm-none-eabi/lib/armv7-m\libstdc++.a(atexit_arm.o)
                0x08006548                __aeabi_atexit
 .text.pow      0x08006554      0x2f8 d:/users/stoodio 2nd/appdata/local/arduino15/packages/arduino/tools/arm-none-eabi-gcc/4.8.3-2014q1/bin/../lib/gcc/arm-none-eabi/4.8.3/../../../../arm-none-eabi/lib/armv7-m\libm.a(lib_a-w_pow.o)
                0x08006554                pow
 *fill*         0x0800684c        0x4 
 .text.__ieee754_pow
                0x08006850      0xab8 d:/users/stoodio 2nd/appdata/local/arduino15/packages/arduino/tools/arm-none-eabi-gcc/4.8.3-2014q1/bin/../lib/gcc/arm-none-eabi/4.8.3/../../../../arm-none-eabi/lib/armv7-m\libm.a(lib_a-e_pow.o)
                0x08006850                __ieee754_pow
 .text.__ieee754_sqrt
                0x08007308      0x180 d:/users/stoodio 2nd/appdata/local/arduino15/packages/arduino/tools/arm-none-eabi-gcc/4.8.3-2014q1/bin/../lib/gcc/arm-none-eabi/4.8.3/../../../../arm-none-eabi/lib/armv7-m\libm.a(lib_a-e_sqrt.o)
                0x08007308                __ieee754_sqrt
 .text.fabs     0x08007488        0x8 d:/users/stoodio 2nd/appdata/local/arduino15/packages/arduino/tools/arm-none-eabi-gcc/4.8.3-2014q1/bin/../lib/gcc/arm-none-eabi/4.8.3/../../../../arm-none-eabi/lib/armv7-m\libm.a(lib_a-s_fabs.o)
                0x08007488                fabs
 .text.finite   0x08007490        0xc d:/users/stoodio 2nd/appdata/local/arduino15/packages/arduino/tools/arm-none-eabi-gcc/4.8.3-2014q1/bin/../lib/gcc/arm-none-eabi/4.8.3/../../../../arm-none-eabi/lib/armv7-m\libm.a(lib_a-s_finite.o)
                0x08007490                finite
 .text.__fpclassifyd
                0x0800749c       0x50 d:/users/stoodio 2nd/appdata/local/arduino15/packages/arduino/tools/arm-none-eabi-gcc/4.8.3-2014q1/bin/../lib/gcc/arm-none-eabi/4.8.3/../../../../arm-none-eabi/lib/armv7-m\libm.a(lib_a-s_fpclassify.o)
                0x0800749c                __fpclassifyd
 .text.matherr  0x080074ec        0x4 d:/users/stoodio 2nd/appdata/local/arduino15/packages/arduino/tools/arm-none-eabi-gcc/4.8.3-2014q1/bin/../lib/gcc/arm-none-eabi/4.8.3/../../../../arm-none-eabi/lib/armv7-m\libm.a(lib_a-s_matherr.o)
                0x080074ec                matherr
 .text.nan      0x080074f0        0xc d:/users/stoodio 2nd/appdata/local/arduino15/packages/arduino/tools/arm-none-eabi-gcc/4.8.3-2014q1/bin/../lib/gcc/arm-none-eabi/4.8.3/../../../../arm-none-eabi/lib/armv7-m\libm.a(lib_a-s_nan.o)
                0x080074f0                nan
 .text.rint     0x080074fc      0x118 d:/users/stoodio 2nd/appdata/local/arduino15/packages/arduino/tools/arm-none-eabi-gcc/4.8.3-2014q1/bin/../lib/gcc/arm-none-eabi/4.8.3/../../../../arm-none-eabi/lib/armv7-m\libm.a(lib_a-s_rint.o)
                0x080074fc                rint
 *fill*         0x08007614        0x4 
 .text.scalbn   0x08007618      0x100 d:/users/stoodio 2nd/appdata/local/arduino15/packages/arduino/tools/arm-none-eabi-gcc/4.8.3-2014q1/bin/../lib/gcc/arm-none-eabi/4.8.3/../../../../arm-none-eabi/lib/armv7-m\libm.a(lib_a-s_scalbn.o)
                0x08007618                scalbn
 .text.copysign
                0x08007718       0x14 d:/users/stoodio 2nd/appdata/local/arduino15/packages/arduino/tools/arm-none-eabi-gcc/4.8.3-2014q1/bin/../lib/gcc/arm-none-eabi/4.8.3/../../../../arm-none-eabi/lib/armv7-m\libm.a(lib_a-s_copysign.o)
                0x08007718                copysign
 .text          0x0800772c      0x370 d:/users/stoodio 2nd/appdata/local/arduino15/packages/arduino/tools/arm-none-eabi-gcc/4.8.3-2014q1/bin/../lib/gcc/arm-none-eabi/4.8.3/armv7-m\libgcc.a(_arm_addsubdf3.o)
                0x0800772c                __aeabi_drsub
                0x08007734                __aeabi_dsub
                0x08007734                __subdf3
                0x08007738                __aeabi_dadd
                0x08007738                __adddf3
                0x080079b0                __floatunsidf
                0x080079b0                __aeabi_ui2d
                0x080079d0                __floatsidf
                0x080079d0                __aeabi_i2d
                0x080079f4                __aeabi_f2d
                0x080079f4                __extendsfdf2
                0x08007a30                __floatundidf
                0x08007a30                __aeabi_ul2d
                0x08007a40                __floatdidf
                0x08007a40                __aeabi_l2d
 .text          0x08007a9c      0x424 d:/users/stoodio 2nd/appdata/local/arduino15/packages/arduino/tools/arm-none-eabi-gcc/4.8.3-2014q1/bin/../lib/gcc/arm-none-eabi/4.8.3/armv7-m\libgcc.a(_arm_muldivdf3.o)
                0x08007a9c                __aeabi_dmul
                0x08007a9c                __muldf3
                0x08007cf0                __divdf3
                0x08007cf0                __aeabi_ddiv
 .text          0x08007ec0      0x110 d:/users/stoodio 2nd/appdata/local/arduino15/packages/arduino/tools/arm-none-eabi-gcc/4.8.3-2014q1/bin/../lib/gcc/arm-none-eabi/4.8.3/armv7-m\libgcc.a(_arm_cmpdf2.o)
                0x08007ec0                __gtdf2
                0x08007ec0                __gedf2
                0x08007ec8                __ltdf2
                0x08007ec8                __ledf2
                0x08007ed0                __nedf2
                0x08007ed0                __eqdf2
                0x08007ed0                __cmpdf2
                0x08007f4c                __aeabi_cdrcmple
                0x08007f5c                __aeabi_cdcmpeq
                0x08007f5c                __aeabi_cdcmple
                0x08007f6c                __aeabi_dcmpeq
                0x08007f80                __aeabi_dcmplt
                0x08007f94                __aeabi_dcmple
                0x08007fa8                __aeabi_dcmpge
                0x08007fbc                __aeabi_dcmpgt
 .text          0x08007fd0       0xa0 d:/users/stoodio 2nd/appdata/local/arduino15/packages/arduino/tools/arm-none-eabi-gcc/4.8.3-2014q1/bin/../lib/gcc/arm-none-eabi/4.8.3/armv7-m\libgcc.a(_arm_truncdfsf2.o)
                0x08007fd0                __truncdfsf2
                0x08007fd0                __aeabi_d2f
 .text          0x08008070      0x21c d:/users/stoodio 2nd/appdata/local/arduino15/packages/arduino/tools/arm-none-eabi-gcc/4.8.3-2014q1/bin/../lib/gcc/arm-none-eabi/4.8.3/armv7-m\libgcc.a(_arm_addsubsf3.o)
                0x08008070                __aeabi_frsub
                0x08008078                __subsf3
                0x08008078                __aeabi_fsub
                0x0800807c                __aeabi_fadd
                0x0800807c                __addsf3
                0x080081dc                __aeabi_ui2f
                0x080081dc                __floatunsisf
                0x080081e4                __aeabi_i2f
                0x080081e4                __floatsisf
                0x08008200                __aeabi_ul2f
                0x08008200                __floatundisf
                0x08008210                __aeabi_l2f
                0x08008210                __floatdisf
 .text          0x0800828c      0x2a0 d:/users/stoodio 2nd/appdata/local/arduino15/packages/arduino/tools/arm-none-eabi-gcc/4.8.3-2014q1/bin/../lib/gcc/arm-none-eabi/4.8.3/armv7-m\libgcc.a(_arm_muldivsf3.o)
                0x0800828c                __mulsf3