Archive member included because of file (symbol)

D:\Users\Stoodio 2nd\AppData\Local\Temp\VMBuilds\GateXtal\Arduino_STM32-master_genericSTM32F103C\Release/core.a(exc.S.o)
                              (__exc_hardfault)
D:\Users\Stoodio 2nd\AppData\Local\Temp\VMBuilds\GateXtal\Arduino_STM32-master_genericSTM32F103C\Release/core.a(isrs.S.o)
                              (__stm32reservedexception7)
D:\Users\Stoodio 2nd\AppData\Local\Temp\VMBuilds\GateXtal\Arduino_STM32-master_genericSTM32F103C\Release/core.a(vector_table.S.o)
                              (__stm32_vector_table)
D:\Users\Stoodio 2nd\AppData\Local\Temp\VMBuilds\GateXtal\Arduino_STM32-master_genericSTM32F103C\Release/core.a(adc.c.o)
                              D:\Users\Stoodio 2nd\AppData\Local\Temp\VMBuilds\GateXtal\Arduino_STM32-master_genericSTM32F103C\Release\STM32ADC\STM32ADC.cpp.o (adc_set_extsel)
D:\Users\Stoodio 2nd\AppData\Local\Temp\VMBuilds\GateXtal\Arduino_STM32-master_genericSTM32F103C\Release/core.a(adc_f1.c.o)
                              D:\Users\Stoodio 2nd\AppData\Local\Temp\VMBuilds\GateXtal\Arduino_STM32-master_genericSTM32F103C\Release\STM32ADC\STM32ADC.cpp.o (adc_attach_interrupt)
D:\Users\Stoodio 2nd\AppData\Local\Temp\VMBuilds\GateXtal\Arduino_STM32-master_genericSTM32F103C\Release/core.a(dma.c.o)
                              D:\Users\Stoodio 2nd\AppData\Local\Temp\VMBuilds\GateXtal\Arduino_STM32-master_genericSTM32F103C\Release\STM32ADC\STM32ADC.cpp.o (dma_init)
D:\Users\Stoodio 2nd\AppData\Local\Temp\VMBuilds\GateXtal\Arduino_STM32-master_genericSTM32F103C\Release/core.a(dma_f1.c.o)
                              D:\Users\Stoodio 2nd\AppData\Local\Temp\VMBuilds\GateXtal\Arduino_STM32-master_genericSTM32F103C\Release\STM32ADC\STM32ADC.cpp.o (dma_set_num_transfers)
D:\Users\Stoodio 2nd\AppData\Local\Temp\VMBuilds\GateXtal\Arduino_STM32-master_genericSTM32F103C\Release/core.a(flash.c.o)
                              D:\Users\Stoodio 2nd\AppData\Local\Temp\VMBuilds\GateXtal\Arduino_STM32-master_genericSTM32F103C\Release\variant\boards.cpp.o (flash_set_latency)
D:\Users\Stoodio 2nd\AppData\Local\Temp\VMBuilds\GateXtal\Arduino_STM32-master_genericSTM32F103C\Release/core.a(gpio_f1.c.o)
                              D:\Users\Stoodio 2nd\AppData\Local\Temp\VMBuilds\GateXtal\Arduino_STM32-master_genericSTM32F103C\Release\variant\boards_setup.cpp.o (gpio_init_all)
D:\Users\Stoodio 2nd\AppData\Local\Temp\VMBuilds\GateXtal\Arduino_STM32-master_genericSTM32F103C\Release/core.a(iwdg.c.o)
                              D:\Users\Stoodio 2nd\AppData\Local\Temp\VMBuilds\GateXtal\Arduino_STM32-master_genericSTM32F103C\Release\USBHID_stm32f1-edited\USBCompositeSerial.cpp.o (iwdg_init)
D:\Users\Stoodio 2nd\AppData\Local\Temp\VMBuilds\GateXtal\Arduino_STM32-master_genericSTM32F103C\Release/core.a(nvic.c.o)
                              D:\Users\Stoodio 2nd\AppData\Local\Temp\VMBuilds\GateXtal\Arduino_STM32-master_genericSTM32F103C\Release\variant\boards.cpp.o (nvic_init)
D:\Users\Stoodio 2nd\AppData\Local\Temp\VMBuilds\GateXtal\Arduino_STM32-master_genericSTM32F103C\Release/core.a(rcc.c.o)
                              D:\Users\Stoodio 2nd\AppData\Local\Temp\VMBuilds\GateXtal\Arduino_STM32-master_genericSTM32F103C\Release\variant\boards.cpp.o (rcc_switch_sysclk)
D:\Users\Stoodio 2nd\AppData\Local\Temp\VMBuilds\GateXtal\Arduino_STM32-master_genericSTM32F103C\Release/core.a(rcc_f1.c.o)
                              D:\Users\Stoodio 2nd\AppData\Local\Temp\VMBuilds\GateXtal\Arduino_STM32-master_genericSTM32F103C\Release\variant\boards.cpp.o (rcc_configure_pll)
D:\Users\Stoodio 2nd\AppData\Local\Temp\VMBuilds\GateXtal\Arduino_STM32-master_genericSTM32F103C\Release/core.a(systick.c.o)
                              D:\Users\Stoodio 2nd\AppData\Local\Temp\VMBuilds\GateXtal\Arduino_STM32-master_genericSTM32F103C\Release\variant\boards.cpp.o (systick_init)
D:\Users\Stoodio 2nd\AppData\Local\Temp\VMBuilds\GateXtal\Arduino_STM32-master_genericSTM32F103C\Release/core.a(timer.c.o)
                              D:\Users\Stoodio 2nd\AppData\Local\Temp\VMBuilds\GateXtal\Arduino_STM32-master_genericSTM32F103C\Release\variant\boards.cpp.o (timer_foreach)
D:\Users\Stoodio 2nd\AppData\Local\Temp\VMBuilds\GateXtal\Arduino_STM32-master_genericSTM32F103C\Release/core.a(usart_f1.c.o)
                              D:\Users\Stoodio 2nd\AppData\Local\Temp\VMBuilds\GateXtal\Arduino_STM32-master_genericSTM32F103C\Release\variant\board.cpp.o (USART3)
D:\Users\Stoodio 2nd\AppData\Local\Temp\VMBuilds\GateXtal\Arduino_STM32-master_genericSTM32F103C\Release/core.a(usart_private.c.o)
                              D:\Users\Stoodio 2nd\AppData\Local\Temp\VMBuilds\GateXtal\Arduino_STM32-master_genericSTM32F103C\Release/core.a(usart_f1.c.o) (_usart_clock_freq)
D:\Users\Stoodio 2nd\AppData\Local\Temp\VMBuilds\GateXtal\Arduino_STM32-master_genericSTM32F103C\Release/core.a(util.c.o)
[...]
Memory Configuration

Name             Origin             Length             Attributes
ram              0x20000000         0x00005000         xrw
rom              0x08000000         0x00010000         xr
*default*        0x00000000         0xffffffff

Linker script and memory map

LOAD d:/users/stoodio 2nd/appdata/local/arduino15/packages/arduino/tools/arm-none-eabi-gcc/4.8.3-2014q1/bin/../lib/gcc/arm-none-eabi/4.8.3/armv7-m/crti.o
LOAD d:/users/stoodio 2nd/appdata/local/arduino15/packages/arduino/tools/arm-none-eabi-gcc/4.8.3-2014q1/bin/../lib/gcc/arm-none-eabi/4.8.3/armv7-m/crtbegin.o
LOAD d:/users/stoodio 2nd/appdata/local/arduino15/packages/arduino/tools/arm-none-eabi-gcc/4.8.3-2014q1/bin/../lib/gcc/arm-none-eabi/4.8.3/../../../../arm-none-eabi/lib/armv7-m/crt0.o
LOAD d:/users/stoodio 2nd/appdata/local/arduino15/packages/arduino/tools/arm-none-eabi-gcc/4.8.3-2014q1/bin/../lib/gcc/arm-none-eabi/4.8.3/armv7-m\libgcc.a
START GROUP
LOAD D:\Users\Stoodio 2nd\AppData\Local\Temp\VMBuilds\GateXtal\Arduino_STM32-master_genericSTM32F103C\Release\GateXtal.cpp.o
LOAD D:\Users\Stoodio 2nd\AppData\Local\Temp\VMBuilds\GateXtal\Arduino_STM32-master_genericSTM32F103C\Release\USBHID_stm32f1-edited\MinSysex.c.o
LOAD D:\Users\Stoodio 2nd\AppData\Local\Temp\VMBuilds\GateXtal\Arduino_STM32-master_genericSTM32F103C\Release\USBHID_stm32f1-edited\usb_generic.c.o
LOAD D:\Users\Stoodio 2nd\AppData\Local\Temp\VMBuilds\GateXtal\Arduino_STM32-master_genericSTM32F103C\Release\USBHID_stm32f1-edited\usb_hid.c.o
LOAD D:\Users\Stoodio 2nd\AppData\Local\Temp\VMBuilds\GateXtal\Arduino_STM32-master_genericSTM32F103C\Release\USBHID_stm32f1-edited\usb_mass.c.o
LOAD D:\Users\Stoodio 2nd\AppData\Local\Temp\VMBuilds\GateXtal\Arduino_STM32-master_genericSTM32F103C\Release\USBHID_stm32f1-edited\usb_mass_mal.c.o
LOAD D:\Users\Stoodio 2nd\AppData\Local\Temp\VMBuilds\GateXtal\Arduino_STM32-master_genericSTM32F103C\Release\USBHID_stm32f1-edited\usb_midi_device.c.o
LOAD D:\Users\Stoodio 2nd\AppData\Local\Temp\VMBuilds\GateXtal\Arduino_STM32-master_genericSTM32F103C\Release\USBHID_stm32f1-edited\usb_scsi.c.o
LOAD D:\Users\Stoodio 2nd\AppData\Local\Temp\VMBuilds\GateXtal\Arduino_STM32-master_genericSTM32F103C\Release\USBHID_stm32f1-edited\usb_scsi_data.c.o
LOAD D:\Users\Stoodio 2nd\AppData\Local\Temp\VMBuilds\GateXtal\Arduino_STM32-master_genericSTM32F103C\Release\USBHID_stm32f1-edited\usb_serial.c.o
LOAD D:\Users\Stoodio 2nd\AppData\Local\Temp\VMBuilds\GateXtal\Arduino_STM32-master_genericSTM32F103C\Release\USBHID_stm32f1-edited\usb_x360.c.o
LOAD D:\Users\Stoodio 2nd\AppData\Local\Temp\VMBuilds\GateXtal\Arduino_STM32-master_genericSTM32F103C\Release\USBHID_stm32f1-edited\AbsMouse.cpp.o
LOAD D:\Users\Stoodio 2nd\AppData\Local\Temp\VMBuilds\GateXtal\Arduino_STM32-master_genericSTM32F103C\Release\USBHID_stm32f1-edited\BootKeyboard.cpp.o
LOAD D:\Users\Stoodio 2nd\AppData\Local\Temp\VMBuilds\GateXtal\Arduino_STM32-master_genericSTM32F103C\Release\USBHID_stm32f1-edited\Consumer.cpp.o
LOAD D:\Users\Stoodio 2nd\AppData\Local\Temp\VMBuilds\GateXtal\Arduino_STM32-master_genericSTM32F103C\Release\USBHID_stm32f1-edited\HIDReports.cpp.o
LOAD D:\Users\Stoodio 2nd\AppData\Local\Temp\VMBuilds\GateXtal\Arduino_STM32-master_genericSTM32F103C\Release\USBHID_stm32f1-edited\Joystick.cpp.o
LOAD D:\Users\Stoodio 2nd\AppData\Local\Temp\VMBuilds\GateXtal\Arduino_STM32-master_genericSTM32F103C\Release\USBHID_stm32f1-edited\Keyboard.cpp.o
LOAD D:\Users\Stoodio 2nd\AppData\Local\Temp\VMBuilds\GateXtal\Arduino_STM32-master_genericSTM32F103C\Release\USBHID_stm32f1-edited\Mouse.cpp.o
LOAD D:\Users\Stoodio 2nd\AppData\Local\Temp\VMBuilds\GateXtal\Arduino_STM32-master_genericSTM32F103C\Release\USBHID_stm32f1-edited\USBComposite.cpp.o
LOAD D:\Users\Stoodio 2nd\AppData\Local\Temp\VMBuilds\GateXtal\Arduino_STM32-master_genericSTM32F103C\Release\USBHID_stm32f1-edited\USBCompositeSerial.cpp.o
LOAD D:\Users\Stoodio 2nd\AppData\Local\Temp\VMBuilds\GateXtal\Arduino_STM32-master_genericSTM32F103C\Release\USBHID_stm32f1-edited\USBHID.cpp.o
LOAD D:\Users\Stoodio 2nd\AppData\Local\Temp\VMBuilds\GateXtal\Arduino_STM32-master_genericSTM32F103C\Release\USBHID_stm32f1-edited\USBMassStorage.cpp.o
LOAD D:\Users\Stoodio 2nd\AppData\Local\Temp\VMBuilds\GateXtal\Arduino_STM32-master_genericSTM32F103C\Release\USBHID_stm32f1-edited\USBMIDI.cpp.o
LOAD D:\Users\Stoodio 2nd\AppData\Local\Temp\VMBuilds\GateXtal\Arduino_STM32-master_genericSTM32F103C\Release\USBHID_stm32f1-edited\USBXBox360.cpp.o
LOAD D:\Users\Stoodio 2nd\AppData\Local\Temp\VMBuilds\GateXtal\Arduino_STM32-master_genericSTM32F103C\Release\USBHID_stm32f1-edited\usb_setup.cpp.o
LOAD D:\Users\Stoodio 2nd\AppData\Local\Temp\VMBuilds\GateXtal\Arduino_STM32-master_genericSTM32F103C\Release\STM32ADC\STM32ADC.cpp.o
LOAD D:\Users\Stoodio 2nd\AppData\Local\Temp\VMBuilds\GateXtal\Arduino_STM32-master_genericSTM32F103C\Release\STM32ADC\utility\util_adc.c.o
LOAD D:\Users\Stoodio 2nd\AppData\Local\Temp\VMBuilds\GateXtal\Arduino_STM32-master_genericSTM32F103C\Release\EEPROM\flash_stm32.c.o
LOAD D:\Users\Stoodio 2nd\AppData\Local\Temp\VMBuilds\GateXtal\Arduino_STM32-master_genericSTM32F103C\Release\EEPROM\EEPROM.cpp.o
LOAD D:\Users\Stoodio 2nd\AppData\Local\Temp\VMBuilds\GateXtal\Arduino_STM32-master_genericSTM32F103C\Release\MIDI\MIDI.cpp.o
LOAD D:\Users\Stoodio 2nd\AppData\Local\Temp\VMBuilds\GateXtal\Arduino_STM32-master_genericSTM32F103C\Release\Mozzi-master\MozziGuts.cpp.o
LOAD D:\Users\Stoodio 2nd\AppData\Local\Temp\VMBuilds\GateXtal\Arduino_STM32-master_genericSTM32F103C\Release\Mozzi-master\mozzi_analog.cpp.o
LOAD D:\Users\Stoodio 2nd\AppData\Local\Temp\VMBuilds\GateXtal\Arduino_STM32-master_genericSTM32F103C\Release\Mozzi-master\mozzi_fixmath.cpp.o
LOAD D:\Users\Stoodio 2nd\AppData\Local\Temp\VMBuilds\GateXtal\Arduino_STM32-master_genericSTM32F103C\Release\Mozzi-master\mozzi_midi.cpp.o
LOAD D:\Users\Stoodio 2nd\AppData\Local\Temp\VMBuilds\GateXtal\Arduino_STM32-master_genericSTM32F103C\Release\Mozzi-master\mozzi_rand.cpp.o
LOAD D:\Users\Stoodio 2nd\AppData\Local\Temp\VMBuilds\GateXtal\Arduino_STM32-master_genericSTM32F103C\Release\Mozzi-master\mozzi_utils.cpp.o
LOAD D:\Users\Stoodio 2nd\AppData\Local\Temp\VMBuilds\GateXtal\Arduino_STM32-master_genericSTM32F103C\Release\Mozzi-master\twi_nonblock.cpp.o
LOAD D:\Users\Stoodio 2nd\AppData\Local\Temp\VMBuilds\GateXtal\Arduino_STM32-master_genericSTM32F103C\Release\Mozzi-master\utility\FrequencyTimer2.cpp.o
LOAD D:\Users\Stoodio 2nd\AppData\Local\Temp\VMBuilds\GateXtal\Arduino_STM32-master_genericSTM32F103C\Release\Mozzi-master\utility\TimerOne.cpp.o
LOAD D:\Users\Stoodio 2nd\AppData\Local\Temp\VMBuilds\GateXtal\Arduino_STM32-master_genericSTM32F103C\Release\Mozzi-master\utility\TimerZero.cpp.o
LOAD D:\Users\Stoodio 2nd\AppData\Local\Temp\VMBuilds\GateXtal\Arduino_STM32-master_genericSTM32F103C\Release\variant\board.cpp.o
LOAD D:\Users\Stoodio 2nd\AppData\Local\Temp\VMBuilds\GateXtal\Arduino_STM32-master_genericSTM32F103C\Release\variant\boards.cpp.o
LOAD D:\Users\Stoodio 2nd\AppData\Local\Temp\VMBuilds\GateXtal\Arduino_STM32-master_genericSTM32F103C\Release\variant\boards_setup.cpp.o
LOAD D:\Users\Stoodio 2nd\AppData\Local\Temp\VMBuilds\GateXtal\Arduino_STM32-master_genericSTM32F103C\Release\variant\start.S.o
LOAD D:\Users\Stoodio 2nd\AppData\Local\Temp\VMBuilds\GateXtal\Arduino_STM32-master_genericSTM32F103C\Release\variant\start_c.c.o
LOAD D:\Users\Stoodio 2nd\AppData\Local\Temp\VMBuilds\GateXtal\Arduino_STM32-master_genericSTM32F103C\Release\variant\syscalls.c.o
LOAD D:\Users\Stoodio 2nd\AppData\Local\Temp\VMBuilds\GateXtal\Arduino_STM32-master_genericSTM32F103C\Release/core.a
END GROUP
LOAD d:/users/stoodio 2nd/appdata/local/arduino15/packages/arduino/tools/arm-none-eabi-gcc/4.8.3-2014q1/bin/../lib/gcc/arm-none-eabi/4.8.3/../../../../arm-none-eabi/lib/armv7-m\libstdc++.a
LOAD d:/users/stoodio 2nd/appdata/local/arduino15/packages/arduino/tools/arm-none-eabi-gcc/4.8.3-2014q1/bin/../lib/gcc/arm-none-eabi/4.8.3/../../../../arm-none-eabi/lib/armv7-m\libm.a
START GROUP
LOAD d:/users/stoodio 2nd/appdata/local/arduino15/packages/arduino/tools/arm-none-eabi-gcc/4.8.3-2014q1/bin/../lib/gcc/arm-none-eabi/4.8.3/armv7-m\libgcc.a
LOAD d:/users/stoodio 2nd/appdata/local/arduino15/packages/arduino/tools/arm-none-eabi-gcc/4.8.3-2014q1/bin/../lib/gcc/arm-none-eabi/4.8.3/../../../../arm-none-eabi/lib/armv7-m\libc.a
END GROUP
LOAD d:/users/stoodio 2nd/appdata/local/arduino15/packages/arduino/tools/arm-none-eabi-gcc/4.8.3-2014q1/bin/../lib/gcc/arm-none-eabi/4.8.3/armv7-m/crtend.o
LOAD d:/users/stoodio 2nd/appdata/local/arduino15/packages/arduino/tools/arm-none-eabi-gcc/4.8.3-2014q1/bin/../lib/gcc/arm-none-eabi/4.8.3/armv7-m/crtn.o
START GROUP
LOAD d:/users/stoodio 2nd/appdata/local/arduino15/packages/arduino/tools/arm-none-eabi-gcc/4.8.3-2014q1/bin/../lib/gcc/arm-none-eabi/4.8.3/armv7-m\libgcc.a
LOAD d:/users/stoodio 2nd/appdata/local/arduino15/packages/arduino/tools/arm-none-eabi-gcc/4.8.3-2014q1/bin/../lib/gcc/arm-none-eabi/4.8.3/../../../../arm-none-eabi/lib/armv7-m\libc.a
LOAD d:/users/stoodio 2nd/appdata/local/arduino15/packages/arduino/tools/arm-none-eabi-gcc/4.8.3-2014q1/bin/../lib/gcc/arm-none-eabi/4.8.3/../../../../arm-none-eabi/lib/armv7-m\libm.a
END GROUP
START GROUP
LOAD d:/users/stoodio 2nd/appdata/local/arduino15/packages/arduino/tools/arm-none-eabi-gcc/4.8.3-2014q1/bin/../lib/gcc/arm-none-eabi/4.8.3/../../../../arm-none-eabi/lib/armv7-m\libnosys.a
END GROUP
                0x20005000                PROVIDE (__msp_init, (ORIGIN (ram) + 0x5000))
                0x080043d8                PROVIDE (__exc_reset, __start__)

.text           0x08000000     0x9220
                0x08000000                __text_start__ = .
 *(.stm32.interrupt_vector)
 .stm32.interrupt_vector
                0x08000000       0xec D:\Users\Stoodio 2nd\AppData\Local\Temp\VMBuilds\GateXtal\Arduino_STM32-master_genericSTM32F103C\Release/core.a(vector_table.S.o)
                0x08000000                __stm32_vector_table
 *(.text .text.* .gnu.linkonce.t.*)
 .text          0x080000ec       0x54 d:/users/stoodio 2nd/appdata/local/arduino15/packages/arduino/tools/arm-none-eabi-gcc/4.8.3-2014q1/bin/../lib/gcc/arm-none-eabi/4.8.3/armv7-m/crtbegin.o
 .text._ZN4midi13MidiInterfaceI14HardwareSerialNS_15DefaultSettingsEED2Ev
                0x08000140        0x4 D:\Users\Stoodio 2nd\AppData\Local\Temp\VMBuilds\GateXtal\Arduino_STM32-master_genericSTM32F103C\Release\GateXtal.cpp.o
                0x08000140                midi::MidiInterface<HardwareSerial, midi::DefaultSettings>::~MidiInterface()
                0x08000140                midi::MidiInterface<HardwareSerial, midi::DefaultSettings>::~MidiInterface()
 .text._Z20handleMIDIClockStartv
                0x08000144       0x28 D:\Users\Stoodio 2nd\AppData\Local\Temp\VMBuilds\GateXtal\Arduino_STM32-master_genericSTM32F103C\Release\GateXtal.cpp.o
                0x08000144                handleMIDIClockStart()
 .text._Z13HandleNoteOffhh.part.18
                0x0800016c       0x44 D:\Users\Stoodio 2nd\AppData\Local\Temp\VMBuilds\GateXtal\Arduino_STM32-master_genericSTM32F103C\Release\GateXtal.cpp.o
 .text._ZN6myMidi12handleNoteOnEjjj
                0x080001b0       0x20 D:\Users\Stoodio 2nd\AppData\Local\Temp\VMBuilds\GateXtal\Arduino_STM32-master_genericSTM32F103C\Release\GateXtal.cpp.o
                0x080001b0                myMidi::handleNoteOn(unsigned int, unsigned int, unsigned int)
 .text._Z16HandleDINNoteOffhhh
                0x080001d0       0x1c D:\Users\Stoodio 2nd\AppData\Local\Temp\VMBuilds\GateXtal\Arduino_STM32-master_genericSTM32F103C\Release\GateXtal.cpp.o
                0x080001d0                HandleDINNoteOff(unsigned char, unsigned char, unsigned char)
 .text._Z19handleMIDIClockStopv
                0x080001ec       0x44 D:\Users\Stoodio 2nd\AppData\Local\Temp\VMBuilds\GateXtal\Arduino_STM32-master_genericSTM32F103C\Release\GateXtal.cpp.o
                0x080001ec                handleMIDIClockStop()
 .text._Z12HandleNoteOnhh.part.16
                0x08000230       0xe0 D:\Users\Stoodio 2nd\AppData\Local\Temp\VMBuilds\GateXtal\Arduino_STM32-master_genericSTM32F103C\Release\GateXtal.cpp.o
 .text._ZN6myMidi13handleNoteOffEjjj
                0x08000310        0xc D:\Users\Stoodio 2nd\AppData\Local\Temp\VMBuilds\GateXtal\Arduino_STM32-master_genericSTM32F103C\Release\GateXtal.cpp.o
                0x08000310                myMidi::handleNoteOff(unsigned int, unsigned int, unsigned int)
 .text._Z15HandleDINNoteOnhhh
                0x0800031c       0x54 D:\Users\Stoodio 2nd\AppData\Local\Temp\VMBuilds\GateXtal\Arduino_STM32-master_genericSTM32F103C\Release\GateXtal.cpp.o
                0x0800031c                HandleDINNoteOn(unsigned char, unsigned char, unsigned char)
 .text._Z9setUpMidiv
                0x08000370       0x6c D:\Users\Stoodio 2nd\AppData\Local\Temp\VMBuilds\GateXtal\Arduino_STM32-master_genericSTM32F103C\Release\GateXtal.cpp.o
                0x08000370                setUpMidi()
 .text._Z5setupv
                0x080003dc      0x180 D:\Users\Stoodio 2nd\AppData\Local\Temp\VMBuilds\GateXtal\Arduino_STM32-master_genericSTM32F103C\Release\GateXtal.cpp.o
                0x080003dc                setup()
 .text._Z11updateAudiov
                0x0800055c       0xc4 D:\Users\Stoodio 2nd\AppData\Local\Temp\VMBuilds\GateXtal\Arduino_STM32-master_genericSTM32F103C\Release\GateXtal.cpp.o
                0x0800055c                updateAudio()
 .text._Z4loopv
                0x08000620        0x4 D:\Users\Stoodio 2nd\AppData\Local\Temp\VMBuilds\GateXtal\Arduino_STM32-master_genericSTM32F103C\Release\GateXtal.cpp.o
                0x08000620                loop()
 .text._Z13getKnobStatesv
                0x08000624       0x68 D:\Users\Stoodio 2nd\AppData\Local\Temp\VMBuilds\GateXtal\Arduino_STM32-master_genericSTM32F103C\Release\GateXtal.cpp.o
                0x08000624                getKnobStates()
 .text._Z13getButtStatesv
                0x0800068c       0x44 D:\Users\Stoodio 2nd\AppData\Local\Temp\VMBuilds\GateXtal\Arduino_STM32-master_genericSTM32F103C\Release\GateXtal.cpp.o
                0x0800068c                getButtStates()
 .text._Z15handlePageButtsv
                0x080006d0       0xdc D:\Users\Stoodio 2nd\AppData\Local\Temp\VMBuilds\GateXtal\Arduino_STM32-master_genericSTM32F103C\Release\GateXtal.cpp.o
                0x080006d0                handlePageButts()
 .text._Z11handleKnob1v
                0x080007ac      0x12c D:\Users\Stoodio 2nd\AppData\Local\Temp\VMBuilds\GateXtal\Arduino_STM32-master_genericSTM32F103C\Release\GateXtal.cpp.o
                0x080007ac                handleKnob1()
 .text._Z11handleKnob2v
                0x080008d8       0xf8 D:\Users\Stoodio 2nd\AppData\Local\Temp\VMBuilds\GateXtal\Arduino_STM32-master_genericSTM32F103C\Release\GateXtal.cpp.o
                0x080008d8                handleKnob2()
 .text._Z16handleInternalCVv
                0x080009d0      0x398 D:\Users\Stoodio 2nd\AppData\Local\Temp\VMBuilds\GateXtal\Arduino_STM32-master_genericSTM32F103C\Release\GateXtal.cpp.o
                0x080009d0                handleInternalCV()
 .text._Z6legatoh
                0x08000d68       0x70 D:\Users\Stoodio 2nd\AppData\Local\Temp\VMBuilds\GateXtal\Arduino_STM32-master_genericSTM32F103C\Release\GateXtal.cpp.o
                0x08000d68                legato(unsigned char)
 .text._Z11seqPlaySteph
                0x08000dd8       0x60 D:\Users\Stoodio 2nd\AppData\Local\Temp\VMBuilds\GateXtal\Arduino_STM32-master_genericSTM32F103C\Release\GateXtal.cpp.o
                0x08000dd8                seqPlayStep(unsigned char)
 .text._Z12playNextStepv
                0x08000e38       0x28 D:\Users\Stoodio 2nd\AppData\Local\Temp\VMBuilds\GateXtal\Arduino_STM32-master_genericSTM32F103C\Release\GateXtal.cpp.o
                0x08000e38                playNextStep()
 .text._Z16handleArcadeButtv
                0x08000e60       0xe8 D:\Users\Stoodio 2nd\AppData\Local\Temp\VMBuilds\GateXtal\Arduino_STM32-master_genericSTM32F103C\Release\GateXtal.cpp.o
                0x08000e60                handleArcadeButt()
 .text._Z20handleMidiClockTicksv
                0x08000f48       0x70 D:\Users\Stoodio 2nd\AppData\Local\Temp\VMBuilds\GateXtal\Arduino_STM32-master_genericSTM32F103C\Release\GateXtal.cpp.o
                0x08000f48                handleMidiClockTicks()
 .text._Z15handleMIDIClockv
                0x08000fb8       0x10 D:\Users\Stoodio 2nd\AppData\Local\Temp\VMBuilds\GateXtal\Arduino_STM32-master_genericSTM32F103C\Release\GateXtal.cpp.o
                0x08000fb8                handleMIDIClock()
 .text._Z12setWriteNoteh
                0x08000fc8       0x90 D:\Users\Stoodio 2nd\AppData\Local\Temp\VMBuilds\GateXtal\Arduino_STM32-master_genericSTM32F103C\Release\GateXtal.cpp.o
                0x08000fc8                setWriteNote(unsigned char)
 .text._Z11handleKnob3v
                0x08001058       0xcc D:\Users\Stoodio 2nd\AppData\Local\Temp\VMBuilds\GateXtal\Arduino_STM32-master_genericSTM32F103C\Release\GateXtal.cpp.o
                0x08001058                handleKnob3()
 .text._Z11setWaveFormh
                0x08001124       0x84 D:\Users\Stoodio 2nd\AppData\Local\Temp\VMBuilds\GateXtal\Arduino_STM32-master_genericSTM32F103C\Release\GateXtal.cpp.o
                0x08001124                setWaveForm(unsigned char)
 .text._Z11handleKnob4v
                0x080011a8      0x104 D:\Users\Stoodio 2nd\AppData\Local\Temp\VMBuilds\GateXtal\Arduino_STM32-master_genericSTM32F103C\Release\GateXtal.cpp.o
                0x080011a8                handleKnob4()
 .text._ZN4midi13MidiInterfaceI14HardwareSerialNS_15DefaultSettingsEE5parseEv
                0x080012ac      0x4b8 D:\Users\Stoodio 2nd\AppData\Local\Temp\VMBuilds\GateXtal\Arduino_STM32-master_genericSTM32F103C\Release\GateXtal.cpp.o
                0x080012ac                midi::MidiInterface<HardwareSerial, midi::DefaultSettings>::parse()
 .text._ZN4midi13MidiInterfaceI14HardwareSerialNS_15DefaultSettingsEE14launchCallbackEv
                0x08001764      0x18c D:\Users\Stoodio 2nd\AppData\Local\Temp\VMBuilds\GateXtal\Arduino_STM32-master_genericSTM32F103C\Release\GateXtal.cpp.o
                0x08001764                midi::MidiInterface<HardwareSerial, midi::DefaultSettings>::launchCallback()
 .text._ZN4midi13MidiInterfaceI14HardwareSerialNS_15DefaultSettingsEE4sendENS_8MidiTypeEhhh
                0x080018f0       0x9c D:\Users\Stoodio 2nd\AppData\Local\Temp\VMBuilds\GateXtal\Arduino_STM32-master_genericSTM32F103C\Release\GateXtal.cpp.o
                0x080018f0                midi::MidiInterface<HardwareSerial, midi::DefaultSettings>::send(midi::MidiType, unsigned char, unsigned char, unsigned char)
 .text._ZN4midi13MidiInterfaceI14HardwareSerialNS_15DefaultSettingsEE10thruFilterEh
                0x0800198c      0x190 D:\Users\Stoodio 2nd\AppData\Local\Temp\VMBuilds\GateXtal\Arduino_STM32-master_genericSTM32F103C\Release\GateXtal.cpp.o
                0x0800198c                midi::MidiInterface<HardwareSerial, midi::DefaultSettings>::thruFilter(unsigned char)
 .text._Z13updateControlv
                0x08001b1c       0xb8 D:\Users\Stoodio 2nd\AppData\Local\Temp\VMBuilds\GateXtal\Arduino_STM32-master_genericSTM32F103C\Release\GateXtal.cpp.o
                0x08001b1c                updateControl()
 .text.startup._GLOBAL__sub_I_debugToggle
                0x08001bd4       0xb8 D:\Users\Stoodio 2nd\AppData\Local\Temp\VMBuilds\GateXtal\Arduino_STM32-master_genericSTM32F103C\Release\GateXtal.cpp.o
 .text.dealWithItQuickly
                0x08001c8c       0x28 D:\Users\Stoodio 2nd\AppData\Local\Temp\VMBuilds\GateXtal\Arduino_STM32-master_genericSTM32F103C\Release\USBHID_stm32f1-edited\MinSysex.c.o
                0x08001c8c                dealWithItQuickly
 .text.LglSysexHandler
                0x08001cb4      0x25c D:\Users\Stoodio 2nd\AppData\Local\Temp\VMBuilds\GateXtal\Arduino_STM32-master_genericSTM32F103C\Release\USBHID_stm32f1-edited\MinSysex.c.o
                0x08001cb4                LglSysexHandler
 .text.usbInit  0x08001f10       0x70 D:\Users\Stoodio 2nd\AppData\Local\Temp\VMBuilds\GateXtal\Arduino_STM32-master_genericSTM32F103C\Release\USBHID_stm32f1-edited\usb_generic.c.o
 .text.usbNoDataSetup
                0x08001f80       0x38 D:\Users\Stoodio 2nd\AppData\Local\Temp\VMBuilds\GateXtal\Arduino_STM32-master_genericSTM32F103C\Release\USBHID_stm32f1-edited\usb_generic.c.o
 .text.usbSetConfiguration
                0x08001fb8       0x44 D:\Users\Stoodio 2nd\AppData\Local\Temp\VMBuilds\GateXtal\Arduino_STM32-master_genericSTM32F103C\Release\USBHID_stm32f1-edited\usb_generic.c.o
 .text.usbClearFeature
                0x08001ffc       0x2c D:\Users\Stoodio 2nd\AppData\Local\Temp\VMBuilds\GateXtal\Arduino_STM32-master_genericSTM32F103C\Release\USBHID_stm32f1-edited\usb_generic.c.o
 .text.usbSetDeviceAddress
                0x08002028       0x10 D:\Users\Stoodio 2nd\AppData\Local\Temp\VMBuilds\GateXtal\Arduino_STM32-master_genericSTM32F103C\Release\USBHID_stm32f1-edited\usb_generic.c.o
 .text.usbGetInterfaceSetting
                0x08002038       0x18 D:\Users\Stoodio 2nd\AppData\Local\Temp\VMBuilds\GateXtal\Arduino_STM32-master_genericSTM32F103C\Release\USBHID_stm32f1-edited\usb_generic.c.o
 .text.usbGetStringDescriptor
                0x08002050       0x28 D:\Users\Stoodio 2nd\AppData\Local\Temp\VMBuilds\GateXtal\Arduino_STM32-master_genericSTM32F103C\Release\USBHID_stm32f1-edited\usb_generic.c.o
 .text.usbGetConfigDescriptor
                0x08002078        0xc D:\Users\Stoodio 2nd\AppData\Local\Temp\VMBuilds\GateXtal\Arduino_STM32-master_genericSTM32F103C\Release\USBHID_stm32f1-edited\usb_generic.c.o
 .text.usbGetDeviceDescriptor
                0x08002084        0xc D:\Users\Stoodio 2nd\AppData\Local\Temp\VMBuilds\GateXtal\Arduino_STM32-master_genericSTM32F103C\Release\USBHID_stm32f1-edited\usb_generic.c.o
 .text.usbReset
                0x08002090      0x1a4 D:\Users\Stoodio 2nd\AppData\Local\Temp\VMBuilds\GateXtal\Arduino_STM32-master_genericSTM32F103C\Release\USBHID_stm32f1-edited\usb_generic.c.o
 .text.usbDataSetup
                0x08002234       0x68 D:\Users\Stoodio 2nd\AppData\Local\Temp\VMBuilds\GateXtal\Arduino_STM32-master_genericSTM32F103C\Release\USBHID_stm32f1-edited\usb_generic.c.o
 .text.usb_generic_set_parts
                0x0800229c      0x17c D:\Users\Stoodio 2nd\AppData\Local\Temp\VMBuilds\GateXtal\Arduino_STM32-master_genericSTM32F103C\Release\USBHID_stm32f1-edited\usb_generic.c.o
                0x0800229c                usb_generic_set_parts
 .text.usb_generic_set_info
                0x08002418       0x68 D:\Users\Stoodio 2nd\AppData\Local\Temp\VMBuilds\GateXtal\Arduino_STM32-master_genericSTM32F103C\Release\USBHID_stm32f1-edited\usb_generic.c.o
                0x08002418                usb_generic_set_info
 .text.usb_generic_enable
                0x08002480      0x100 D:\Users\Stoodio 2nd\AppData\Local\Temp\VMBuilds\GateXtal\Arduino_STM32-master_genericSTM32F103C\Release\USBHID_stm32f1-edited\usb_generic.c.o
                0x08002480                usb_generic_enable
 .text.usb_copy_to_pma
                0x08002580       0x58 D:\Users\Stoodio 2nd\AppData\Local\Temp\VMBuilds\GateXtal\Arduino_STM32-master_genericSTM32F103C\Release\USBHID_stm32f1-edited\usb_generic.c.o
                0x08002580                usb_copy_to_pma
 .text.usb_copy_from_pma
                0x080025d8       0x44 D:\Users\Stoodio 2nd\AppData\Local\Temp\VMBuilds\GateXtal\Arduino_STM32-master_genericSTM32F103C\Release\USBHID_stm32f1-edited\usb_generic.c.o
                0x080025d8                usb_copy_from_pma
 .text.getHIDPartDescriptor
                0x0800261c       0x4c D:\Users\Stoodio 2nd\AppData\Local\Temp\VMBuilds\GateXtal\Arduino_STM32-master_genericSTM32F103C\Release\USBHID_stm32f1-edited\usb_hid.c.o
 .text.usb_hid_find_buffer
                0x08002668       0x44 D:\Users\Stoodio 2nd\AppData\Local\Temp\VMBuilds\GateXtal\Arduino_STM32-master_genericSTM32F103C\Release\USBHID_stm32f1-edited\usb_hid.c.o
 .text.hidDataTxCb
                0x080026ac       0xe0 D:\Users\Stoodio 2nd\AppData\Local\Temp\VMBuilds\GateXtal\Arduino_STM32-master_genericSTM32F103C\Release\USBHID_stm32f1-edited\usb_hid.c.o
 .text.hidUSBReset
                0x0800278c       0x1c D:\Users\Stoodio 2nd\AppData\Local\Temp\VMBuilds\GateXtal\Arduino_STM32-master_genericSTM32F103C\Release\USBHID_stm32f1-edited\usb_hid.c.o
 .text.HID_Set  0x080027a8       0x8c D:\Users\Stoodio 2nd\AppData\Local\Temp\VMBuilds\GateXtal\Arduino_STM32-master_genericSTM32F103C\Release\USBHID_stm32f1-edited\usb_hid.c.o
 .text.HID_GetFeature
                0x08002834       0x28 D:\Users\Stoodio 2nd\AppData\Local\Temp\VMBuilds\GateXtal\Arduino_STM32-master_genericSTM32F103C\Release\USBHID_stm32f1-edited\usb_hid.c.o
 .text.hidUSBDataSetup
                0x0800285c       0xb4 D:\Users\Stoodio 2nd\AppData\Local\Temp\VMBuilds\GateXtal\Arduino_STM32-master_genericSTM32F103C\Release\USBHID_stm32f1-edited\usb_hid.c.o
 .text.hidUSBNoDataSetup
                0x08002910       0x38 D:\Users\Stoodio 2nd\AppData\Local\Temp\VMBuilds\GateXtal\Arduino_STM32-master_genericSTM32F103C\Release\USBHID_stm32f1-edited\usb_hid.c.o
 .text.HID_GetProtocolValue
                0x08002948       0x18 D:\Users\Stoodio 2nd\AppData\Local\Temp\VMBuilds\GateXtal\Arduino_STM32-master_genericSTM32F103C\Release\USBHID_stm32f1-edited\usb_hid.c.o
 .text.HID_GetReportDescriptor
                0x08002960        0xc D:\Users\Stoodio 2nd\AppData\Local\Temp\VMBuilds\GateXtal\Arduino_STM32-master_genericSTM32F103C\Release\USBHID_stm32f1-edited\usb_hid.c.o
 .text.usb_hid_tx
                0x0800296c       0x70 D:\Users\Stoodio 2nd\AppData\Local\Temp\VMBuilds\GateXtal\Arduino_STM32-master_genericSTM32F103C\Release\USBHID_stm32f1-edited\usb_hid.c.o
                0x0800296c                usb_hid_tx
 .text.getMIDIPartDescriptor
                0x080029dc       0x40 D:\Users\Stoodio 2nd\AppData\Local\Temp\VMBuilds\GateXtal\Arduino_STM32-master_genericSTM32F103C\Release\USBHID_stm32f1-edited\usb_midi_device.c.o
 .text.midiDataTxCb
                0x08002a1c       0x14 D:\Users\Stoodio 2nd\AppData\Local\Temp\VMBuilds\GateXtal\Arduino_STM32-master_genericSTM32F103C\Release\USBHID_stm32f1-edited\usb_midi_device.c.o
 .text.usbMIDIReset
                0x08002a30       0x1c D:\Users\Stoodio 2nd\AppData\Local\Temp\VMBuilds\GateXtal\Arduino_STM32-master_genericSTM32F103C\Release\USBHID_stm32f1-edited\usb_midi_device.c.o
 .text.usbMIDIDataSetup
                0x08002a4c        0x4 D:\Users\Stoodio 2nd\AppData\Local\Temp\VMBuilds\GateXtal\Arduino_STM32-master_genericSTM32F103C\Release\USBHID_stm32f1-edited\usb_midi_device.c.o
 .text.usbMIDINoDataSetup
                0x08002a50        0x4 D:\Users\Stoodio 2nd\AppData\Local\Temp\VMBuilds\GateXtal\Arduino_STM32-master_genericSTM32F103C\Release\USBHID_stm32f1-edited\usb_midi_device.c.o
 .text.midiDataRxCb
                0x08002a54       0xa8 D:\Users\Stoodio 2nd\AppData\Local\Temp\VMBuilds\GateXtal\Arduino_STM32-master_genericSTM32F103C\Release\USBHID_stm32f1-edited\usb_midi_device.c.o
 .text.usb_midi_tx
                0x08002afc       0x80 D:\Users\Stoodio 2nd\AppData\Local\Temp\VMBuilds\GateXtal\Arduino_STM32-master_genericSTM32F103C\Release\USBHID_stm32f1-edited\usb_midi_device.c.o
                0x08002afc                usb_midi_tx
 .text.usb_midi_data_available
                0x08002b7c        0xc D:\Users\Stoodio 2nd\AppData\Local\Temp\VMBuilds\GateXtal\Arduino_STM32-master_genericSTM32F103C\Release\USBHID_stm32f1-edited\usb_midi_device.c.o
                0x08002b7c                usb_midi_data_available
 .text.usb_midi_rx
                0x08002b88       0x80 D:\Users\Stoodio 2nd\AppData\Local\Temp\VMBuilds\GateXtal\Arduino_STM32-master_genericSTM32F103C\Release\USBHID_stm32f1-edited\usb_midi_device.c.o
                0x08002b88                usb_midi_rx
 .text.getSerialPartDescriptor
                0x08002c08       0x70 D:\Users\Stoodio 2nd\AppData\Local\Temp\VMBuilds\GateXtal\Arduino_STM32-master_genericSTM32F103C\Release\USBHID_stm32f1-edited\usb_serial.c.o
 .text.vcomDataTxCb
                0x08002c78       0xe0 D:\Users\Stoodio 2nd\AppData\Local\Temp\VMBuilds\GateXtal\Arduino_STM32-master_genericSTM32F103C\Release\USBHID_stm32f1-edited\usb_serial.c.o
 .text.vcomDataRxCb
                0x08002d58       0xc0 D:\Users\Stoodio 2nd\AppData\Local\Temp\VMBuilds\GateXtal\Arduino_STM32-master_genericSTM32F103C\Release\USBHID_stm32f1-edited\usb_serial.c.o
 .text.vcomGetSetLineCoding
                0x08002e18       0x18 D:\Users\Stoodio 2nd\AppData\Local\Temp\VMBuilds\GateXtal\Arduino_STM32-master_genericSTM32F103C\Release\USBHID_stm32f1-edited\usb_serial.c.o
 .text.serialUSBReset
                0x08002e30       0x2c D:\Users\Stoodio 2nd\AppData\Local\Temp\VMBuilds\GateXtal\Arduino_STM32-master_genericSTM32F103C\Release\USBHID_stm32f1-edited\usb_serial.c.o
 .text.serialUSBDataSetup
                0x08002e5c       0x64 D:\Users\Stoodio 2nd\AppData\Local\Temp\VMBuilds\GateXtal\Arduino_STM32-master_genericSTM32F103C\Release\USBHID_stm32f1-edited\usb_serial.c.o
 .text.serialUSBNoDataSetup
                0x08002ec0       0x60 D:\Users\Stoodio 2nd\AppData\Local\Temp\VMBuilds\GateXtal\Arduino_STM32-master_genericSTM32F103C\Release\USBHID_stm32f1-edited\usb_serial.c.o
 .text.composite_cdcacm_tx
                0x08002f20       0x70 D:\Users\Stoodio 2nd\AppData\Local\Temp\VMBuilds\GateXtal\Arduino_STM32-master_genericSTM32F103C\Release\USBHID_stm32f1-edited\usb_serial.c.o
                0x08002f20                composite_cdcacm_tx
 .text.composite_cdcacm_data_available
                0x08002f90       0x18 D:\Users\Stoodio 2nd\AppData\Local\Temp\VMBuilds\GateXtal\Arduino_STM32-master_genericSTM32F103C\Release\USBHID_stm32f1-edited\usb_serial.c.o
                0x08002f90                composite_cdcacm_data_available
 .text.composite_cdcacm_rx
                0x08002fa8       0x84 D:\Users\Stoodio 2nd\AppData\Local\Temp\VMBuilds\GateXtal\Arduino_STM32-master_genericSTM32F103C\Release\USBHID_stm32f1-edited\usb_serial.c.o
                0x08002fa8                composite_cdcacm_rx
 .text.composite_cdcacm_peek
                0x0800302c       0x3c D:\Users\Stoodio 2nd\AppData\Local\Temp\VMBuilds\GateXtal\Arduino_STM32-master_genericSTM32F103C\Release\USBHID_stm32f1-edited\usb_serial.c.o
                0x0800302c                composite_cdcacm_peek
 .text.composite_cdcacm_get_dtr
                0x08003068       0x10 D:\Users\Stoodio 2nd\AppData\Local\Temp\VMBuilds\GateXtal\Arduino_STM32-master_genericSTM32F103C\Release\USBHID_stm32f1-edited\usb_serial.c.o
                0x08003068                composite_cdcacm_get_dtr
 .text.startup._GLOBAL__sub_I_BootKeyboard
                0x08003078       0x44 D:\Users\Stoodio 2nd\AppData\Local\Temp\VMBuilds\GateXtal\Arduino_STM32-master_genericSTM32F103C\Release\USBHID_stm32f1-edited\BootKeyboard.cpp.o
 .text.startup._GLOBAL__sub_I__ZN11HIDJoystick5beginEv
                0x080030bc       0x6c D:\Users\Stoodio 2nd\AppData\Local\Temp\VMBuilds\GateXtal\Arduino_STM32-master_genericSTM32F103C\Release\USBHID_stm32f1-edited\Joystick.cpp.o
 .text._ZN11HIDKeyboard5writeEh
                0x08003128       0x1c D:\Users\Stoodio 2nd\AppData\Local\Temp\VMBuilds\GateXtal\Arduino_STM32-master_genericSTM32F103C\Release\USBHID_stm32f1-edited\Keyboard.cpp.o
                0x08003128                HIDKeyboard::write(unsigned char)
 .text._ZN11HIDKeyboard5pressEh
                0x08003144       0x8c D:\Users\Stoodio 2nd\AppData\Local\Temp\VMBuilds\GateXtal\Arduino_STM32-master_genericSTM32F103C\Release\USBHID_stm32f1-edited\Keyboard.cpp.o
                0x08003144                HIDKeyboard::press(unsigned char)
 .text._ZN11HIDKeyboard7releaseEh
                0x080031d0       0x68 D:\Users\Stoodio 2nd\AppData\Local\Temp\VMBuilds\GateXtal\Arduino_STM32-master_genericSTM32F103C\Release\USBHID_stm32f1-edited\Keyboard.cpp.o
                0x080031d0                HIDKeyboard::release(unsigned char)
 .text._ZN11HIDKeyboard10releaseAllEv
                0x08003238       0x18 D:\Users\Stoodio 2nd\AppData\Local\Temp\VMBuilds\GateXtal\Arduino_STM32-master_genericSTM32F103C\Release\USBHID_stm32f1-edited\Keyboard.cpp.o
                0x08003238                HIDKeyboard::releaseAll()
 .text.startup._GLOBAL__sub_I__ZN11HIDKeyboard5beginEv
                0x08003250       0x48 D:\Users\Stoodio 2nd\AppData\Local\Temp\VMBuilds\GateXtal\Arduino_STM32-master_genericSTM32F103C\Release\USBHID_stm32f1-edited\Keyboard.cpp.o
 .text.startup._GLOBAL__sub_I__ZN8HIDMouse5beginEv
                0x08003298       0x1c D:\Users\Stoodio 2nd\AppData\Local\Temp\VMBuilds\GateXtal\Arduino_STM32-master_genericSTM32F103C\Release\USBHID_stm32f1-edited\Mouse.cpp.o
 .text._ZN18USBCompositeDevice12setProductIdEt
                0x080032b4       0x10 D:\Users\Stoodio 2nd\AppData\Local\Temp\VMBuilds\GateXtal\Arduino_STM32-master_genericSTM32F103C\Release\USBHID_stm32f1-edited\USBComposite.cpp.o
                0x080032b4                USBCompositeDevice::setProductId(unsigned short)
 .text._Z9setStringPhPK21usb_descriptor_stringPKcm
                0x080032c4       0x54 D:\Users\Stoodio 2nd\AppData\Local\Temp\VMBuilds\GateXtal\Arduino_STM32-master_genericSTM32F103C\Release\USBHID_stm32f1-edited\USBComposite.cpp.o
                0x080032c4                setString(unsigned char*, usb_descriptor_string const*, char const*, unsigned long)
 .text._ZN18USBCompositeDeviceC2Ev
                0x08003318       0x70 D:\Users\Stoodio 2nd\AppData\Local\Temp\VMBuilds\GateXtal\Arduino_STM32-master_genericSTM32F103C\Release\USBHID_stm32f1-edited\USBComposite.cpp.o
                0x08003318                USBCompositeDevice::USBCompositeDevice()
                0x08003318                USBCompositeDevice::USBCompositeDevice()
 .text._ZN18USBCompositeDevice5beginEv
                0x08003388       0x80 D:\Users\Stoodio 2nd\AppData\Local\Temp\VMBuilds\GateXtal\Arduino_STM32-master_genericSTM32F103C\Release\USBHID_stm32f1-edited\USBComposite.cpp.o
                0x08003388                USBCompositeDevice::begin()
 .text._ZN18USBCompositeDevice5clearEv
                0x08003408        0x8 D:\Users\Stoodio 2nd\AppData\Local\Temp\VMBuilds\GateXtal\Arduino_STM32-master_genericSTM32F103C\Release\USBHID_stm32f1-edited\USBComposite.cpp.o
                0x08003408                USBCompositeDevice::clear()
 .text._ZN18USBCompositeDevice3addEP16USBCompositePartPFbPvEPFvS2_ES2_
                0x08003410       0x38 D:\Users\Stoodio 2nd\AppData\Local\Temp\VMBuilds\GateXtal\Arduino_STM32-master_genericSTM32F103C\Release\USBHID_stm32f1-edited\USBComposite.cpp.o
                0x08003410                USBCompositeDevice::add(USBCompositePart*, bool (*)(void*), void (*)(void*), void*)
 .text.startup._GLOBAL__sub_I__Z17getDeviceIDStringv
                0x08003448        0xc D:\Users\Stoodio 2nd\AppData\Local\Temp\VMBuilds\GateXtal\Arduino_STM32-master_genericSTM32F103C\Release\USBHID_stm32f1-edited\USBComposite.cpp.o
 .text._ZN18USBCompositeSerial9availableEv
                0x08003454        0x4 D:\Users\Stoodio 2nd\AppData\Local\Temp\VMBuilds\GateXtal\Arduino_STM32-master_genericSTM32F103C\Release\USBHID_stm32f1-edited\USBCompositeSerial.cpp.o
                0x08003454                USBCompositeSerial::available()
 .text._ZN18USBCompositeSerial4peekEv
                0x08003458       0x20 D:\Users\Stoodio 2nd\AppData\Local\Temp\VMBuilds\GateXtal\Arduino_STM32-master_genericSTM32F103C\Release\USBHID_stm32f1-edited\USBCompositeSerial.cpp.o
                0x08003458                USBCompositeSerial::peek()
 .text._ZN18USBCompositeSerial4readEv
                0x08003478       0x20 D:\Users\Stoodio 2nd\AppData\Local\Temp\VMBuilds\GateXtal\Arduino_STM32-master_genericSTM32F103C\Release\USBHID_stm32f1-edited\USBCompositeSerial.cpp.o
                0x08003478                USBCompositeSerial::read()
 .text._ZN18USBCompositeSerial5flushEv
                0x08003498       0x28 D:\Users\Stoodio 2nd\AppData\Local\Temp\VMBuilds\GateXtal\Arduino_STM32-master_genericSTM32F103C\Release\USBHID_stm32f1-edited\USBCompositeSerial.cpp.o
                0x08003498                USBCompositeSerial::flush()
 .text._ZN18USBCompositeSerial11isConnectedEv
                0x080034c0       0x20 D:\Users\Stoodio 2nd\AppData\Local\Temp\VMBuilds\GateXtal\Arduino_STM32-master_genericSTM32F103C\Release\USBHID_stm32f1-edited\USBCompositeSerial.cpp.o
                0x080034c0                USBCompositeSerial::isConnected()
 .text._ZN18USBCompositeSerial5writeEPKhm
                0x080034e0       0x24 D:\Users\Stoodio 2nd\AppData\Local\Temp\VMBuilds\GateXtal\Arduino_STM32-master_genericSTM32F103C\Release\USBHID_stm32f1-edited\USBCompositeSerial.cpp.o
                0x080034e0                USBCompositeSerial::write(unsigned char const*, unsigned long)
 .text._ZN18USBCompositeSerial5writeEh
                0x08003504       0x1c D:\Users\Stoodio 2nd\AppData\Local\Temp\VMBuilds\GateXtal\Arduino_STM32-master_genericSTM32F103C\Release\USBHID_stm32f1-edited\USBCompositeSerial.cpp.o
                0x08003504                USBCompositeSerial::write(unsigned char)
 .text._ZN18USBCompositeSerial5writeEPKc
                0x08003520       0x1c D:\Users\Stoodio 2nd\AppData\Local\Temp\VMBuilds\GateXtal\Arduino_STM32-master_genericSTM32F103C\Release\USBHID_stm32f1-edited\USBCompositeSerial.cpp.o
                0x08003520                USBCompositeSerial::write(char const*)
 .text.startup._GLOBAL__sub_I__ZN18USBCompositeSerial4initEPS_
                0x0800353c       0x1c D:\Users\Stoodio 2nd\AppData\Local\Temp\VMBuilds\GateXtal\Arduino_STM32-master_genericSTM32F103C\Release\USBHID_stm32f1-edited\USBCompositeSerial.cpp.o
 .text._ZN11HIDReporter10sendReportEv
                0x08003558       0x24 D:\Users\Stoodio 2nd\AppData\Local\Temp\VMBuilds\GateXtal\Arduino_STM32-master_genericSTM32F103C\Release\USBHID_stm32f1-edited\USBHID.cpp.o
                0x08003558                HIDReporter::sendReport()
 .text._ZN11HIDReporterC2EPhjh
                0x0800357c       0x38 D:\Users\Stoodio 2nd\AppData\Local\Temp\VMBuilds\GateXtal\Arduino_STM32-master_genericSTM32F103C\Release\USBHID_stm32f1-edited\USBHID.cpp.o
                0x0800357c                HIDReporter::HIDReporter(unsigned char*, unsigned int, unsigned char)
                0x0800357c                HIDReporter::HIDReporter(unsigned char*, unsigned int, unsigned char)
 .text._ZN7USBMidi13handleNoteOffEjjj
                0x080035b4        0x4 D:\Users\Stoodio 2nd\AppData\Local\Temp\VMBuilds\GateXtal\Arduino_STM32-master_genericSTM32F103C\Release\USBHID_stm32f1-edited\USBMIDI.cpp.o
                0x080035b4                USBMidi::handleNoteOff(unsigned int, unsigned int, unsigned int)
 .text._ZN7USBMidi12handleNoteOnEjjj
                0x080035b8        0x4 D:\Users\Stoodio 2nd\AppData\Local\Temp\VMBuilds\GateXtal\Arduino_STM32-master_genericSTM32F103C\Release\USBHID_stm32f1-edited\USBMIDI.cpp.o
                0x080035b8                USBMidi::handleNoteOn(unsigned int, unsigned int, unsigned int)
 .text._ZN7USBMidi20handleVelocityChangeEjjj
                0x080035bc        0x4 D:\Users\Stoodio 2nd\AppData\Local\Temp\VMBuilds\GateXtal\Arduino_STM32-master_genericSTM32F103C\Release\USBHID_stm32f1-edited\USBMIDI.cpp.o
                0x080035bc                USBMidi::handleVelocityChange(unsigned int, unsigned int, unsigned int)
 .text._ZN7USBMidi19handleControlChangeEjjj
                0x080035c0        0x4 D:\Users\Stoodio 2nd\AppData\Local\Temp\VMBuilds\GateXtal\Arduino_STM32-master_genericSTM32F103C\Release\USBHID_stm32f1-edited\USBMIDI.cpp.o
                0x080035c0                USBMidi::handleControlChange(unsigned int, unsigned int, unsigned int)
 .text._ZN7USBMidi19handleProgramChangeEjj
                0x080035c4        0x4 D:\Users\Stoodio 2nd\AppData\Local\Temp\VMBuilds\GateXtal\Arduino_STM32-master_genericSTM32F103C\Release\USBHID_stm32f1-edited\USBMIDI.cpp.o
                0x080035c4                USBMidi::handleProgramChange(unsigned int, unsigned int)
 .text._ZN7USBMidi16handleAfterTouchEjj
                0x080035c8        0x4 D:\Users\Stoodio 2nd\AppData\Local\Temp\VMBuilds\GateXtal\Arduino_STM32-master_genericSTM32F103C\Release\USBHID_stm32f1-edited\USBMIDI.cpp.o
                0x080035c8                USBMidi::handleAfterTouch(unsigned int, unsigned int)
 .text._ZN7USBMidi17handlePitchChangeEj
                0x080035cc        0x4 D:\Users\Stoodio 2nd\AppData\Local\Temp\VMBuilds\GateXtal\Arduino_STM32-master_genericSTM32F103C\Release\USBHID_stm32f1-edited\USBMIDI.cpp.o
                0x080035cc                USBMidi::handlePitchChange(unsigned int)
 .text._ZN7USBMidi18handleSongPositionEj
                0x080035d0        0x4 D:\Users\Stoodio 2nd\AppData\Local\Temp\VMBuilds\GateXtal\Arduino_STM32-master_genericSTM32F103C\Release\USBHID_stm32f1-edited\USBMIDI.cpp.o
                0x080035d0                USBMidi::handleSongPosition(unsigned int)
 .text._ZN7USBMidi16handleSongSelectEj
                0x080035d4        0x4 D:\Users\Stoodio 2nd\AppData\Local\Temp\VMBuilds\GateXtal\Arduino_STM32-master_genericSTM32F103C\Release\USBHID_stm32f1-edited\USBMIDI.cpp.o
                0x080035d4                USBMidi::handleSongSelect(unsigned int)
 .text._ZN7USBMidi17handleTuneRequestEv
                0x080035d8        0x4 D:\Users\Stoodio 2nd\AppData\Local\Temp\VMBuilds\GateXtal\Arduino_STM32-master_genericSTM32F103C\Release\USBHID_stm32f1-edited\USBMIDI.cpp.o
                0x080035d8                USBMidi::handleTuneRequest()
 .text._ZN7USBMidi10handleSyncEv
                0x080035dc        0x4 D:\Users\Stoodio 2nd\AppData\Local\Temp\VMBuilds\GateXtal\Arduino_STM32-master_genericSTM32F103C\Release\USBHID_stm32f1-edited\USBMIDI.cpp.o
                0x080035dc                USBMidi::handleSync()
 .text._ZN7USBMidi11handleStartEv
                0x080035e0        0x4 D:\Users\Stoodio 2nd\AppData\Local\Temp\VMBuilds\GateXtal\Arduino_STM32-master_genericSTM32F103C\Release\USBHID_stm32f1-edited\USBMIDI.cpp.o
                0x080035e0                USBMidi::handleStart()
 .text._ZN7USBMidi14handleContinueEv
                0x080035e4        0x4 D:\Users\Stoodio 2nd\AppData\Local\Temp\VMBuilds\GateXtal\Arduino_STM32-master_genericSTM32F103C\Release\USBHID_stm32f1-edited\USBMIDI.cpp.o
                0x080035e4                USBMidi::handleContinue()
 .text._ZN7USBMidi10handleStopEv
                0x080035e8        0x4 D:\Users\Stoodio 2nd\AppData\Local\Temp\VMBuilds\GateXtal\Arduino_STM32-master_genericSTM32F103C\Release\USBHID_stm32f1-edited\USBMIDI.cpp.o
                0x080035e8                USBMidi::handleStop()
 .text._ZN7USBMidi17handleActiveSenseEv
                0x080035ec        0x4 D:\Users\Stoodio 2nd\AppData\Local\Temp\VMBuilds\GateXtal\Arduino_STM32-master_genericSTM32F103C\Release\USBHID_stm32f1-edited\USBMIDI.cpp.o
                0x080035ec                USBMidi::handleActiveSense()
 .text._ZN7USBMidi11handleResetEv
                0x080035f0        0x4 D:\Users\Stoodio 2nd\AppData\Local\Temp\VMBuilds\GateXtal\Arduino_STM32-master_genericSTM32F103C\Release\USBHID_stm32f1-edited\USBMIDI.cpp.o
                0x080035f0                USBMidi::handleReset()
 .text._ZN7USBMidi5beginEj
                0x080035f4       0x38 D:\Users\Stoodio 2nd\AppData\Local\Temp\VMBuilds\GateXtal\Arduino_STM32-master_genericSTM32F103C\Release\USBHID_stm32f1-edited\USBMIDI.cpp.o
                0x080035f4                USBMidi::begin(unsigned int)
 .text._ZN7USBMidi11readPacketsEPvm
                0x0800362c       0x28 D:\Users\Stoodio 2nd\AppData\Local\Temp\VMBuilds\GateXtal\Arduino_STM32-master_genericSTM32F103C\Release\USBHID_stm32f1-edited\USBMIDI.cpp.o
                0x0800362c                USBMidi::readPackets(void*, unsigned long)
 .text._ZN7USBMidi14dispatchPacketEm
                0x08003654      0x138 D:\Users\Stoodio 2nd\AppData\Local\Temp\VMBuilds\GateXtal\Arduino_STM32-master_genericSTM32F103C\Release\USBHID_stm32f1-edited\USBMIDI.cpp.o
                0x08003654                USBMidi::dispatchPacket(unsigned long)
 .text._ZN7USBMidi4pollEv
                0x0800378c       0x28 D:\Users\Stoodio 2nd\AppData\Local\Temp\VMBuilds\GateXtal\Arduino_STM32-master_genericSTM32F103C\Release\USBHID_stm32f1-edited\USBMIDI.cpp.o
                0x0800378c                USBMidi::poll()
 .text.startup._GLOBAL__sub_I__ZN7USBMidi10setChannelEj
                0x080037b4       0x14 D:\Users\Stoodio 2nd\AppData\Local\Temp\VMBuilds\GateXtal\Arduino_STM32-master_genericSTM32F103C\Release\USBHID_stm32f1-edited\USBMIDI.cpp.o
 .text.startup._GLOBAL__sub_I__ZN10USBXBox36010sendReportEv
                0x080037c8       0x24 D:\Users\Stoodio 2nd\AppData\Local\Temp\VMBuilds\GateXtal\Arduino_STM32-master_genericSTM32F103C\Release\USBHID_stm32f1-edited\USBXBox360.cpp.o
 .text._ZN6wirish4priv15board_setup_usbEv
                0x080037ec       0x54 D:\Users\Stoodio 2nd\AppData\Local\Temp\VMBuilds\GateXtal\Arduino_STM32-master_genericSTM32F103C\Release\USBHID_stm32f1-edited\usb_setup.cpp.o
                0x080037ec                wirish::priv::board_setup_usb()
 .text._ZN8STM32ADCC2EP7adc_dev
                0x08003840        0x4 D:\Users\Stoodio 2nd\AppData\Local\Temp\VMBuilds\GateXtal\Arduino_STM32-master_genericSTM32F103C\Release\STM32ADC\STM32ADC.cpp.o
                0x08003840                STM32ADC::STM32ADC(adc_dev*)
                0x08003840                STM32ADC::STM32ADC(adc_dev*)
 .text._ZN8STM32ADC7getDataEv
                0x08003844        0x8 D:\Users\Stoodio 2nd\AppData\Local\Temp\VMBuilds\GateXtal\Arduino_STM32-master_genericSTM32F103C\Release\STM32ADC\STM32ADC.cpp.o
                0x08003844                STM32ADC::getData()
 .text._ZN8STM32ADC13setSampleRateE12adc_smp_rate
                0x0800384c        0x8 D:\Users\Stoodio 2nd\AppData\Local\Temp\VMBuilds\GateXtal\Arduino_STM32-master_genericSTM32F103C\Release\STM32ADC\STM32ADC.cpp.o
                0x0800384c                STM32ADC::setSampleRate(adc_smp_rate)
 .text._ZN8STM32ADC15attachInterruptEPFvvEh
                0x08003854        0xc D:\Users\Stoodio 2nd\AppData\Local\Temp\VMBuilds\GateXtal\Arduino_STM32-master_genericSTM32F103C\Release\STM32ADC\STM32ADC.cpp.o
                0x08003854                STM32ADC::attachInterrupt(void (*)(), unsigned char)
 .text._ZN8STM32ADC7setPinsEPhh
                0x08003860       0xe0 D:\Users\Stoodio 2nd\AppData\Local\Temp\VMBuilds\GateXtal\Arduino_STM32-master_genericSTM32F103C\Release\STM32ADC\STM32ADC.cpp.o
                0x08003860                STM32ADC::setPins(unsigned char*, unsigned char)
 .text._ZN8STM32ADC15startConversionEv
                0x08003940       0x10 D:\Users\Stoodio 2nd\AppData\Local\Temp\VMBuilds\GateXtal\Arduino_STM32-master_genericSTM32F103C\Release\STM32ADC\STM32ADC.cpp.o
                0x08003940                STM32ADC::startConversion()
 .text._ZN8STM32ADC9calibrateEv
                0x08003950        0x8 D:\Users\Stoodio 2nd\AppData\Local\Temp\VMBuilds\GateXtal\Arduino_STM32-master_genericSTM32F103C\Release\STM32ADC\STM32ADC.cpp.o
                0x08003950                STM32ADC::calibrate()
 .text.FLASH_GetStatus
                0x08003958       0x34 D:\Users\Stoodio 2nd\AppData\Local\Temp\VMBuilds\GateXtal\Arduino_STM32-master_genericSTM32F103C\Release\EEPROM\flash_stm32.c.o
                0x08003958                FLASH_GetStatus
 .text.FLASH_WaitForLastOperation
                0x0800398c       0x48 D:\Users\Stoodio 2nd\AppData\Local\Temp\VMBuilds\GateXtal\Arduino_STM32-master_genericSTM32F103C\Release\EEPROM\flash_stm32.c.o
                0x0800398c                FLASH_WaitForLastOperation
 .text.FLASH_ErasePage
                0x080039d4       0x48 D:\Users\Stoodio 2nd\AppData\Local\Temp\VMBuilds\GateXtal\Arduino_STM32-master_genericSTM32F103C\Release\EEPROM\flash_stm32.c.o
                0x080039d4                FLASH_ErasePage
 .text.FLASH_ProgramHalfWord
                0x08003a1c       0x54 D:\Users\Stoodio 2nd\AppData\Local\Temp\VMBuilds\GateXtal\Arduino_STM32-master_genericSTM32F103C\Release\EEPROM\flash_stm32.c.o
                0x08003a1c                FLASH_ProgramHalfWord
 .text.FLASH_Unlock
                0x08003a70       0x18 D:\Users\Stoodio 2nd\AppData\Local\Temp\VMBuilds\GateXtal\Arduino_STM32-master_genericSTM32F103C\Release\EEPROM\flash_stm32.c.o
                0x08003a70                FLASH_Unlock
 .text._ZN11EEPROMClass12EE_CheckPageEmt
                0x08003a88       0x44 D:\Users\Stoodio 2nd\AppData\Local\Temp\VMBuilds\GateXtal\Arduino_STM32-master_genericSTM32F103C\Release\EEPROM\EEPROM.cpp.o
                0x08003a88                EEPROMClass::EE_CheckPage(unsigned long, unsigned short)
 .text._ZN11EEPROMClass12EE_ErasePageEm
                0x08003acc       0x48 D:\Users\Stoodio 2nd\AppData\Local\Temp\VMBuilds\GateXtal\Arduino_STM32-master_genericSTM32F103C\Release\EEPROM\EEPROM.cpp.o
                0x08003acc                EEPROMClass::EE_ErasePage(unsigned long)
 .text._ZN11EEPROMClass17EE_CheckErasePageEmt
                0x08003b14       0x2c D:\Users\Stoodio 2nd\AppData\Local\Temp\VMBuilds\GateXtal\Arduino_STM32-master_genericSTM32F103C\Release\EEPROM\EEPROM.cpp.o
                0x08003b14                EEPROMClass::EE_CheckErasePage(unsigned long, unsigned short)
 .text._ZN11EEPROMClass15EE_PageTransferEmmt
                0x08003b40       0xc8 D:\Users\Stoodio 2nd\AppData\Local\Temp\VMBuilds\GateXtal\Arduino_STM32-master_genericSTM32F103C\Release\EEPROM\EEPROM.cpp.o
                0x08003b40                EEPROMClass::EE_PageTransfer(unsigned long, unsigned long, unsigned short)
 .text._ZN11EEPROMClass6formatEv
                0x08003c08       0x40 D:\Users\Stoodio 2nd\AppData\Local\Temp\VMBuilds\GateXtal\Arduino_STM32-master_genericSTM32F103C\Release\EEPROM\EEPROM.cpp.o
                0x08003c08                EEPROMClass::format()
 .text._ZN11EEPROMClass4initEv
                0x08003c48       0xf8 D:\Users\Stoodio 2nd\AppData\Local\Temp\VMBuilds\GateXtal\Arduino_STM32-master_genericSTM32F103C\Release\EEPROM\EEPROM.cpp.o
                0x08003c48                EEPROMClass::init()
 .text._ZN11EEPROMClass4readEtPt
                0x08003d40       0x8c D:\Users\Stoodio 2nd\AppData\Local\Temp\VMBuilds\GateXtal\Arduino_STM32-master_genericSTM32F103C\Release\EEPROM\EEPROM.cpp.o
                0x08003d40                EEPROMClass::read(unsigned short, unsigned short*)
 .text._ZN11EEPROMClass4readEt
                0x08003dcc       0x18 D:\Users\Stoodio 2nd\AppData\Local\Temp\VMBuilds\GateXtal\Arduino_STM32-master_genericSTM32F103C\Release\EEPROM\EEPROM.cpp.o
                0x08003dcc                EEPROMClass::read(unsigned short)
 .text.startup._GLOBAL__sub_I__ZN11EEPROMClass12EE_CheckPageEmt
                0x08003de4       0x28 D:\Users\Stoodio 2nd\AppData\Local\Temp\VMBuilds\GateXtal\Arduino_STM32-master_genericSTM32F103C\Release\EEPROM\EEPROM.cpp.o
 .text._ZL24updateControlWithAutoADCv
                0x08003e0c       0x10 D:\Users\Stoodio 2nd\AppData\Local\Temp\VMBuilds\GateXtal\Arduino_STM32-master_genericSTM32F103C\Release\Mozzi-master\MozziGuts.cpp.o
 .text._ZL14pwmAudioOutputv
                0x08003e1c       0x38 D:\Users\Stoodio 2nd\AppData\Local\Temp\VMBuilds\GateXtal\Arduino_STM32-master_genericSTM32F103C\Release\Mozzi-master\MozziGuts.cpp.o
 .text._Z9audioHookv
                0x08003e54       0x4c D:\Users\Stoodio 2nd\AppData\Local\Temp\VMBuilds\GateXtal\Arduino_STM32-master_genericSTM32F103C\Release\Mozzi-master\MozziGuts.cpp.o
                0x08003e54                audioHook()
 .text._Z10startMozzii
                0x08003ea0       0xbc D:\Users\Stoodio 2nd\AppData\Local\Temp\VMBuilds\GateXtal\Arduino_STM32-master_genericSTM32F103C\Release\Mozzi-master\MozziGuts.cpp.o
                0x08003ea0                startMozzi(int)
 .text._Z11mozziMicrosv
                0x08003f5c       0x18 D:\Users\Stoodio 2nd\AppData\Local\Temp\VMBuilds\GateXtal\Arduino_STM32-master_genericSTM32F103C\Release\Mozzi-master\MozziGuts.cpp.o
                0x08003f5c                mozziMicros()
 .text.startup._GLOBAL__sub_I_adc
                0x08003f74       0x54 D:\Users\Stoodio 2nd\AppData\Local\Temp\VMBuilds\GateXtal\Arduino_STM32-master_genericSTM32F103C\Release\Mozzi-master\MozziGuts.cpp.o
 .text._Z19setupFastAnalogReada
                0x08003fc8       0x24 D:\Users\Stoodio 2nd\AppData\Local\Temp\VMBuilds\GateXtal\Arduino_STM32-master_genericSTM32F103C\Release\Mozzi-master\mozzi_analog.cpp.o
                0x08003fc8                setupFastAnalogRead(signed char)
 .text._Z13setupMozziADCa
                0x08003fec       0x28 D:\Users\Stoodio 2nd\AppData\Local\Temp\VMBuilds\GateXtal\Arduino_STM32-master_genericSTM32F103C\Release\Mozzi-master\mozzi_analog.cpp.o
                0x08003fec                setupMozziADC(signed char)
 .text._Z18adcStartConversionh
                0x08004014       0x24 D:\Users\Stoodio 2nd\AppData\Local\Temp\VMBuilds\GateXtal\Arduino_STM32-master_genericSTM32F103C\Release\Mozzi-master\mozzi_analog.cpp.o
                0x08004014                adcStartConversion(unsigned char)
 .text._Z23adcReadSelectedChannelsv
                0x08004038       0x44 D:\Users\Stoodio 2nd\AppData\Local\Temp\VMBuilds\GateXtal\Arduino_STM32-master_genericSTM32F103C\Release\Mozzi-master\mozzi_analog.cpp.o
                0x08004038                adcReadSelectedChannels()
 .text._Z17adcStartReadCyclev
                0x0800407c       0x24 D:\Users\Stoodio 2nd\AppData\Local\Temp\VMBuilds\GateXtal\Arduino_STM32-master_genericSTM32F103C\Release\Mozzi-master\mozzi_analog.cpp.o
                0x0800407c                adcStartReadCycle()
 .text._Z15mozziAnalogReadh
                0x080040a0       0x20 D:\Users\Stoodio 2nd\AppData\Local\Temp\VMBuilds\GateXtal\Arduino_STM32-master_genericSTM32F103C\Release\Mozzi-master\mozzi_analog.cpp.o
                0x080040a0                mozziAnalogRead(unsigned char)
 .text._Z21startSecondControlADCv
                0x080040c0       0x20 D:\Users\Stoodio 2nd\AppData\Local\Temp\VMBuilds\GateXtal\Arduino_STM32-master_genericSTM32F103C\Release\Mozzi-master\mozzi_analog.cpp.o
                0x080040c0                startSecondControlADC()
 .text._Z21stm32_adc_eoc_handlerv
                0x080040e0       0x40 D:\Users\Stoodio 2nd\AppData\Local\Temp\VMBuilds\GateXtal\Arduino_STM32-master_genericSTM32F103C\Release\Mozzi-master\mozzi_analog.cpp.o
                0x080040e0                stm32_adc_eoc_handler()
 .text.startup._GLOBAL__sub_I__Z19setupFastAnalogReada
                0x08004120       0x10 D:\Users\Stoodio 2nd\AppData\Local\Temp\VMBuilds\GateXtal\Arduino_STM32-master_genericSTM32F103C\Release\Mozzi-master\mozzi_analog.cpp.o
 .text._Z4mtoff
                0x08004130       0x50 D:\Users\Stoodio 2nd\AppData\Local\Temp\VMBuilds\GateXtal\Arduino_STM32-master_genericSTM32F103C\Release\Mozzi-master\mozzi_midi.cpp.o
                0x08004130                mtof(float)
 .text._Z10xorshift96v
                0x08004180       0x38 D:\Users\Stoodio 2nd\AppData\Local\Temp\VMBuilds\GateXtal\Arduino_STM32-master_genericSTM32F103C\Release\Mozzi-master\mozzi_rand.cpp.o
                0x08004180                xorshift96()
 .text._Z4randii
                0x080041b8       0x18 D:\Users\Stoodio 2nd\AppData\Local\Temp\VMBuilds\GateXtal\Arduino_STM32-master_genericSTM32F103C\Release\Mozzi-master\mozzi_rand.cpp.o
                0x080041b8                rand(int, int)
 .text._Z9boardInitv
                0x080041d0        0x4 D:\Users\Stoodio 2nd\AppData\Local\Temp\VMBuilds\GateXtal\Arduino_STM32-master_genericSTM32F103C\Release\variant\board.cpp.o
                0x080041d0                boardInit()
 .text.startup._GLOBAL__sub_I__Z9boardInitv
                0x080041d4       0x48 D:\Users\Stoodio 2nd\AppData\Local\Temp\VMBuilds\GateXtal\Arduino_STM32-master_genericSTM32F103C\Release\variant\board.cpp.o
 .text._ZL18adc_default_configP7adc_dev
                0x0800421c       0x1c D:\Users\Stoodio 2nd\AppData\Local\Temp\VMBuilds\GateXtal\Arduino_STM32-master_genericSTM32F103C\Release\variant\boards.cpp.o
 .text._ZL20timer_default_configP9timer_dev
                0x08004238       0xa8 D:\Users\Stoodio 2nd\AppData\Local\Temp\VMBuilds\GateXtal\Arduino_STM32-master_genericSTM32F103C\Release\variant\boards.cpp.o
 .text._Z4initv
                0x080042e0       0xbc D:\Users\Stoodio 2nd\AppData\Local\Temp\VMBuilds\GateXtal\Arduino_STM32-master_genericSTM32F103C\Release\variant\boards.cpp.o
                0x080042e0                init()
 .text._ZN6wirish4priv15board_reset_pllEv
                0x0800439c        0x4 D:\Users\Stoodio 2nd\AppData\Local\Temp\VMBuilds\GateXtal\Arduino_STM32-master_genericSTM32F103C\Release\variant\boards_setup.cpp.o
                0x0800439c                wirish::priv::board_reset_pll()
 .text._ZN6wirish4priv28board_setup_clock_prescalersEv
                0x080043a0       0x30 D:\Users\Stoodio 2nd\AppData\Local\Temp\VMBuilds\GateXtal\Arduino_STM32-master_genericSTM32F103C\Release\variant\boards_setup.cpp.o
                0x080043a0                wirish::priv::board_setup_clock_prescalers()
 .text._ZN6wirish4priv16board_setup_gpioEv
                0x080043d0        0x4 D:\Users\Stoodio 2nd\AppData\Local\Temp\VMBuilds\GateXtal\Arduino_STM32-master_genericSTM32F103C\Release\variant\boards_setup.cpp.o
                0x080043d0                wirish::priv::board_setup_gpio()
 .text._ZN6wirish4priv11series_initEv
                0x080043d4        0x4 D:\Users\Stoodio 2nd\AppData\Local\Temp\VMBuilds\GateXtal\Arduino_STM32-master_genericSTM32F103C\Release\variant\boards_setup.cpp.o
                0x080043d4                wirish::priv::series_init()
 .text          0x080043d8       0x10 D:\Users\Stoodio 2nd\AppData\Local\Temp\VMBuilds\GateXtal\Arduino_STM32-master_genericSTM32F103C\Release\variant\start.S.o
                0x080043d8                __start__
 .text.start_c  0x080043e8       0x78 D:\Users\Stoodio 2nd\AppData\Local\Temp\VMBuilds\GateXtal\Arduino_STM32-master_genericSTM32F103C\Release\variant\start_c.c.o
                0x080043e8                start_c
 .text._exit    0x08004460        0x4 D:\Users\Stoodio 2nd\AppData\Local\Temp\VMBuilds\GateXtal\Arduino_STM32-master_genericSTM32F103C\Release\variant\syscalls.c.o
                0x08004460                _exit
 *fill*         0x08004464        0xc 
 .text          0x08004470       0x60 D:\Users\Stoodio 2nd\AppData\Local\Temp\VMBuilds\GateXtal\Arduino_STM32-master_genericSTM32F103C\Release/core.a(exc.S.o)
                0x08004470                __exc_nmi
                0x08004474                __exc_hardfault
                0x08004478                __exc_memmanage
                0x0800447c                __exc_busfault
                0x08004480                __exc_usagefault
 .text          0x080044d0        0x2 D:\Users\Stoodio 2nd\AppData\Local\Temp\VMBuilds\GateXtal\Arduino_STM32-master_genericSTM32F103C\Release/core.a(isrs.S.o)
                0x080044d0                __stm32reservedexception9
                0x080044d0                __irq_i2c2_er
                0x080044d0                __irq_i2c1_er
                0x080044d0                __exc_debug_monitor
                0x080044d0                __exc_svc
                0x080044d0                __irq_exti0
                0x080044d0                __irq_can_rx1
                0x080044d0                __irq_spi2
                0x080044d0                __irq_can_sce
                0x080044d0                __irq_exti2
                0x080044d0                __irq_exti3
                0x080044d0                __irq_exti9_5
                0x080044d0                __irq_pvd
                0x080044d0                __irq_tamper
                0x080044d0                __default_handler
                0x080044d0                __irq_wwdg
                0x080044d0                __stm32reservedexception10
                0x080044d0                __irq_flash
                0x080044d0                __irq_i2c2_ev
                0x080044d0                __stm32reservedexception13
                0x080044d0                __irq_rtc
                0x080044d0                __irq_spi1
                0x080044d0                __stm32reservedexception7
                0x080044d0                __irq_usb_hp_can_tx
                0x080044d0                __irq_exti15_10
                0x080044d0                __irq_exti4
                0x080044d0                __irq_rtcalarm
                0x080044d0                __stm32reservedexception8
                0x080044d0                __exc_pendsv
                0x080044d0                __irq_i2c1_ev
                0x080044d0                __irq_usbwakeup
                0x080044d0                __irq_exti1
                0x080044d0                __irq_rcc
 *fill*         0x080044d2        0x2 
 .text.adc_init
                0x080044d4       0x14 D:\Users\Stoodio 2nd\AppData\Local\Temp\VMBuilds\GateXtal\Arduino_STM32-master_genericSTM32F103C\Release/core.a(adc.c.o)
                0x080044d4                adc_init
 .text.adc_set_extsel
                0x080044e8       0x14 D:\Users\Stoodio 2nd\AppData\Local\Temp\VMBuilds\GateXtal\Arduino_STM32-master_genericSTM32F103C\Release/core.a(adc.c.o)
                0x080044e8                adc_set_extsel
 .text.adc_set_sample_rate
                0x080044fc       0x30 D:\Users\Stoodio 2nd\AppData\Local\Temp\VMBuilds\GateXtal\Arduino_STM32-master_genericSTM32F103C\Release/core.a(adc.c.o)
                0x080044fc                adc_set_sample_rate
 .text.__irq_adc
                0x0800452c       0x50 D:\Users\Stoodio 2nd\AppData\Local\Temp\VMBuilds\GateXtal\Arduino_STM32-master_genericSTM32F103C\Release/core.a(adc_f1.c.o)
                0x0800452c                __irq_adc
 .text.adc_attach_interrupt
                0x0800457c       0x38 D:\Users\Stoodio 2nd\AppData\Local\Temp\VMBuilds\GateXtal\Arduino_STM32-master_genericSTM32F103C\Release/core.a(adc_f1.c.o)
                0x0800457c                adc_attach_interrupt
 .text.adc_calibrate
                0x080045b4       0x28 D:\Users\Stoodio 2nd\AppData\Local\Temp\VMBuilds\GateXtal\Arduino_STM32-master_genericSTM32F103C\Release/core.a(adc_f1.c.o)
                0x080045b4                adc_calibrate
 .text.adc_set_prescaler
                0x080045dc        0x8 D:\Users\Stoodio 2nd\AppData\Local\Temp\VMBuilds\GateXtal\Arduino_STM32-master_genericSTM32F103C\Release/core.a(adc_f1.c.o)
                0x080045dc                adc_set_prescaler
 .text.adc_foreach
                0x080045e4       0x1c D:\Users\Stoodio 2nd\AppData\Local\Temp\VMBuilds\GateXtal\Arduino_STM32-master_genericSTM32F103C\Release/core.a(adc_f1.c.o)
                0x080045e4                adc_foreach
 .text.adc_enable_single_swstart
                0x08004600       0x34 D:\Users\Stoodio 2nd\AppData\Local\Temp\VMBuilds\GateXtal\Arduino_STM32-master_genericSTM32F103C\Release/core.a(adc_f1.c.o)
                0x08004600                adc_enable_single_swstart
 .text.__irq_dma1_channel1
                0x08004634       0x18 D:\Users\Stoodio 2nd\AppData\Local\Temp\VMBuilds\GateXtal\Arduino_STM32-master_genericSTM32F103C\Release/core.a(dma_f1.c.o)
                0x08004634                __irq_dma1_channel1
 .text.__irq_dma1_channel2
                0x0800464c       0x18 D:\Users\Stoodio 2nd\AppData\Local\Temp\VMBuilds\GateXtal\Arduino_STM32-master_genericSTM32F103C\Release/core.a(dma_f1.c.o)
                0x0800464c                __irq_dma1_channel2
 .text.__irq_dma1_channel3
                0x08004664       0x1c D:\Users\Stoodio 2nd\AppData\Local\Temp\VMBuilds\GateXtal\Arduino_STM32-master_genericSTM32F103C\Release/core.a(dma_f1.c.o)
                0x08004664                __irq_dma1_channel3
 .text.__irq_dma1_channel4
                0x08004680       0x1c D:\Users\Stoodio 2nd\AppData\Local\Temp\VMBuilds\GateXtal\Arduino_STM32-master_genericSTM32F103C\Release/core.a(dma_f1.c.o)
                0x08004680                __irq_dma1_channel4
 .text.__irq_dma1_channel5
                0x0800469c       0x1c D:\Users\Stoodio 2nd\AppData\Local\Temp\VMBuilds\GateXtal\Arduino_STM32-master_genericSTM32F103C\Release/core.a(dma_f1.c.o)
                0x0800469c                __irq_dma1_channel5
 .text.__irq_dma1_channel6
                0x080046b8       0x1c D:\Users\Stoodio 2nd\AppData\Local\Temp\VMBuilds\GateXtal\Arduino_STM32-master_genericSTM32F103C\Release/core.a(dma_f1.c.o)
                0x080046b8                __irq_dma1_channel6
 .text.__irq_dma1_channel7
                0x080046d4       0x1c D:\Users\Stoodio 2nd\AppData\Local\Temp\VMBuilds\GateXtal\Arduino_STM32-master_genericSTM32F103C\Release/core.a(dma_f1.c.o)
                0x080046d4                __irq_dma1_channel7
 .text.flash_set_latency
                0x080046f0       0x14 D:\Users\Stoodio 2nd\AppData\Local\Temp\VMBuilds\GateXtal\Arduino_STM32-master_genericSTM32F103C\Release/core.a(flash.c.o)
                0x080046f0                flash_set_latency
 .text.gpio_init_all
                0x08004704       0x30 D:\Users\Stoodio 2nd\AppData\Local\Temp\VMBuilds\GateXtal\Arduino_STM32-master_genericSTM32F103C\Release/core.a(gpio_f1.c.o)
                0x08004704                gpio_init_all
 .text.gpio_set_mode
                0x08004734       0x60 D:\Users\Stoodio 2nd\AppData\Local\Temp\VMBuilds\GateXtal\Arduino_STM32-master_genericSTM32F103C\Release/core.a(gpio_f1.c.o)
                0x08004734                gpio_set_mode
 .text.afio_init
                0x08004794       0x14 D:\Users\Stoodio 2nd\AppData\Local\Temp\VMBuilds\GateXtal\Arduino_STM32-master_genericSTM32F103C\Release/core.a(gpio_f1.c.o)
                0x08004794                afio_init
 .text.nvic_init
                0x080047a8       0x34 D:\Users\Stoodio 2nd\AppData\Local\Temp\VMBuilds\GateXtal\Arduino_STM32-master_genericSTM32F103C\Release/core.a(nvic.c.o)
                0x080047a8                nvic_init
 .text.rcc_dev_clk
                0x080047dc        0xc D:\Users\Stoodio 2nd\AppData\Local\Temp\VMBuilds\GateXtal\Arduino_STM32-master_genericSTM32F103C\Release/core.a(rcc.c.o)
                0x080047dc                rcc_dev_clk
 .text.rcc_switch_sysclk
                0x080047e8       0x20 D:\Users\Stoodio 2nd\AppData\Local\Temp\VMBuilds\GateXtal\Arduino_STM32-master_genericSTM32F103C\Release/core.a(rcc.c.o)
                0x080047e8                rcc_switch_sysclk
 .text.rcc_turn_on_clk
                0x08004808       0x1c D:\Users\Stoodio 2nd\AppData\Local\Temp\VMBuilds\GateXtal\Arduino_STM32-master_genericSTM32F103C\Release/core.a(rcc.c.o)
                0x08004808                rcc_turn_on_clk
 .text.rcc_turn_off_clk
                0x08004824       0x1c D:\Users\Stoodio 2nd\AppData\Local\Temp\VMBuilds\GateXtal\Arduino_STM32-master_genericSTM32F103C\Release/core.a(rcc.c.o)
                0x08004824                rcc_turn_off_clk
 .text.rcc_is_clk_ready
                0x08004840       0x18 D:\Users\Stoodio 2nd\AppData\Local\Temp\VMBuilds\GateXtal\Arduino_STM32-master_genericSTM32F103C\Release/core.a(rcc.c.o)
                0x08004840                rcc_is_clk_ready
 .text.rcc_configure_pll
                0x08004858       0x1c D:\Users\Stoodio 2nd\AppData\Local\Temp\VMBuilds\GateXtal\Arduino_STM32-master_genericSTM32F103C\Release/core.a(rcc_f1.c.o)
                0x08004858                rcc_configure_pll
 .text.rcc_clk_enable
                0x08004874       0x30 D:\Users\Stoodio 2nd\AppData\Local\Temp\VMBuilds\GateXtal\Arduino_STM32-master_genericSTM32F103C\Release/core.a(rcc_f1.c.o)
                0x08004874                rcc_clk_enable
 .text.rcc_reset_dev
                0x080048a4       0x34 D:\Users\Stoodio 2nd\AppData\Local\Temp\VMBuilds\GateXtal\Arduino_STM32-master_genericSTM32F103C\Release/core.a(rcc_f1.c.o)
                0x080048a4                rcc_reset_dev
 .text.rcc_set_prescaler
                0x080048d8       0x24 D:\Users\Stoodio 2nd\AppData\Local\Temp\VMBuilds\GateXtal\Arduino_STM32-master_genericSTM32F103C\Release/core.a(rcc_f1.c.o)
                0x080048d8                rcc_set_prescaler
 .text.rcc_clk_disable
                0x080048fc       0x30 D:\Users\Stoodio 2nd\AppData\Local\Temp\VMBuilds\GateXtal\Arduino_STM32-master_genericSTM32F103C\Release/core.a(rcc_f1.c.o)
                0x080048fc                rcc_clk_disable
 .text.systick_init
                0x0800492c       0x10 D:\Users\Stoodio 2nd\AppData\Local\Temp\VMBuilds\GateXtal\Arduino_STM32-master_genericSTM32F103C\Release/core.a(systick.c.o)
                0x0800492c                systick_init
 .text.__exc_systick
                0x0800493c       0x1c D:\Users\Stoodio 2nd\AppData\Local\Temp\VMBuilds\GateXtal\Arduino_STM32-master_genericSTM32F103C\Release/core.a(systick.c.o)
                0x0800493c                __exc_systick
 .text.timer_foreach
                0x08004958       0x28 D:\Users\Stoodio 2nd\AppData\Local\Temp\VMBuilds\GateXtal\Arduino_STM32-master_genericSTM32F103C\Release/core.a(timer.c.o)
                0x08004958                timer_foreach
 .text.timer_init
                0x08004980       0x14 D:\Users\Stoodio 2nd\AppData\Local\Temp\VMBuilds\GateXtal\Arduino_STM32-master_genericSTM32F103C\Release/core.a(timer.c.o)
                0x08004980                timer_init
 .text.timer_has_cc_channel
                0x08004994       0x30 D:\Users\Stoodio 2nd\AppData\Local\Temp\VMBuilds\GateXtal\Arduino_STM32-master_genericSTM32F103C\Release/core.a(timer.c.o)
                0x08004994                timer_has_cc_channel
 .text.timer_attach_interrupt
                0x080049c4      0x140 D:\Users\Stoodio 2nd\AppData\Local\Temp\VMBuilds\GateXtal\Arduino_STM32-master_genericSTM32F103C\Release/core.a(timer.c.o)
                0x080049c4                timer_attach_interrupt
 .text.input_capture_mode
                0x08004b04       0x54 D:\Users\Stoodio 2nd\AppData\Local\Temp\VMBuilds\GateXtal\Arduino_STM32-master_genericSTM32F103C\Release/core.a(timer.c.o)
                0x08004b04                input_capture_mode
 .text.timer_set_mode
                0x08004b58      0x10c D:\Users\Stoodio 2nd\AppData\Local\Temp\VMBuilds\GateXtal\Arduino_STM32-master_genericSTM32F103C\Release/core.a(timer.c.o)
                0x08004b58                timer_set_mode
 .text.__irq_tim1_brk
                0x08004c64       0x24 D:\Users\Stoodio 2nd\AppData\Local\Temp\VMBuilds\GateXtal\Arduino_STM32-master_genericSTM32F103C\Release/core.a(timer.c.o)
                0x08004c64                __irq_tim1_brk
 .text.__irq_tim1_up
                0x08004c88       0x24 D:\Users\Stoodio 2nd\AppData\Local\Temp\VMBuilds\GateXtal\Arduino_STM32-master_genericSTM32F103C\Release/core.a(timer.c.o)
                0x08004c88                __irq_tim1_up
 .text.__irq_tim1_trg_com
                0x08004cac       0x38 D:\Users\Stoodio 2nd\AppData\Local\Temp\VMBuilds\GateXtal\Arduino_STM32-master_genericSTM32F103C\Release/core.a(timer.c.o)
                0x08004cac                __irq_tim1_trg_com
 .text.__irq_tim1_cc
                0x08004ce4       0x54 D:\Users\Stoodio 2nd\AppData\Local\Temp\VMBuilds\GateXtal\Arduino_STM32-master_genericSTM32F103C\Release/core.a(timer.c.o)
                0x08004ce4                __irq_tim1_cc
 .text.__irq_tim2
                0x08004d38       0x70 D:\Users\Stoodio 2nd\AppData\Local\Temp\VMBuilds\GateXtal\Arduino_STM32-master_genericSTM32F103C\Release/core.a(timer.c.o)
                0x08004d38                __irq_tim2
 .text.__irq_tim3
                0x08004da8       0x70 D:\Users\Stoodio 2nd\AppData\Local\Temp\VMBuilds\GateXtal\Arduino_STM32-master_genericSTM32F103C\Release/core.a(timer.c.o)
                0x08004da8                __irq_tim3
 .text.__irq_tim4
                0x08004e18       0x70 D:\Users\Stoodio 2nd\AppData\Local\Temp\VMBuilds\GateXtal\Arduino_STM32-master_genericSTM32F103C\Release/core.a(timer.c.o)
                0x08004e18                __irq_tim4
 .text.usart_config_gpios_async
                0x08004e88       0x48 D:\Users\Stoodio 2nd\AppData\Local\Temp\VMBuilds\GateXtal\Arduino_STM32-master_genericSTM32F103C\Release/core.a(usart_f1.c.o)
                0x08004e88                usart_config_gpios_async
 .text.usart_set_baud_rate
                0x08004ed0       0x48 D:\Users\Stoodio 2nd\AppData\Local\Temp\VMBuilds\GateXtal\Arduino_STM32-master_genericSTM32F103C\Release/core.a(usart_f1.c.o)
                0x08004ed0                usart_set_baud_rate
 .text.__irq_usart1
                0x08004f18       0xe0 D:\Users\Stoodio 2nd\AppData\Local\Temp\VMBuilds\GateXtal\Arduino_STM32-master_genericSTM32F103C\Release/core.a(usart_f1.c.o)
                0x08004f18                __irq_usart1
 .text.__irq_usart2
                0x08004ff8       0xe0 D:\Users\Stoodio 2nd\AppData\Local\Temp\VMBuilds\GateXtal\Arduino_STM32-master_genericSTM32F103C\Release/core.a(usart_f1.c.o)
                0x08004ff8                __irq_usart2
 .text.__irq_usart3
                0x080050d8       0xe0 D:\Users\Stoodio 2nd\AppData\Local\Temp\VMBuilds\GateXtal\Arduino_STM32-master_genericSTM32F103C\Release/core.a(usart_f1.c.o)
                0x080050d8                __irq_usart3
 .text._usart_clock_freq
                0x080051b8       0x24 D:\Users\Stoodio 2nd\AppData\Local\Temp\VMBuilds\GateXtal\Arduino_STM32-master_genericSTM32F103C\Release/core.a(usart_private.c.o)
                0x080051b8                _usart_clock_freq
 .text.throb    0x080051dc       0x58 D:\Users\Stoodio 2nd\AppData\Local\Temp\VMBuilds\GateXtal\Arduino_STM32-master_genericSTM32F103C\Release/core.a(util.c.o)
                0x080051dc                throb
 .text.__error  0x08005234       0x14 D:\Users\Stoodio 2nd\AppData\Local\Temp\VMBuilds\GateXtal\Arduino_STM32-master_genericSTM32F103C\Release/core.a(util.c.o)
                0x08005234                __error
 .text.usb_resume
                0x08005248       0xdc D:\Users\Stoodio 2nd\AppData\Local\Temp\VMBuilds\GateXtal\Arduino_STM32-master_genericSTM32F103C\Release/core.a(usb.c.o)
 .text.usb_init_usblib
                0x08005324       0x50 D:\Users\Stoodio 2nd\AppData\Local\Temp\VMBuilds\GateXtal\Arduino_STM32-master_genericSTM32F103C\Release/core.a(usb.c.o)
                0x08005324                usb_init_usblib
 .text.__irq_usb_lp_can_rx0
                0x08005374      0x1f4 D:\Users\Stoodio 2nd\AppData\Local\Temp\VMBuilds\GateXtal\Arduino_STM32-master_genericSTM32F103C\Release/core.a(usb.c.o)
                0x08005374                __irq_usb_lp_can_rx0
 .text.vcomDataTxCb
                0x08005568       0xac D:\Users\Stoodio 2nd\AppData\Local\Temp\VMBuilds\GateXtal\Arduino_STM32-master_genericSTM32F103C\Release/core.a(usb_cdcacm.c.o)
 .text.vcomGetSetLineCoding
                0x08005614       0x18 D:\Users\Stoodio 2nd\AppData\Local\Temp\VMBuilds\GateXtal\Arduino_STM32-master_genericSTM32F103C\Release/core.a(usb_cdcacm.c.o)
 .text.usbInit  0x0800562c       0x48 D:\Users\Stoodio 2nd\AppData\Local\Temp\VMBuilds\GateXtal\Arduino_STM32-master_genericSTM32F103C\Release/core.a(usb_cdcacm.c.o)
 .text.usbDataSetup
                0x08005674       0x58 D:\Users\Stoodio 2nd\AppData\Local\Temp\VMBuilds\GateXtal\Arduino_STM32-master_genericSTM32F103C\Release/core.a(usb_cdcacm.c.o)
 .text.usbNoDataSetup
                0x080056cc       0x58 D:\Users\Stoodio 2nd\AppData\Local\Temp\VMBuilds\GateXtal\Arduino_STM32-master_genericSTM32F103C\Release/core.a(usb_cdcacm.c.o)
 .text.usbGetInterfaceSetting
                0x08005724       0x10 D:\Users\Stoodio 2nd\AppData\Local\Temp\VMBuilds\GateXtal\Arduino_STM32-master_genericSTM32F103C\Release/core.a(usb_cdcacm.c.o)
 .text.usbSetConfiguration
                0x08005734       0x1c D:\Users\Stoodio 2nd\AppData\Local\Temp\VMBuilds\GateXtal\Arduino_STM32-master_genericSTM32F103C\Release/core.a(usb_cdcacm.c.o)
 .text.usbSetDeviceAddress
                0x08005750       0x10 D:\Users\Stoodio 2nd\AppData\Local\Temp\VMBuilds\GateXtal\Arduino_STM32-master_genericSTM32F103C\Release/core.a(usb_cdcacm.c.o)
 .text.usbGetStringDescriptor
                0x08005760       0x20 D:\Users\Stoodio 2nd\AppData\Local\Temp\VMBuilds\GateXtal\Arduino_STM32-master_genericSTM32F103C\Release/core.a(usb_cdcacm.c.o)
 .text.usbGetConfigDescriptor
                0x08005780        0xc D:\Users\Stoodio 2nd\AppData\Local\Temp\VMBuilds\GateXtal\Arduino_STM32-master_genericSTM32F103C\Release/core.a(usb_cdcacm.c.o)
 .text.usbGetDeviceDescriptor
                0x0800578c        0xc D:\Users\Stoodio 2nd\AppData\Local\Temp\VMBuilds\GateXtal\Arduino_STM32-master_genericSTM32F103C\Release/core.a(usb_cdcacm.c.o)
 .text.usbReset
                0x08005798      0x17c D:\Users\Stoodio 2nd\AppData\Local\Temp\VMBuilds\GateXtal\Arduino_STM32-master_genericSTM32F103C\Release/core.a(usb_cdcacm.c.o)
 .text.usb_cdcacm_tx
                0x08005914       0x68 D:\Users\Stoodio 2nd\AppData\Local\Temp\VMBuilds\GateXtal\Arduino_STM32-master_genericSTM32F103C\Release/core.a(usb_cdcacm.c.o)
                0x08005914                usb_cdcacm_tx
 .text.usb_cdcacm_data_available
                0x0800597c       0x18 D:\Users\Stoodio 2nd\AppData\Local\Temp\VMBuilds\GateXtal\Arduino_STM32-master_genericSTM32F103C\Release/core.a(usb_cdcacm.c.o)
                0x0800597c                usb_cdcacm_data_available
 .text.usb_cdcacm_rx
                0x08005994       0x74 D:\Users\Stoodio 2nd\AppData\Local\Temp\VMBuilds\GateXtal\Arduino_STM32-master_genericSTM32F103C\Release/core.a(usb_cdcacm.c.o)
                0x08005994                usb_cdcacm_rx
 .text.usb_cdcacm_peek
                0x08005a08       0x40 D:\Users\Stoodio 2nd\AppData\Local\Temp\VMBuilds\GateXtal\Arduino_STM32-master_genericSTM32F103C\Release/core.a(usb_cdcacm.c.o)
                0x08005a08                usb_cdcacm_peek
 .text.usb_cdcacm_get_dtr
                0x08005a48       0x10 D:\Users\Stoodio 2nd\AppData\Local\Temp\VMBuilds\GateXtal\Arduino_STM32-master_genericSTM32F103C\Release/core.a(usb_cdcacm.c.o)
                0x08005a48                usb_cdcacm_get_dtr
 .text.usb_set_ep_rx_count
                0x08005a58       0x40 D:\Users\Stoodio 2nd\AppData\Local\Temp\VMBuilds\GateXtal\Arduino_STM32-master_genericSTM32F103C\Release/core.a(usb_reg_map.c.o)
                0x08005a58                usb_set_ep_rx_count
 .text.Standard_GetConfiguration
                0x08005a98       0x28 D:\Users\Stoodio 2nd\AppData\Local\Temp\VMBuilds\GateXtal\Arduino_STM32-master_genericSTM32F103C\Release/core.a(usb_core.c.o)
                0x08005a98                Standard_GetConfiguration
 .text.Standard_GetInterface
                0x08005ac0       0x28 D:\Users\Stoodio 2nd\AppData\Local\Temp\VMBuilds\GateXtal\Arduino_STM32-master_genericSTM32F103C\Release/core.a(usb_core.c.o)
                0x08005ac0                Standard_GetInterface
 .text.Standard_GetStatus
                0x08005ae8       0x98 D:\Users\Stoodio 2nd\AppData\Local\Temp\VMBuilds\GateXtal\Arduino_STM32-master_genericSTM32F103C\Release/core.a(usb_core.c.o)
                0x08005ae8                Standard_GetStatus
 .text.DataStageIn
                0x08005b80       0xb8 D:\Users\Stoodio 2nd\AppData\Local\Temp\VMBuilds\GateXtal\Arduino_STM32-master_genericSTM32F103C\Release/core.a(usb_core.c.o)
 .text.Standard_SetConfiguration
                0x08005c38       0x3c D:\Users\Stoodio 2nd\AppData\Local\Temp\VMBuilds\GateXtal\Arduino_STM32-master_genericSTM32F103C\Release/core.a(usb_core.c.o)
                0x08005c38                Standard_SetConfiguration
 .text.Standard_SetInterface
                0x08005c74       0x50 D:\Users\Stoodio 2nd\AppData\Local\Temp\VMBuilds\GateXtal\Arduino_STM32-master_genericSTM32F103C\Release/core.a(usb_core.c.o)
                0x08005c74                Standard_SetInterface
 .text.Standard_ClearFeature
                0x08005cc4       0xd4 D:\Users\Stoodio 2nd\AppData\Local\Temp\VMBuilds\GateXtal\Arduino_STM32-master_genericSTM32F103C\Release/core.a(usb_core.c.o)
                0x08005cc4                Standard_ClearFeature
 .text.Standard_SetEndPointFeature
                0x08005d98       0x90 D:\Users\Stoodio 2nd\AppData\Local\Temp\VMBuilds\GateXtal\Arduino_STM32-master_genericSTM32F103C\Release/core.a(usb_core.c.o)
                0x08005d98                Standard_SetEndPointFeature
 .text.Standard_GetDescriptorData
                0x08005e28       0x1c D:\Users\Stoodio 2nd\AppData\Local\Temp\VMBuilds\GateXtal\Arduino_STM32-master_genericSTM32F103C\Release/core.a(usb_core.c.o)
                0x08005e28                Standard_GetDescriptorData
 .text.Post0_Process
                0x08005e44       0x40 D:\Users\Stoodio 2nd\AppData\Local\Temp\VMBuilds\GateXtal\Arduino_STM32-master_genericSTM32F103C\Release/core.a(usb_core.c.o)
                0x08005e44                Post0_Process
 .text.Setup0_Process
                0x08005e84      0x370 D:\Users\Stoodio 2nd\AppData\Local\Temp\VMBuilds\GateXtal\Arduino_STM32-master_genericSTM32F103C\Release/core.a(usb_core.c.o)
                0x08005e84                Setup0_Process
 .text.Out0_Process
                0x080061f4       0xe8 D:\Users\Stoodio 2nd\AppData\Local\Temp\VMBuilds\GateXtal\Arduino_STM32-master_genericSTM32F103C\Release/core.a(usb_core.c.o)
                0x080061f4                Out0_Process
 .text.SetDeviceAddress
                0x080062dc       0x38 D:\Users\Stoodio 2nd\AppData\Local\Temp\VMBuilds\GateXtal\Arduino_STM32-master_genericSTM32F103C\Release/core.a(usb_core.c.o)
                0x080062dc                SetDeviceAddress
 .text.In0_Process
                0x08006314       0x70 D:\Users\Stoodio 2nd\AppData\Local\Temp\VMBuilds\GateXtal\Arduino_STM32-master_genericSTM32F103C\Release/core.a(usb_core.c.o)
                0x08006314                In0_Process
 .text.NOP_Process
                0x08006384        0x4 D:\Users\Stoodio 2nd\AppData\Local\Temp\VMBuilds\GateXtal\Arduino_STM32-master_genericSTM32F103C\Release/core.a(usb_core.c.o)
                0x08006384                NOP_Process
 .text.UserToPMABufferCopy
                0x08006388       0x3c D:\Users\Stoodio 2nd\AppData\Local\Temp\VMBuilds\GateXtal\Arduino_STM32-master_genericSTM32F103C\Release/core.a(usb_mem.c.o)
                0x08006388                UserToPMABufferCopy
 .text.PMAToUserBufferCopy
                0x080063c4       0x20 D:\Users\Stoodio 2nd\AppData\Local\Temp\VMBuilds\GateXtal\Arduino_STM32-master_genericSTM32F103C\Release/core.a(usb_mem.c.o)
                0x080063c4                PMAToUserBufferCopy
 .text.SetEPTxStatus
                0x080063e4       0x2c D:\Users\Stoodio 2nd\AppData\Local\Temp\VMBuilds\GateXtal\Arduino_STM32-master_genericSTM32F103C\Release/core.a(usb_regs.c.o)
                0x080063e4                SetEPTxStatus
 .text.ClearDTOG_RX
                0x08006410       0x20 D:\Users\Stoodio 2nd\AppData\Local\Temp\VMBuilds\GateXtal\Arduino_STM32-master_genericSTM32F103C\Release/core.a(usb_regs.c.o)
                0x08006410                ClearDTOG_RX
 .text.ClearDTOG_TX
                0x08006430       0x20 D:\Users\Stoodio 2nd\AppData\Local\Temp\VMBuilds\GateXtal\Arduino_STM32-master_genericSTM32F103C\Release/core.a(usb_regs.c.o)
                0x08006430                ClearDTOG_TX
 .text.GetEPTxAddr
                0x08006450       0x1c D:\Users\Stoodio 2nd\AppData\Local\Temp\VMBuilds\GateXtal\Arduino_STM32-master_genericSTM32F103C\Release/core.a(usb_regs.c.o)
                0x08006450                GetEPTxAddr
 .text.GetEPRxAddr
                0x0800646c       0x1c D:\Users\Stoodio 2nd\AppData\Local\Temp\VMBuilds\GateXtal\Arduino_STM32-master_genericSTM32F103C\Release/core.a(usb_regs.c.o)
                0x0800646c                GetEPRxAddr
 .text.SetEPTxCount
                0x08006488       0x1c D:\Users\Stoodio 2nd\AppData\Local\Temp\VMBuilds\GateXtal\Arduino_STM32-master_genericSTM32F103C\Release/core.a(usb_regs.c.o)
                0x08006488                SetEPTxCount
 .text.SetEPRxCount
                0x080064a4       0x44 D:\Users\Stoodio 2nd\AppData\Local\Temp\VMBuilds\GateXtal\Arduino_STM32-master_genericSTM32F103C\Release/core.a(usb_regs.c.o)
                0x080064a4                SetEPRxCount
 .text._ZN14HardwareSerial4readEv
                0x080064e8       0x58 D:\Users\Stoodio 2nd\AppData\Local\Temp\VMBuilds\GateXtal\Arduino_STM32-master_genericSTM32F103C\Release/core.a(HardwareSerial.cpp.o)
                0x080064e8                HardwareSerial::read()
 .text._ZN14HardwareSerial9availableEv
                0x08006540       0x30 D:\Users\Stoodio 2nd\AppData\Local\Temp\VMBuilds\GateXtal\Arduino_STM32-master_genericSTM32F103C\Release/core.a(HardwareSerial.cpp.o)
                0x08006540                HardwareSerial::available()
 .text._ZN14HardwareSerial4peekEv
                0x08006570       0x24 D:\Users\Stoodio 2nd\AppData\Local\Temp\VMBuilds\GateXtal\Arduino_STM32-master_genericSTM32F103C\Release/core.a(HardwareSerial.cpp.o)
                0x08006570                HardwareSerial::peek()
 .text._ZN14HardwareSerial5flushEv
                0x08006594       0x1c D:\Users\Stoodio 2nd\AppData\Local\Temp\VMBuilds\GateXtal\Arduino_STM32-master_genericSTM32F103C\Release/core.a(HardwareSerial.cpp.o)
                0x08006594                HardwareSerial::flush()
 .text._ZN14HardwareSerial5writeEh
                0x080065b0       0x20 D:\Users\Stoodio 2nd\AppData\Local\Temp\VMBuilds\GateXtal\Arduino_STM32-master_genericSTM32F103C\Release/core.a(HardwareSerial.cpp.o)
                0x080065b0                HardwareSerial::write(unsigned char)
 .text._ZN14HardwareSerialC2EP9usart_devhh
                0x080065d0       0x20 D:\Users\Stoodio 2nd\AppData\Local\Temp\VMBuilds\GateXtal\Arduino_STM32-master_genericSTM32F103C\Release/core.a(HardwareSerial.cpp.o)
                0x080065d0                HardwareSerial::HardwareSerial(usart_dev*, unsigned char, unsigned char)
                0x080065d0                HardwareSerial::HardwareSerial(usart_dev*, unsigned char, unsigned char)
 .text._ZN14HardwareSerial5beginEmh
                0x080065f0       0x7c D:\Users\Stoodio 2nd\AppData\Local\Temp\VMBuilds\GateXtal\Arduino_STM32-master_genericSTM32F103C\Release/core.a(HardwareSerial.cpp.o)
                0x080065f0                HardwareSerial::begin(unsigned long, unsigned char)
 .text._ZN14HardwareSerial5beginEm
                0x0800666c        0x8 D:\Users\Stoodio 2nd\AppData\Local\Temp\VMBuilds\GateXtal\Arduino_STM32-master_genericSTM32F103C\Release/core.a(HardwareSerial.cpp.o)
                0x0800666c                HardwareSerial::begin(unsigned long)
 .text.set_this_dev
                0x08006674       0x1c D:\Users\Stoodio 2nd\AppData\Local\Temp\VMBuilds\GateXtal\Arduino_STM32-master_genericSTM32F103C\Release/core.a(HardwareTimer.cpp.o)
 .text._ZN13HardwareTimerC2Eh
                0x08006690       0x2c D:\Users\Stoodio 2nd\AppData\Local\Temp\VMBuilds\GateXtal\Arduino_STM32-master_genericSTM32F103C\Release/core.a(HardwareTimer.cpp.o)
                0x08006690                HardwareTimer::HardwareTimer(unsigned char)
                0x08006690                HardwareTimer::HardwareTimer(unsigned char)
 .text._ZN13HardwareTimer5pauseEv
                0x080066bc       0x10 D:\Users\Stoodio 2nd\AppData\Local\Temp\VMBuilds\GateXtal\Arduino_STM32-master_genericSTM32F103C\Release/core.a(HardwareTimer.cpp.o)
                0x080066bc                HardwareTimer::pause()
 .text._ZN13HardwareTimer6resumeEv
                0x080066cc       0x10 D:\Users\Stoodio 2nd\AppData\Local\Temp\VMBuilds\GateXtal\Arduino_STM32-master_genericSTM32F103C\Release/core.a(HardwareTimer.cpp.o)
                0x080066cc                HardwareTimer::resume()
 .text._ZN13HardwareTimer17setPrescaleFactorEm
                0x080066dc        0xc D:\Users\Stoodio 2nd\AppData\Local\Temp\VMBuilds\GateXtal\Arduino_STM32-master_genericSTM32F103C\Release/core.a(HardwareTimer.cpp.o)
                0x080066dc                HardwareTimer::setPrescaleFactor(unsigned long)
 .text._ZN13HardwareTimer11setOverflowEt
                0x080066e8        0x8 D:\Users\Stoodio 2nd\AppData\Local\Temp\VMBuilds\GateXtal\Arduino_STM32-master_genericSTM32F103C\Release/core.a(HardwareTimer.cpp.o)
                0x080066e8                HardwareTimer::setOverflow(unsigned short)
 .text._ZN13HardwareTimer9setPeriodEm
                0x080066f0       0x4c D:\Users\Stoodio 2nd\AppData\Local\Temp\VMBuilds\GateXtal\Arduino_STM32-master_genericSTM32F103C\Release/core.a(HardwareTimer.cpp.o)
                0x080066f0                HardwareTimer::setPeriod(unsigned long)
 .text._ZN13HardwareTimer7setModeEi10timer_mode
                0x0800673c        0x8 D:\Users\Stoodio 2nd\AppData\Local\Temp\VMBuilds\GateXtal\Arduino_STM32-master_genericSTM32F103C\Release/core.a(HardwareTimer.cpp.o)
                0x0800673c                HardwareTimer::setMode(int, timer_mode)
 .text._ZN13HardwareTimer10setCompareEit
                0x08006744       0x20 D:\Users\Stoodio 2nd\AppData\Local\Temp\VMBuilds\GateXtal\Arduino_STM32-master_genericSTM32F103C\Release/core.a(HardwareTimer.cpp.o)
                0x08006744                HardwareTimer::setCompare(int, unsigned short)
 .text._ZN13HardwareTimer15attachInterruptEiPFvvE
                0x08006764        0x8 D:\Users\Stoodio 2nd\AppData\Local\Temp\VMBuilds\GateXtal\Arduino_STM32-master_genericSTM32F103C\Release/core.a(HardwareTimer.cpp.o)
                0x08006764                HardwareTimer::attachInterrupt(int, void (*)())
 .text._ZN13HardwareTimer7refreshEv
                0x0800676c       0x14 D:\Users\Stoodio 2nd\AppData\Local\Temp\VMBuilds\GateXtal\Arduino_STM32-master_genericSTM32F103C\Release/core.a(HardwareTimer.cpp.o)
                0x0800676c                HardwareTimer::refresh()
 .text.startup._GLOBAL__sub_I__ZN13HardwareTimerC2Eh
                0x08006780       0x90 D:\Users\Stoodio 2nd\AppData\Local\Temp\VMBuilds\GateXtal\Arduino_STM32-master_genericSTM32F103C\Release/core.a(HardwareTimer.cpp.o)
 .text.startup._Z7premainv
                0x08006810        0x4 D:\Users\Stoodio 2nd\AppData\Local\Temp\VMBuilds\GateXtal\Arduino_STM32-master_genericSTM32F103C\Release/core.a(main.cpp.o)
                0x08006810                premain()
 .text.startup.main
                0x08006814        0xc D:\Users\Stoodio 2nd\AppData\Local\Temp\VMBuilds\GateXtal\Arduino_STM32-master_genericSTM32F103C\Release/core.a(main.cpp.o)
                0x08006814                main
 .text._ZN5Print5writeEPKc
                0x08006820       0x28 D:\Users\Stoodio 2nd\AppData\Local\Temp\VMBuilds\GateXtal\Arduino_STM32-master_genericSTM32F103C\Release/core.a(Print.cpp.o)
                0x08006820                Print::write(char const*)
 .text._ZN5Print5writeEPKvm
                0x08006848       0x20 D:\Users\Stoodio 2nd\AppData\Local\Temp\VMBuilds\GateXtal\Arduino_STM32-master_genericSTM32F103C\Release/core.a(Print.cpp.o)
                0x08006848                Print::write(void const*, unsigned long)
 .text._Z8pwmWriteht
                0x08006868       0x24 D:\Users\Stoodio 2nd\AppData\Local\Temp\VMBuilds\GateXtal\Arduino_STM32-master_genericSTM32F103C\Release/core.a(pwm.cpp.o)
                0x08006868                pwmWrite(unsigned char, unsigned short)
 .text._ZN9USBSerial9availableEv
                0x0800688c        0x4 D:\Users\Stoodio 2nd\AppData\Local\Temp\VMBuilds\GateXtal\Arduino_STM32-master_genericSTM32F103C\Release/core.a(usb_serial.cpp.o)
                0x0800688c                USBSerial::available()
 .text._ZN9USBSerial4peekEv
                0x08006890       0x20 D:\Users\Stoodio 2nd\AppData\Local\Temp\VMBuilds\GateXtal\Arduino_STM32-master_genericSTM32F103C\Release/core.a(usb_serial.cpp.o)
                0x08006890                USBSerial::peek()
 .text._ZN9USBSerial4readEv
                0x080068b0       0x20 D:\Users\Stoodio 2nd\AppData\Local\Temp\VMBuilds\GateXtal\Arduino_STM32-master_genericSTM32F103C\Release/core.a(usb_serial.cpp.o)
                0x080068b0                USBSerial::read()
 .text._ZN9USBSerial5flushEv
                0x080068d0       0x28 D:\Users\Stoodio 2nd\AppData\Local\Temp\VMBuilds\GateXtal\Arduino_STM32-master_genericSTM32F103C\Release/core.a(usb_serial.cpp.o)
                0x080068d0                USBSerial::flush()
 .text._ZN9USBSerialcvbEv
                0x080068f8       0x20 D:\Users\Stoodio 2nd\AppData\Local\Temp\VMBuilds\GateXtal\Arduino_STM32-master_genericSTM32F103C\Release/core.a(usb_serial.cpp.o)
                0x080068f8                USBSerial::operator bool()
 .text._ZN9USBSerial5writeEPKhm
                0x08006918       0x24 D:\Users\Stoodio 2nd\AppData\Local\Temp\VMBuilds\GateXtal\Arduino_STM32-master_genericSTM32F103C\Release/core.a(usb_serial.cpp.o)
                0x08006918                USBSerial::write(unsigned char const*, unsigned long)
 .text._ZN9USBSerial5writeEh
                0x0800693c       0x1c D:\Users\Stoodio 2nd\AppData\Local\Temp\VMBuilds\GateXtal\Arduino_STM32-master_genericSTM32F103C\Release/core.a(usb_serial.cpp.o)
                0x0800693c                USBSerial::write(unsigned char)
 .text._ZN9USBSerial5writeEPKc
                0x08006958       0x1c D:\Users\Stoodio 2nd\AppData\Local\Temp\VMBuilds\GateXtal\Arduino_STM32-master_genericSTM32F103C\Release/core.a(usb_serial.cpp.o)
                0x08006958                USBSerial::write(char const*)
 .text.startup._GLOBAL__sub_I__ZN9USBSerial9_hasBegunE
                0x08006974       0x1c D:\Users\Stoodio 2nd\AppData\Local\Temp\VMBuilds\GateXtal\Arduino_STM32-master_genericSTM32F103C\Release/core.a(usb_serial.cpp.o)
 .text._Z11digitalReadh
                0x08006990       0x2c D:\Users\Stoodio 2nd\AppData\Local\Temp\VMBuilds\GateXtal\Arduino_STM32-master_genericSTM32F103C\Release/core.a(wirish_digital.cpp.o)
                0x08006990                digitalRead(unsigned char)
 .text._Z12digitalWritehh
                0x080069bc       0x34 D:\Users\Stoodio 2nd\AppData\Local\Temp\VMBuilds\GateXtal\Arduino_STM32-master_genericSTM32F103C\Release/core.a(wirish_digital.cpp.o)
                0x080069bc                digitalWrite(unsigned char, unsigned char)
 .text._Z7pinModeh13WiringPinMode
                0x080069f0       0xa8 D:\Users\Stoodio 2nd\AppData\Local\Temp\VMBuilds\GateXtal\Arduino_STM32-master_genericSTM32F103C\Release/core.a(wirish_digital_f1.cpp.o)
                0x080069f0                pinMode(unsigned char, WiringPinMode)
 .text.gpio_init
                0x08006a98       0x14 D:\Users\Stoodio 2nd\AppData\Local\Temp\VMBuilds\GateXtal\Arduino_STM32-master_genericSTM32F103C\Release/core.a(gpio.c.o)